Archive member included to satisfy reference by file (symbol)

c:/mounriver/mounriver_studio/toolchain/risc-v embedded gcc/bin/../lib/gcc/riscv-none-embed/8.2.0/../../../../riscv-none-embed/lib/rv32imacxw/ilp32\libm.a(lib_a-w_asin.o)
                              ./HardWare/inv_mpu/inv_mpu.o (asin)
c:/mounriver/mounriver_studio/toolchain/risc-v embedded gcc/bin/../lib/gcc/riscv-none-embed/8.2.0/../../../../riscv-none-embed/lib/rv32imacxw/ilp32\libm.a(lib_a-w_atan2.o)
                              ./HardWare/inv_mpu/inv_mpu.o (atan2)
c:/mounriver/mounriver_studio/toolchain/risc-v embedded gcc/bin/../lib/gcc/riscv-none-embed/8.2.0/../../../../riscv-none-embed/lib/rv32imacxw/ilp32\libm.a(lib_a-e_asin.o)
                              c:/mounriver/mounriver_studio/toolchain/risc-v embedded gcc/bin/../lib/gcc/riscv-none-embed/8.2.0/../../../../riscv-none-embed/lib/rv32imacxw/ilp32\libm.a(lib_a-w_asin.o) (__ieee754_asin)
c:/mounriver/mounriver_studio/toolchain/risc-v embedded gcc/bin/../lib/gcc/riscv-none-embed/8.2.0/../../../../riscv-none-embed/lib/rv32imacxw/ilp32\libm.a(lib_a-e_atan2.o)
                              c:/mounriver/mounriver_studio/toolchain/risc-v embedded gcc/bin/../lib/gcc/riscv-none-embed/8.2.0/../../../../riscv-none-embed/lib/rv32imacxw/ilp32\libm.a(lib_a-w_atan2.o) (__ieee754_atan2)
c:/mounriver/mounriver_studio/toolchain/risc-v embedded gcc/bin/../lib/gcc/riscv-none-embed/8.2.0/../../../../riscv-none-embed/lib/rv32imacxw/ilp32\libm.a(lib_a-e_sqrt.o)
                              c:/mounriver/mounriver_studio/toolchain/risc-v embedded gcc/bin/../lib/gcc/riscv-none-embed/8.2.0/../../../../riscv-none-embed/lib/rv32imacxw/ilp32\libm.a(lib_a-e_asin.o) (__ieee754_sqrt)
c:/mounriver/mounriver_studio/toolchain/risc-v embedded gcc/bin/../lib/gcc/riscv-none-embed/8.2.0/../../../../riscv-none-embed/lib/rv32imacxw/ilp32\libm.a(lib_a-s_atan.o)
                              c:/mounriver/mounriver_studio/toolchain/risc-v embedded gcc/bin/../lib/gcc/riscv-none-embed/8.2.0/../../../../riscv-none-embed/lib/rv32imacxw/ilp32\libm.a(lib_a-e_atan2.o) (atan)
c:/mounriver/mounriver_studio/toolchain/risc-v embedded gcc/bin/../lib/gcc/riscv-none-embed/8.2.0/../../../../riscv-none-embed/lib/rv32imacxw/ilp32\libm.a(lib_a-s_fabs.o)
                              c:/mounriver/mounriver_studio/toolchain/risc-v embedded gcc/bin/../lib/gcc/riscv-none-embed/8.2.0/../../../../riscv-none-embed/lib/rv32imacxw/ilp32\libm.a(lib_a-w_asin.o) (fabs)
c:/mounriver/mounriver_studio/toolchain/risc-v embedded gcc/bin/../lib/gcc/riscv-none-embed/8.2.0/../../../../riscv-none-embed/lib/rv32imacxw/ilp32\libm.a(lib_a-s_lib_ver.o)
                              c:/mounriver/mounriver_studio/toolchain/risc-v embedded gcc/bin/../lib/gcc/riscv-none-embed/8.2.0/../../../../riscv-none-embed/lib/rv32imacxw/ilp32\libm.a(lib_a-w_asin.o) (__fdlib_version)
c:/mounriver/mounriver_studio/toolchain/risc-v embedded gcc/bin/../lib/gcc/riscv-none-embed/8.2.0/../../../../riscv-none-embed/lib/rv32imacxw/ilp32\libm.a(lib_a-s_matherr.o)
                              c:/mounriver/mounriver_studio/toolchain/risc-v embedded gcc/bin/../lib/gcc/riscv-none-embed/8.2.0/../../../../riscv-none-embed/lib/rv32imacxw/ilp32\libm.a(lib_a-w_asin.o) (matherr)
c:/mounriver/mounriver_studio/toolchain/risc-v embedded gcc/bin/../lib/gcc/riscv-none-embed/8.2.0/../../../../riscv-none-embed/lib/rv32imacxw/ilp32\libm.a(lib_a-s_nan.o)
                              c:/mounriver/mounriver_studio/toolchain/risc-v embedded gcc/bin/../lib/gcc/riscv-none-embed/8.2.0/../../../../riscv-none-embed/lib/rv32imacxw/ilp32\libm.a(lib_a-w_asin.o) (nan)
c:/mounriver/mounriver_studio/toolchain/risc-v embedded gcc/bin/../lib/gcc/riscv-none-embed/8.2.0/rv32imacxw/ilp32\libgcc.a(_divdi3.o)
                              ./HardWare/inv_mpu/inv_mpu.o (__divdi3)
c:/mounriver/mounriver_studio/toolchain/risc-v embedded gcc/bin/../lib/gcc/riscv-none-embed/8.2.0/rv32imacxw/ilp32\libgcc.a(adddf3.o)
                              ./HardWare/MPU6050/MPU6050.o (__adddf3)
c:/mounriver/mounriver_studio/toolchain/risc-v embedded gcc/bin/../lib/gcc/riscv-none-embed/8.2.0/rv32imacxw/ilp32\libgcc.a(divdf3.o)
                              ./HardWare/MPU6050/MPU6050.o (__divdf3)
c:/mounriver/mounriver_studio/toolchain/risc-v embedded gcc/bin/../lib/gcc/riscv-none-embed/8.2.0/rv32imacxw/ilp32\libgcc.a(gedf2.o)
                              c:/mounriver/mounriver_studio/toolchain/risc-v embedded gcc/bin/../lib/gcc/riscv-none-embed/8.2.0/../../../../riscv-none-embed/lib/rv32imacxw/ilp32\libm.a(lib_a-w_asin.o) (__gtdf2)
c:/mounriver/mounriver_studio/toolchain/risc-v embedded gcc/bin/../lib/gcc/riscv-none-embed/8.2.0/rv32imacxw/ilp32\libgcc.a(muldf3.o)
                              ./HardWare/inv_mpu/inv_mpu.o (__muldf3)
c:/mounriver/mounriver_studio/toolchain/risc-v embedded gcc/bin/../lib/gcc/riscv-none-embed/8.2.0/rv32imacxw/ilp32\libgcc.a(subdf3.o)
[...]
Memory Configuration

Name             Origin             Length             Attributes
FLASH            0x0000000000000000 0x0000000000048000 xr
RAM              0x0000000020000000 0x0000000000008000 xrw
*default*        0x0000000000000000 0xffffffffffffffff

Linker script and memory map

LOAD ./User/ch32v30x_it.o
LOAD ./User/main.o
LOAD ./User/system_ch32v30x.o
LOAD ./Startup/startup_ch32v30x_D8C.o
LOAD ./Peripheral/src/ch32v30x_adc.o
LOAD ./Peripheral/src/ch32v30x_bkp.o
LOAD ./Peripheral/src/ch32v30x_can.o
LOAD ./Peripheral/src/ch32v30x_crc.o
LOAD ./Peripheral/src/ch32v30x_dac.o
LOAD ./Peripheral/src/ch32v30x_dbgmcu.o
LOAD ./Peripheral/src/ch32v30x_dma.o
LOAD ./Peripheral/src/ch32v30x_dvp.o
LOAD ./Peripheral/src/ch32v30x_eth.o
LOAD ./Peripheral/src/ch32v30x_exti.o
LOAD ./Peripheral/src/ch32v30x_flash.o
LOAD ./Peripheral/src/ch32v30x_fsmc.o
LOAD ./Peripheral/src/ch32v30x_gpio.o
LOAD ./Peripheral/src/ch32v30x_i2c.o
LOAD ./Peripheral/src/ch32v30x_iwdg.o
LOAD ./Peripheral/src/ch32v30x_misc.o
LOAD ./Peripheral/src/ch32v30x_opa.o
LOAD ./Peripheral/src/ch32v30x_pwr.o
LOAD ./Peripheral/src/ch32v30x_rcc.o
LOAD ./Peripheral/src/ch32v30x_rng.o
LOAD ./Peripheral/src/ch32v30x_rtc.o
LOAD ./Peripheral/src/ch32v30x_sdio.o
LOAD ./Peripheral/src/ch32v30x_spi.o
LOAD ./Peripheral/src/ch32v30x_tim.o
LOAD ./Peripheral/src/ch32v30x_usart.o
LOAD ./Peripheral/src/ch32v30x_wwdg.o
LOAD ./HardWare/nmswj/nmswj.o
LOAD ./HardWare/inv_mpu_dmp_motion_driver/inv_mpu_dmp_motion_driver.o
LOAD ./HardWare/inv_mpu/inv_mpu.o
LOAD ./HardWare/USART2/USART2.o
LOAD ./HardWare/UART4/UART4.o
LOAD ./HardWare/TIM2/TIM2.o
LOAD ./HardWare/MPU6050IIC/MPU6050IIC.o
LOAD ./HardWare/MPU6050/MPU6050.o
LOAD ./HardWare/IWDG/IWDG.o
LOAD ./Debug/debug.o
LOAD ./Core/core_riscv.o
LOAD c:/mounriver/mounriver_studio/toolchain/risc-v embedded gcc/bin/../lib/gcc/riscv-none-embed/8.2.0/../../../../riscv-none-embed/lib/rv32imacxw/ilp32\libm.a
LOAD c:/mounriver/mounriver_studio/toolchain/risc-v embedded gcc/bin/../lib/gcc/riscv-none-embed/8.2.0/rv32imacxw/ilp32\libgcc.a
LOAD c:/mounriver/mounriver_studio/toolchain/risc-v embedded gcc/bin/../lib/gcc/riscv-none-embed/8.2.0/../../../../riscv-none-embed/lib/rv32imacxw/ilp32\libg_nano.a
LOAD c:/mounriver/mounriver_studio/toolchain/risc-v embedded gcc/bin/../lib/gcc/riscv-none-embed/8.2.0/../../../../riscv-none-embed/lib/rv32imacxw/ilp32\libc_nano.a
LOAD c:/mounriver/mounriver_studio/toolchain/risc-v embedded gcc/bin/../lib/gcc/riscv-none-embed/8.2.0/rv32imacxw/ilp32\libgcc.a
START GROUP
LOAD c:/mounriver/mounriver_studio/toolchain/risc-v embedded gcc/bin/../lib/gcc/riscv-none-embed/8.2.0/rv32imacxw/ilp32\libgcc.a
LOAD c:/mounriver/mounriver_studio/toolchain/risc-v embedded gcc/bin/../lib/gcc/riscv-none-embed/8.2.0/../../../../riscv-none-embed/lib/rv32imacxw/ilp32\libc_nano.a
LOAD c:/mounriver/mounriver_studio/toolchain/risc-v embedded gcc/bin/../lib/gcc/riscv-none-embed/8.2.0/../../../../riscv-none-embed/lib/rv32imacxw/ilp32\libnosys.a
END GROUP
START GROUP
LOAD c:/mounriver/mounriver_studio/toolchain/risc-v embedded gcc/bin/../lib/gcc/riscv-none-embed/8.2.0/rv32imacxw/ilp32\libgcc.a
LOAD c:/mounriver/mounriver_studio/toolchain/risc-v embedded gcc/bin/../lib/gcc/riscv-none-embed/8.2.0/../../../../riscv-none-embed/lib/rv32imacxw/ilp32\libc_nano.a
LOAD c:/mounriver/mounriver_studio/toolchain/risc-v embedded gcc/bin/../lib/gcc/riscv-none-embed/8.2.0/../../../../riscv-none-embed/lib/rv32imacxw/ilp32\libnosys.a
END GROUP
                0x0000000000000800                __stack_size = 0x800
                [!provide]                        PROVIDE (_stack_size = __stack_size)

.init           0x0000000000000000       0x38
                0x0000000000000000                _sinit = .
                0x0000000000000000                . = ALIGN (0x4)
 *(SORT_NONE(.init))
 .init          0x0000000000000000       0x38 ./Startup/startup_ch32v30x_D8C.o
                0x0000000000000000                _start
                0x0000000000000038                . = ALIGN (0x4)
                0x0000000000000038                _einit = .

.vector         0x0000000000000038      0x1c8
 *(.vector)
 .vector        0x0000000000000038      0x1a0 ./Startup/startup_ch32v30x_D8C.o
                0x0000000000000200                . = ALIGN (0x40)
 *fill*         0x00000000000001d8       0x28 

.text           0x0000000000000200     0xddd4
                0x0000000000000200                . = ALIGN (0x4)
 *(.text)
 .text          0x0000000000000200       0x60 c:/mounriver/mounriver_studio/toolchain/risc-v embedded gcc/bin/../lib/gcc/riscv-none-embed/8.2.0/rv32imacxw/ilp32\libgcc.a(save-restore.o)
                0x0000000000000200                __riscv_save_12
                0x0000000000000208                __riscv_save_9
                0x0000000000000208                __riscv_save_11
                0x0000000000000208                __riscv_save_10
                0x0000000000000208                __riscv_save_8
                0x0000000000000216                __riscv_save_4
                0x0000000000000216                __riscv_save_6
                0x0000000000000216                __riscv_save_5
                0x0000000000000216                __riscv_save_7
                0x0000000000000230                __riscv_save_3
                0x0000000000000230                __riscv_save_2
                0x0000000000000230                __riscv_save_1
                0x0000000000000230                __riscv_save_0
                0x000000000000023c                __riscv_restore_12
                0x0000000000000240                __riscv_restore_11
                0x0000000000000240                __riscv_restore_9
                0x0000000000000240                __riscv_restore_10
                0x0000000000000240                __riscv_restore_8
                0x000000000000024a                __riscv_restore_5
                0x000000000000024a                __riscv_restore_7
                0x000000000000024a                __riscv_restore_6
                0x000000000000024a                __riscv_restore_4
                0x0000000000000254                __riscv_restore_3
                0x0000000000000254                __riscv_restore_0
                0x0000000000000254                __riscv_restore_2
                0x0000000000000254                __riscv_restore_1
 .text          0x0000000000000260       0xa8 c:/mounriver/mounriver_studio/toolchain/risc-v embedded gcc/bin/../lib/gcc/riscv-none-embed/8.2.0/../../../../riscv-none-embed/lib/rv32imacxw/ilp32\libg_nano.a(lib_a-memset.o)
                0x0000000000000260                memset
 *(.text.*)
 .text.NMI_Handler
                0x0000000000000308        0x4 ./User/ch32v30x_it.o
                0x0000000000000308                NMI_Handler
 .text.HardFault_Handler
                0x000000000000030c        0x2 ./User/ch32v30x_it.o
                0x000000000000030c                HardFault_Handler
 .text.startup.main
                0x000000000000030e      0x1c0 ./User/main.o
                0x000000000000030e                main
 .text.SystemInit
                0x00000000000004ce       0xfa ./User/system_ch32v30x.o
                0x00000000000004ce                SystemInit
 .text.SystemCoreClockUpdate
                0x00000000000005c8       0xbe ./User/system_ch32v30x.o
                0x00000000000005c8                SystemCoreClockUpdate
 .text.vector_handler
                0x0000000000000686       0xbe ./Startup/startup_ch32v30x_D8C.o
                0x000000000000068a                Ecall_M_Mode_Handler
                0x000000000000068c                Ecall_U_Mode_Handler
                0x000000000000068e                Break_Point_Handler
                0x0000000000000690                SysTick_Handler
                0x0000000000000692                SW_Handler
                0x0000000000000694                WWDG_IRQHandler
                0x0000000000000696                PVD_IRQHandler
                0x0000000000000698                TAMPER_IRQHandler
                0x000000000000069a                RTC_IRQHandler
                0x000000000000069c                FLASH_IRQHandler
                0x000000000000069e                RCC_IRQHandler
                0x00000000000006a0                EXTI0_IRQHandler
                0x00000000000006a2                EXTI1_IRQHandler
                0x00000000000006a4                EXTI2_IRQHandler
                0x00000000000006a6                EXTI3_IRQHandler
                0x00000000000006a8                EXTI4_IRQHandler
                0x00000000000006aa                DMA1_Channel1_IRQHandler
                0x00000000000006ac                DMA1_Channel2_IRQHandler
                0x00000000000006ae                DMA1_Channel3_IRQHandler
                0x00000000000006b0                DMA1_Channel4_IRQHandler
                0x00000000000006b2                DMA1_Channel5_IRQHandler
                0x00000000000006b4                DMA1_Channel6_IRQHandler
                0x00000000000006b6                DMA1_Channel7_IRQHandler
                0x00000000000006b8                ADC1_2_IRQHandler
                0x00000000000006ba                USB_HP_CAN1_TX_IRQHandler
                0x00000000000006bc                USB_LP_CAN1_RX0_IRQHandler
                0x00000000000006be                CAN1_RX1_IRQHandler
                0x00000000000006c0                CAN1_SCE_IRQHandler
                0x00000000000006c2                EXTI9_5_IRQHandler
                0x00000000000006c4                TIM1_BRK_IRQHandler
                0x00000000000006c6                TIM1_UP_IRQHandler
                0x00000000000006c8                TIM1_TRG_COM_IRQHandler
                0x00000000000006ca                TIM1_CC_IRQHandler
                0x00000000000006ce                TIM3_IRQHandler
                0x00000000000006d0                TIM4_IRQHandler
                0x00000000000006d2                I2C1_EV_IRQHandler
                0x00000000000006d4                I2C1_ER_IRQHandler
                0x00000000000006d6                I2C2_EV_IRQHandler
                0x00000000000006d8                I2C2_ER_IRQHandler
                0x00000000000006da                SPI1_IRQHandler
                0x00000000000006dc                SPI2_IRQHandler
                0x00000000000006de                USART1_IRQHandler
                0x00000000000006e0                USART2_IRQHandler
                0x00000000000006e2                USART3_IRQHandler
                0x00000000000006e4                EXTI15_10_IRQHandler
                0x00000000000006e6                RTCAlarm_IRQHandler
                0x00000000000006e8                USBWakeUp_IRQHandler
                0x00000000000006ea                TIM8_BRK_IRQHandler
                0x00000000000006ec                TIM8_UP_IRQHandler
                0x00000000000006ee                TIM8_TRG_COM_IRQHandler
                0x00000000000006f0                TIM8_CC_IRQHandler
                0x00000000000006f2                RNG_IRQHandler
                0x00000000000006f4                FSMC_IRQHandler
                0x00000000000006f6                SDIO_IRQHandler
                0x00000000000006f8                TIM5_IRQHandler
                0x00000000000006fa                SPI3_IRQHandler
                0x00000000000006fc                UART4_IRQHandler
                0x00000000000006fe                UART5_IRQHandler
                0x0000000000000700                TIM6_IRQHandler
                0x0000000000000702                TIM7_IRQHandler
                0x0000000000000704                DMA2_Channel1_IRQHandler
                0x0000000000000706                DMA2_Channel2_IRQHandler
                0x0000000000000708                DMA2_Channel3_IRQHandler
                0x000000000000070a                DMA2_Channel4_IRQHandler
                0x000000000000070c                DMA2_Channel5_IRQHandler
                0x000000000000070e                ETH_IRQHandler
                0x0000000000000710                ETH_WKUP_IRQHandler
                0x0000000000000712                CAN2_TX_IRQHandler
                0x0000000000000714                CAN2_RX0_IRQHandler
                0x0000000000000716                CAN2_RX1_IRQHandler
                0x0000000000000718                CAN2_SCE_IRQHandler
                0x000000000000071a                OTG_FS_IRQHandler
                0x000000000000071c                USBHSWakeup_IRQHandler
                0x000000000000071e                USBHS_IRQHandler
                0x0000000000000720                DVP_IRQHandler
                0x0000000000000722                UART6_IRQHandler
                0x0000000000000724                UART7_IRQHandler
                0x0000000000000726                UART8_IRQHandler
                0x0000000000000728                TIM9_BRK_IRQHandler
                0x000000000000072a                TIM9_UP_IRQHandler
                0x000000000000072c                TIM9_TRG_COM_IRQHandler
                0x000000000000072e                TIM9_CC_IRQHandler
                0x0000000000000730                TIM10_BRK_IRQHandler
                0x0000000000000732                TIM10_UP_IRQHandler
                0x0000000000000734                TIM10_TRG_COM_IRQHandler
                0x0000000000000736                TIM10_CC_IRQHandler
                0x0000000000000738                DMA2_Channel6_IRQHandler
                0x000000000000073a                DMA2_Channel7_IRQHandler
                0x000000000000073c                DMA2_Channel8_IRQHandler
                0x000000000000073e                DMA2_Channel9_IRQHandler
                0x0000000000000740                DMA2_Channel10_IRQHandler
                0x0000000000000742                DMA2_Channel11_IRQHandler
 .text.handle_reset
                0x0000000000000744       0x8a ./Startup/startup_ch32v30x_D8C.o
                0x0000000000000744                handle_reset
 .text.GPIO_Init
                0x00000000000007ce       0xc0 ./Peripheral/src/ch32v30x_gpio.o
                0x00000000000007ce                GPIO_Init
 .text.GPIO_ReadInputDataBit
                0x000000000000088e        0xa ./Peripheral/src/ch32v30x_gpio.o
                0x000000000000088e                GPIO_ReadInputDataBit
 .text.GPIO_SetBits
                0x0000000000000898        0x4 ./Peripheral/src/ch32v30x_gpio.o
                0x0000000000000898                GPIO_SetBits
 .text.GPIO_ResetBits
                0x000000000000089c        0x4 ./Peripheral/src/ch32v30x_gpio.o
                0x000000000000089c                GPIO_ResetBits
 .text.IWDG_WriteAccessCmd
                0x00000000000008a0        0x8 ./Peripheral/src/ch32v30x_iwdg.o
                0x00000000000008a0                IWDG_WriteAccessCmd
 .text.IWDG_SetPrescaler
                0x00000000000008a8        0x8 ./Peripheral/src/ch32v30x_iwdg.o
                0x00000000000008a8                IWDG_SetPrescaler
 .text.IWDG_SetReload
                0x00000000000008b0        0x8 ./Peripheral/src/ch32v30x_iwdg.o
                0x00000000000008b0                IWDG_SetReload
 .text.IWDG_ReloadCounter
                0x00000000000008b8        0xe ./Peripheral/src/ch32v30x_iwdg.o
                0x00000000000008b8                IWDG_ReloadCounter
 .text.IWDG_Enable
                0x00000000000008c6        0xe ./Peripheral/src/ch32v30x_iwdg.o
                0x00000000000008c6                IWDG_Enable
 .text.NVIC_PriorityGroupConfig
                0x00000000000008d4        0x6 ./Peripheral/src/ch32v30x_misc.o
                0x00000000000008d4                NVIC_PriorityGroupConfig
 .text.NVIC_Init
                0x00000000000008da       0xa6 ./Peripheral/src/ch32v30x_misc.o
                0x00000000000008da                NVIC_Init
 .text.RCC_GetClocksFreq
                0x0000000000000980      0x176 ./Peripheral/src/ch32v30x_rcc.o
                0x0000000000000980                RCC_GetClocksFreq
 .text.RCC_APB2PeriphClockCmd
                0x0000000000000af6       0x1e ./Peripheral/src/ch32v30x_rcc.o
                0x0000000000000af6                RCC_APB2PeriphClockCmd
 .text.RCC_APB1PeriphClockCmd
                0x0000000000000b14       0x1e ./Peripheral/src/ch32v30x_rcc.o
                0x0000000000000b14                RCC_APB1PeriphClockCmd
 .text.TIM_TimeBaseInit
                0x0000000000000b32       0xaa ./Peripheral/src/ch32v30x_tim.o
                0x0000000000000b32                TIM_TimeBaseInit
 .text.TIM_Cmd  0x0000000000000bdc       0x18 ./Peripheral/src/ch32v30x_tim.o
                0x0000000000000bdc                TIM_Cmd
 .text.TIM_ITConfig
                0x0000000000000bf4       0x12 ./Peripheral/src/ch32v30x_tim.o
                0x0000000000000bf4                TIM_ITConfig
 .text.TIM_GetITStatus
                0x0000000000000c06       0x18 ./Peripheral/src/ch32v30x_tim.o
                0x0000000000000c06                TIM_GetITStatus
 .text.TIM_ClearITPendingBit
                0x0000000000000c1e        0xc ./Peripheral/src/ch32v30x_tim.o
                0x0000000000000c1e                TIM_ClearITPendingBit
 .text.USART_Init
                0x0000000000000c2a       0xba ./Peripheral/src/ch32v30x_usart.o
                0x0000000000000c2a                USART_Init
 .text.USART_Cmd
                0x0000000000000ce4       0x16 ./Peripheral/src/ch32v30x_usart.o
                0x0000000000000ce4                USART_Cmd
 .text.USART_SendData
                0x0000000000000cfa        0x8 ./Peripheral/src/ch32v30x_usart.o
                0x0000000000000cfa                USART_SendData
 .text.USART_GetFlagStatus
                0x0000000000000d02        0xa ./Peripheral/src/ch32v30x_usart.o
                0x0000000000000d02                USART_GetFlagStatus
 .text.dmp_enable_gyro_cal.part.0
                0x0000000000000d0c       0x32 ./HardWare/inv_mpu_dmp_motion_driver/inv_mpu_dmp_motion_driver.o
 .text.dmp_load_motion_driver_firmware
                0x0000000000000d3e       0x20 ./HardWare/inv_mpu_dmp_motion_driver/inv_mpu_dmp_motion_driver.o
                0x0000000000000d3e                dmp_load_motion_driver_firmware
 .text.dmp_set_orientation
                0x0000000000000d5e       0xfa ./HardWare/inv_mpu_dmp_motion_driver/inv_mpu_dmp_motion_driver.o
                0x0000000000000d5e                dmp_set_orientation
 .text.dmp_set_gyro_bias
                0x0000000000000e58       0xf8 ./HardWare/inv_mpu_dmp_motion_driver/inv_mpu_dmp_motion_driver.o
                0x0000000000000e58                dmp_set_gyro_bias
 .text.dmp_set_accel_bias
                0x0000000000000f50       0xfc ./HardWare/inv_mpu_dmp_motion_driver/inv_mpu_dmp_motion_driver.o
                0x0000000000000f50                dmp_set_accel_bias
 .text.dmp_set_fifo_rate
                0x000000000000104c       0x56 ./HardWare/inv_mpu_dmp_motion_driver/inv_mpu_dmp_motion_driver.o
                0x000000000000104c                dmp_set_fifo_rate
 .text.dmp_set_tap_thresh
                0x00000000000010a2      0x18a ./HardWare/inv_mpu_dmp_motion_driver/inv_mpu_dmp_motion_driver.o
                0x00000000000010a2                dmp_set_tap_thresh
 .text.dmp_set_tap_axes
                0x000000000000122c       0x46 ./HardWare/inv_mpu_dmp_motion_driver/inv_mpu_dmp_motion_driver.o
                0x000000000000122c                dmp_set_tap_axes
 .text.dmp_set_tap_count
                0x0000000000001272       0x2e ./HardWare/inv_mpu_dmp_motion_driver/inv_mpu_dmp_motion_driver.o
                0x0000000000001272                dmp_set_tap_count
 .text.dmp_set_tap_time
                0x00000000000012a0       0x28 ./HardWare/inv_mpu_dmp_motion_driver/inv_mpu_dmp_motion_driver.o
                0x00000000000012a0                dmp_set_tap_time
 .text.dmp_set_tap_time_multi
                0x00000000000012c8       0x28 ./HardWare/inv_mpu_dmp_motion_driver/inv_mpu_dmp_motion_driver.o
                0x00000000000012c8                dmp_set_tap_time_multi
 .text.dmp_set_shake_reject_thresh
                0x00000000000012f0       0x3e ./HardWare/inv_mpu_dmp_motion_driver/inv_mpu_dmp_motion_driver.o
                0x00000000000012f0                dmp_set_shake_reject_thresh
 .text.dmp_set_shake_reject_time
                0x000000000000132e       0x28 ./HardWare/inv_mpu_dmp_motion_driver/inv_mpu_dmp_motion_driver.o
                0x000000000000132e                dmp_set_shake_reject_time
 .text.dmp_set_shake_reject_timeout
                0x0000000000001356       0x28 ./HardWare/inv_mpu_dmp_motion_driver/inv_mpu_dmp_motion_driver.o
                0x0000000000001356                dmp_set_shake_reject_timeout
 .text.dmp_enable_gyro_cal
                0x000000000000137e       0x2e ./HardWare/inv_mpu_dmp_motion_driver/inv_mpu_dmp_motion_driver.o
                0x000000000000137e                dmp_enable_gyro_cal
 .text.dmp_enable_lp_quat
                0x00000000000013ac       0x34 ./HardWare/inv_mpu_dmp_motion_driver/inv_mpu_dmp_motion_driver.o
                0x00000000000013ac                dmp_enable_lp_quat
 .text.dmp_enable_6x_lp_quat
                0x00000000000013e0       0x34 ./HardWare/inv_mpu_dmp_motion_driver/inv_mpu_dmp_motion_driver.o
                0x00000000000013e0                dmp_enable_6x_lp_quat
 .text.dmp_enable_feature
                0x0000000000001414      0x1be ./HardWare/inv_mpu_dmp_motion_driver/inv_mpu_dmp_motion_driver.o
                0x0000000000001414                dmp_enable_feature
 .text.dmp_read_fifo
                0x00000000000015d2      0x1c2 ./HardWare/inv_mpu_dmp_motion_driver/inv_mpu_dmp_motion_driver.o
                0x00000000000015d2                dmp_read_fifo
 .text.get_st_biases
                0x0000000000001794      0x39a ./HardWare/inv_mpu/inv_mpu.o
 .text.set_int_enable
                0x0000000000001b2e       0x70 ./HardWare/inv_mpu/inv_mpu.o
 .text.mpu_reset_fifo
                0x0000000000001b9e      0x150 ./HardWare/inv_mpu/inv_mpu.o
                0x0000000000001b9e                mpu_reset_fifo
 .text.mpu_get_gyro_fsr
                0x0000000000001cee       0x3e ./HardWare/inv_mpu/inv_mpu.o
                0x0000000000001cee                mpu_get_gyro_fsr
 .text.mpu_set_gyro_fsr
                0x0000000000001d2c       0x7c ./HardWare/inv_mpu/inv_mpu.o
                0x0000000000001d2c                mpu_set_gyro_fsr
 .text.mpu_get_accel_fsr
                0x0000000000001da8       0x46 ./HardWare/inv_mpu/inv_mpu.o
                0x0000000000001da8                mpu_get_accel_fsr
 .text.mpu_set_accel_fsr
                0x0000000000001dee       0x74 ./HardWare/inv_mpu/inv_mpu.o
                0x0000000000001dee                mpu_set_accel_fsr
 .text.mpu_get_lpf
                0x0000000000001e62       0x4a ./HardWare/inv_mpu/inv_mpu.o
                0x0000000000001e62                mpu_get_lpf
 .text.mpu_set_lpf
                0x0000000000001eac       0x7e ./HardWare/inv_mpu/inv_mpu.o
                0x0000000000001eac                mpu_set_lpf
 .text.mpu_get_sample_rate
                0x0000000000001f2a       0x1a ./HardWare/inv_mpu/inv_mpu.o
                0x0000000000001f2a                mpu_get_sample_rate
 .text.mpu_get_gyro_sens
                0x0000000000001f44       0x4c ./HardWare/inv_mpu/inv_mpu.o
                0x0000000000001f44                mpu_get_gyro_sens
 .text.mpu_get_accel_sens
                0x0000000000001f90       0x4e ./HardWare/inv_mpu/inv_mpu.o
                0x0000000000001f90                mpu_get_accel_sens
 .text.mpu_configure_fifo
                0x0000000000001fde       0x58 ./HardWare/inv_mpu/inv_mpu.o
                0x0000000000001fde                mpu_configure_fifo
 .text.mpu_read_fifo_stream
                0x0000000000002036       0x9a ./HardWare/inv_mpu/inv_mpu.o
                0x0000000000002036                mpu_read_fifo_stream
 .text.mpu_set_bypass
                0x00000000000020d0       0xd8 ./HardWare/inv_mpu/inv_mpu.o
                0x00000000000020d0                mpu_set_bypass
 .text.mpu_set_int_latched
                0x00000000000021a8       0x62 ./HardWare/inv_mpu/inv_mpu.o
                0x00000000000021a8                mpu_set_int_latched
 .text.mpu_lp_accel_mode
                0x000000000000220a       0xb0 ./HardWare/inv_mpu/inv_mpu.o
                0x000000000000220a                mpu_lp_accel_mode
 .text.mpu_set_sample_rate
                0x00000000000022ba       0x9a ./HardWare/inv_mpu/inv_mpu.o
                0x00000000000022ba                mpu_set_sample_rate
 .text.mpu_set_sensors
                0x0000000000002354       0xbc ./HardWare/inv_mpu/inv_mpu.o
                0x0000000000002354                mpu_set_sensors
 .text.mpu_init
                0x0000000000002410      0x13c ./HardWare/inv_mpu/inv_mpu.o
                0x0000000000002410                mpu_init
 .text.mpu_write_mem
                0x000000000000254c       0x6a ./HardWare/inv_mpu/inv_mpu.o
                0x000000000000254c                mpu_write_mem
 .text.mpu_read_mem
                0x00000000000025b6       0x6a ./HardWare/inv_mpu/inv_mpu.o
                0x00000000000025b6                mpu_read_mem
 .text.mpu_load_firmware
                0x0000000000002620       0xa8 ./HardWare/inv_mpu/inv_mpu.o
                0x0000000000002620                mpu_load_firmware
 .text.mpu_set_dmp_state
                0x00000000000026c8       0x80 ./HardWare/inv_mpu/inv_mpu.o
                0x00000000000026c8                mpu_set_dmp_state
 .text.mpu_run_self_test
                0x0000000000002748      0x354 ./HardWare/inv_mpu/inv_mpu.o
                0x0000000000002748                mpu_run_self_test
 .text.run_self_test
                0x0000000000002a9c       0x8c ./HardWare/inv_mpu/inv_mpu.o
                0x0000000000002a9c                run_self_test
 .text.inv_row_2_scale
                0x0000000000002b28       0x30 ./HardWare/inv_mpu/inv_mpu.o
                0x0000000000002b28                inv_row_2_scale
 .text.inv_orientation_matrix_to_scalar
                0x0000000000002b58       0x2c ./HardWare/inv_mpu/inv_mpu.o
                0x0000000000002b58                inv_orientation_matrix_to_scalar
 .text.mget_ms  0x0000000000002b84        0x2 ./HardWare/inv_mpu/inv_mpu.o
                0x0000000000002b84                mget_ms
 .text.mpu_dmp_init
                0x0000000000002b86       0x98 ./HardWare/inv_mpu/inv_mpu.o
                0x0000000000002b86                mpu_dmp_init
 .text.mpu_dmp_get_data
                0x0000000000002c1e      0x1cc ./HardWare/inv_mpu/inv_mpu.o
                0x0000000000002c1e                mpu_dmp_get_data
 .text.Init_UART2
                0x0000000000002dea       0x64 ./HardWare/USART2/USART2.o
                0x0000000000002dea                Init_UART2
 .text.Usart4_Init
                0x0000000000002e4e       0x5e ./HardWare/UART4/UART4.o
                0x0000000000002e4e                Usart4_Init
 .text.usart4_send_char
                0x0000000000002eac       0x28 ./HardWare/UART4/UART4.o
                0x0000000000002eac                usart4_send_char
 .text.usart4_niming_report
                0x0000000000002ed4       0x82 ./HardWare/UART4/UART4.o
                0x0000000000002ed4                usart4_niming_report
 .text.TIM2_init
                0x0000000000002f56       0x56 ./HardWare/TIM2/TIM2.o
                0x0000000000002f56                TIM2_init
 .text.TIM2_IRQHandler
                0x0000000000002fac       0x86 ./HardWare/TIM2/TIM2.o
                0x0000000000002fac                TIM2_IRQHandler
 .text.IIC_Init
                0x0000000000003032       0x3c ./HardWare/MPU6050IIC/MPU6050IIC.o
                0x0000000000003032                IIC_Init
 .text.IIC_Start
                0x000000000000306e       0x5e ./HardWare/MPU6050IIC/MPU6050IIC.o
                0x000000000000306e                IIC_Start
 .text.IIC_Stop
                0x00000000000030cc       0x5e ./HardWare/MPU6050IIC/MPU6050IIC.o
                0x00000000000030cc                IIC_Stop
 .text.IIC_Ack  0x000000000000312a       0x60 ./HardWare/MPU6050IIC/MPU6050IIC.o
                0x000000000000312a                IIC_Ack
 .text.IIC_NAck
                0x000000000000318a       0x60 ./HardWare/MPU6050IIC/MPU6050IIC.o
                0x000000000000318a                IIC_NAck
 .text.IIC_Wait_Ack
                0x00000000000031ea       0x78 ./HardWare/MPU6050IIC/MPU6050IIC.o
                0x00000000000031ea                IIC_Wait_Ack
 .text.IIC_Send_Byte
                0x0000000000003262       0x7c ./HardWare/MPU6050IIC/MPU6050IIC.o
                0x0000000000003262                IIC_Send_Byte
 .text.IIC_Read_Byte
                0x00000000000032de       0x7e ./HardWare/MPU6050IIC/MPU6050IIC.o
                0x00000000000032de                IIC_Read_Byte
 .text.MPU_Write_Byte
                0x000000000000335c       0x48 ./HardWare/MPU6050/MPU6050.o
                0x000000000000335c                MPU_Write_Byte
 .text.MPU_Set_Gyro_Fsr
                0x00000000000033a4       0x16 ./HardWare/MPU6050/MPU6050.o
                0x00000000000033a4                MPU_Set_Gyro_Fsr
 .text.MPU_Set_Accel_Fsr
                0x00000000000033ba       0x16 ./HardWare/MPU6050/MPU6050.o
                0x00000000000033ba                MPU_Set_Accel_Fsr
 .text.MPU_Set_LPF
                0x00000000000033d0       0x34 ./HardWare/MPU6050/MPU6050.o
                0x00000000000033d0                MPU_Set_LPF
 .text.MPU_Set_Rate
                0x0000000000003404       0x48 ./HardWare/MPU6050/MPU6050.o
                0x0000000000003404                MPU_Set_Rate
 .text.MPU_Read_Byte
                0x000000000000344c       0x46 ./HardWare/MPU6050/MPU6050.o
                0x000000000000344c                MPU_Read_Byte
 .text.MPU_Init
                0x0000000000003492       0x98 ./HardWare/MPU6050/MPU6050.o
                0x0000000000003492                MPU_Init
 .text.MPU_Write_Len
                0x000000000000352a       0x5c ./HardWare/MPU6050/MPU6050.o
                0x000000000000352a                MPU_Write_Len
 .text.MPU_Read_Len
                0x0000000000003586       0x74 ./HardWare/MPU6050/MPU6050.o
                0x0000000000003586                MPU_Read_Len
 .text.MPU_Get_Gyroscope
                0x00000000000035fa       0x44 ./HardWare/MPU6050/MPU6050.o
                0x00000000000035fa                MPU_Get_Gyroscope
 .text.MPU_Get_Accelerometer
                0x000000000000363e       0x44 ./HardWare/MPU6050/MPU6050.o
                0x000000000000363e                MPU_Get_Accelerometer
 .text.mpu6050_send_data
                0x0000000000003682       0x6e ./HardWare/MPU6050/MPU6050.o
                0x0000000000003682                mpu6050_send_data
 .text.usart4_report_imu
                0x00000000000036f0       0xc8 ./HardWare/MPU6050/MPU6050.o
                0x00000000000036f0                usart4_report_imu
 .text.IWDG_Feed_Init
                0x00000000000037b8       0x32 ./HardWare/IWDG/IWDG.o
                0x00000000000037b8                IWDG_Feed_Init
 .text.Delay_Init
                0x00000000000037ea       0x2a ./Debug/debug.o
                0x00000000000037ea                Delay_Init
 .text.Delay_Us
                0x0000000000003814       0x36 ./Debug/debug.o
                0x0000000000003814                Delay_Us
 .text.Delay_Ms
                0x000000000000384a       0x36 ./Debug/debug.o
                0x000000000000384a                Delay_Ms
 .text.USART_Printf_Init
                0x0000000000003880       0x5a ./Debug/debug.o
                0x0000000000003880                USART_Printf_Init
 .text._write   0x00000000000038da       0x3e ./Debug/debug.o
                0x00000000000038da                _write
 .text._sbrk    0x0000000000003918       0x26 ./Debug/debug.o
                0x0000000000003918                _sbrk
 .text.asin     0x000000000000393e       0xbe c:/mounriver/mounriver_studio/toolchain/risc-v embedded gcc/bin/../lib/gcc/riscv-none-embed/8.2.0/../../../../riscv-none-embed/lib/rv32imacxw/ilp32\libm.a(lib_a-w_asin.o)
                0x000000000000393e                asin
 .text.atan2    0x00000000000039fc        0x2 c:/mounriver/mounriver_studio/toolchain/risc-v embedded gcc/bin/../lib/gcc/riscv-none-embed/8.2.0/../../../../riscv-none-embed/lib/rv32imacxw/ilp32\libm.a(lib_a-w_atan2.o)
                0x00000000000039fc                atan2
 .text.__ieee754_asin
                0x00000000000039fe      0x466 c:/mounriver/mounriver_studio/toolchain/risc-v embedded gcc/bin/../lib/gcc/riscv-none-embed/8.2.0/../../../../riscv-none-embed/lib/rv32imacxw/ilp32\libm.a(lib_a-e_asin.o)
                0x00000000000039fe                __ieee754_asin
 .text.__ieee754_atan2
                0x0000000000003e64      0x1de c:/mounriver/mounriver_studio/toolchain/risc-v embedded gcc/bin/../lib/gcc/riscv-none-embed/8.2.0/../../../../riscv-none-embed/lib/rv32imacxw/ilp32\libm.a(lib_a-e_atan2.o)
                0x0000000000003e64                __ieee754_atan2
 .text.__ieee754_sqrt
                0x0000000000004042      0x1d6 c:/mounriver/mounriver_studio/toolchain/risc-v embedded gcc/bin/../lib/gcc/riscv-none-embed/8.2.0/../../../../riscv-none-embed/lib/rv32imacxw/ilp32\libm.a(lib_a-e_sqrt.o)
                0x0000000000004042                __ieee754_sqrt
 .text.atan     0x0000000000004218      0x324 c:/mounriver/mounriver_studio/toolchain/risc-v embedded gcc/bin/../lib/gcc/riscv-none-embed/8.2.0/../../../../riscv-none-embed/lib/rv32imacxw/ilp32\libm.a(lib_a-s_atan.o)
                0x0000000000004218                atan
 .text.fabs     0x000000000000453c        0x6 c:/mounriver/mounriver_studio/toolchain/risc-v embedded gcc/bin/../lib/gcc/riscv-none-embed/8.2.0/../../../../riscv-none-embed/lib/rv32imacxw/ilp32\libm.a(lib_a-s_fabs.o)
                0x000000000000453c                fabs
 .text.matherr  0x0000000000004542        0x4 c:/mounriver/mounriver_studio/toolchain/risc-v embedded gcc/bin/../lib/gcc/riscv-none-embed/8.2.0/../../../../riscv-none-embed/lib/rv32imacxw/ilp32\libm.a(lib_a-s_matherr.o)
                0x0000000000004542                matherr
 .text.nan      0x0000000000004546        0xe c:/mounriver/mounriver_studio/toolchain/risc-v embedded gcc/bin/../lib/gcc/riscv-none-embed/8.2.0/../../../../riscv-none-embed/lib/rv32imacxw/ilp32\libm.a(lib_a-s_nan.o)
                0x0000000000004546                nan
 .text.__divdi3
                0x0000000000004554      0x3d4 c:/mounriver/mounriver_studio/toolchain/risc-v embedded gcc/bin/../lib/gcc/riscv-none-embed/8.2.0/rv32imacxw/ilp32\libgcc.a(_divdi3.o)
                0x0000000000004554                __divdi3
 .text.__adddf3
                0x0000000000004928      0x730 c:/mounriver/mounriver_studio/toolchain/risc-v embedded gcc/bin/../lib/gcc/riscv-none-embed/8.2.0/rv32imacxw/ilp32\libgcc.a(adddf3.o)
                0x0000000000004928                __adddf3
 .text.__divdf3
                0x0000000000005058      0x5b4 c:/mounriver/mounriver_studio/toolchain/risc-v embedded gcc/bin/../lib/gcc/riscv-none-embed/8.2.0/rv32imacxw/ilp32\libgcc.a(divdf3.o)
                0x0000000000005058                __divdf3
 .text.__gedf2  0x000000000000560c       0xae c:/mounriver/mounriver_studio/toolchain/risc-v embedded gcc/bin/../lib/gcc/riscv-none-embed/8.2.0/rv32imacxw/ilp32\libgcc.a(gedf2.o)
                0x000000000000560c                __gedf2
                0x000000000000560c                __gtdf2
 .text.__muldf3
                0x00000000000056ba      0x4b8 c:/mounriver/mounriver_studio/toolchain/risc-v embedded gcc/bin/../lib/gcc/riscv-none-embed/8.2.0/rv32imacxw/ilp32\libgcc.a(muldf3.o)
                0x00000000000056ba                __muldf3
 .text.__subdf3
                0x0000000000005b72      0x73e c:/mounriver/mounriver_studio/toolchain/risc-v embedded gcc/bin/../lib/gcc/riscv-none-embed/8.2.0/rv32imacxw/ilp32\libgcc.a(subdf3.o)
                0x0000000000005b72                __subdf3
 .text.__unorddf2
                0x00000000000062b0       0x3c c:/mounriver/mounriver_studio/toolchain/risc-v embedded gcc/bin/../lib/gcc/riscv-none-embed/8.2.0/rv32imacxw/ilp32\libgcc.a(unorddf2.o)
                0x00000000000062b0                __unorddf2
 .text.__floatsidf
                0x00000000000062ec       0x72 c:/mounriver/mounriver_studio/toolchain/risc-v embedded gcc/bin/../lib/gcc/riscv-none-embed/8.2.0/rv32imacxw/ilp32\libgcc.a(floatsidf.o)
                0x00000000000062ec                __floatsidf
 .text.__addsf3
                0x000000000000635e      0x36a c:/mounriver/mounriver_studio/toolchain/risc-v embedded gcc/bin/../lib/gcc/riscv-none-embed/8.2.0/rv32imacxw/ilp32\libgcc.a(addsf3.o)
                0x000000000000635e                __addsf3
 .text.__divsf3
                0x00000000000066c8      0x2b2 c:/mounriver/mounriver_studio/toolchain/risc-v embedded gcc/bin/../lib/gcc/riscv-none-embed/8.2.0/rv32imacxw/ilp32\libgcc.a(divsf3.o)
                0x00000000000066c8                __divsf3
 .text.__eqsf2  0x000000000000697a       0x5c c:/mounriver/mounriver_studio/toolchain/risc-v embedded gcc/bin/../lib/gcc/riscv-none-embed/8.2.0/rv32imacxw/ilp32\libgcc.a(eqsf2.o)
                0x000000000000697a                __eqsf2
                0x000000000000697a                __nesf2
 .text.__gesf2  0x00000000000069d6       0x86 c:/mounriver/mounriver_studio/toolchain/risc-v embedded gcc/bin/../lib/gcc/riscv-none-embed/8.2.0/rv32imacxw/ilp32\libgcc.a(gesf2.o)
                0x00000000000069d6                __gesf2
                0x00000000000069d6                __gtsf2
 .text.__lesf2  0x0000000000006a5c       0x8c c:/mounriver/mounriver_studio/toolchain/risc-v embedded gcc/bin/../lib/gcc/riscv-none-embed/8.2.0/rv32imacxw/ilp32\libgcc.a(lesf2.o)
                0x0000000000006a5c                __ltsf2
                0x0000000000006a5c                __lesf2
 .text.__mulsf3
                0x0000000000006ae8      0x294 c:/mounriver/mounriver_studio/toolchain/risc-v embedded gcc/bin/../lib/gcc/riscv-none-embed/8.2.0/rv32imacxw/ilp32\libgcc.a(mulsf3.o)
                0x0000000000006ae8                __mulsf3
 .text.__subsf3
                0x0000000000006d7c      0x388 c:/mounriver/mounriver_studio/toolchain/risc-v embedded gcc/bin/../lib/gcc/riscv-none-embed/8.2.0/rv32imacxw/ilp32\libgcc.a(subsf3.o)
                0x0000000000006d7c                __subsf3
 .text.__fixsfsi
                0x0000000000007104       0x62 c:/mounriver/mounriver_studio/toolchain/risc-v embedded gcc/bin/../lib/gcc/riscv-none-embed/8.2.0/rv32imacxw/ilp32\libgcc.a(fixsfsi.o)
                0x0000000000007104                __fixsfsi
 .text.__fixunssfsi
                0x0000000000007166       0x56 c:/mounriver/mounriver_studio/toolchain/risc-v embedded gcc/bin/../lib/gcc/riscv-none-embed/8.2.0/rv32imacxw/ilp32\libgcc.a(fixunssfsi.o)
                0x0000000000007166                __fixunssfsi
 .text.__floatsisf
                0x00000000000071bc       0xc6 c:/mounriver/mounriver_studio/toolchain/risc-v embedded gcc/bin/../lib/gcc/riscv-none-embed/8.2.0/rv32imacxw/ilp32\libgcc.a(floatsisf.o)
                0x00000000000071bc                __floatsisf
 .text.__floatunsisf
                0x0000000000007282       0xce c:/mounriver/mounriver_studio/toolchain/risc-v embedded gcc/bin/../lib/gcc/riscv-none-embed/8.2.0/rv32imacxw/ilp32\libgcc.a(floatunsisf.o)
                0x0000000000007282                __floatunsisf
 .text.__extendsfdf2
                0x0000000000007350       0xac c:/mounriver/mounriver_studio/toolchain/risc-v embedded gcc/bin/../lib/gcc/riscv-none-embed/8.2.0/rv32imacxw/ilp32\libgcc.a(extendsfdf2.o)
                0x0000000000007350                __extendsfdf2
 .text.__truncdfsf2
                0x00000000000073fc      0x16a c:/mounriver/mounriver_studio/toolchain/risc-v embedded gcc/bin/../lib/gcc/riscv-none-embed/8.2.0/rv32imacxw/ilp32\libgcc.a(truncdfsf2.o)
                0x00000000000073fc                __truncdfsf2
 .text.__clzsi2
                0x0000000000007566       0x6e c:/mounriver/mounriver_studio/toolchain/risc-v embedded gcc/bin/../lib/gcc/riscv-none-embed/8.2.0/rv32imacxw/ilp32\libgcc.a(_clzsi2.o)
                0x0000000000007566                __clzsi2
 .text.__errno  0x00000000000075d4        0x8 c:/mounriver/mounriver_studio/toolchain/risc-v embedded gcc/bin/../lib/gcc/riscv-none-embed/8.2.0/../../../../riscv-none-embed/lib/rv32imacxw/ilp32\libg_nano.a(lib_a-errno.o)
                0x00000000000075d4                __errno
 .text.memcmp   0x00000000000075dc       0x24 c:/mounriver/mounriver_studio/toolchain/risc-v embedded gcc/bin/../lib/gcc/riscv-none-embed/8.2.0/../../../../riscv-none-embed/lib/rv32imacxw/ilp32\libg_nano.a(lib_a-memcmp.o)
                0x00000000000075dc                memcmp
 .text.memcpy   0x0000000000007600       0xb2 c:/mounriver/mounriver_studio/toolchain/risc-v embedded gcc/bin/../lib/gcc/riscv-none-embed/8.2.0/../../../../riscv-none-embed/lib/rv32imacxw/ilp32\libg_nano.a(lib_a-memcpy.o)
                0x0000000000007600                memcpy
 .text.__cvt    0x00000000000076b2       0xea c:/mounriver/mounriver_studio/toolchain/risc-v embedded gcc/bin/../lib/gcc/riscv-none-embed/8.2.0/../../../../riscv-none-embed/lib/rv32imacxw/ilp32\libg_nano.a(lib_a-nano-vfprintf_float.o)
                0x00000000000076b2                __cvt
 .text.__exponent
                0x000000000000779c       0x84 c:/mounriver/mounriver_studio/toolchain/risc-v embedded gcc/bin/../lib/gcc/riscv-none-embed/8.2.0/../../../../riscv-none-embed/lib/rv32imacxw/ilp32\libg_nano.a(lib_a-nano-vfprintf_float.o)
                0x000000000000779c                __exponent
 .text._printf_float
                0x0000000000007820      0x4c4 c:/mounriver/mounriver_studio/toolchain/risc-v embedded gcc/bin/../lib/gcc/riscv-none-embed/8.2.0/../../../../riscv-none-embed/lib/rv32imacxw/ilp32\libg_nano.a(lib_a-nano-vfprintf_float.o)
                0x0000000000007820                _printf_float
 .text._printf_common
                0x0000000000007ce4      0x10c c:/mounriver/mounriver_studio/toolchain/risc-v embedded gcc/bin/../lib/gcc/riscv-none-embed/8.2.0/../../../../riscv-none-embed/lib/rv32imacxw/ilp32\libg_nano.a(lib_a-nano-vfprintf_i.o)
                0x0000000000007ce4                _printf_common
 .text._printf_i
                0x0000000000007df0      0x2a4 c:/mounriver/mounriver_studio/toolchain/risc-v embedded gcc/bin/../lib/gcc/riscv-none-embed/8.2.0/../../../../riscv-none-embed/lib/rv32imacxw/ilp32\libg_nano.a(lib_a-nano-vfprintf_i.o)
                0x0000000000007df0                _printf_i
 .text._scanf_float
                0x0000000000008094      0x46c c:/mounriver/mounriver_studio/toolchain/risc-v embedded gcc/bin/../lib/gcc/riscv-none-embed/8.2.0/../../../../riscv-none-embed/lib/rv32imacxw/ilp32\libg_nano.a(lib_a-nano-vfscanf_float.o)
                0x0000000000008094                _scanf_float
 .text.printf   0x0000000000008500       0x42 c:/mounriver/mounriver_studio/toolchain/risc-v embedded gcc/bin/../lib/gcc/riscv-none-embed/8.2.0/../../../../riscv-none-embed/lib/rv32imacxw/ilp32\libg_nano.a(lib_a-printf.o)
                0x0000000000008500                iprintf
                0x0000000000008500                printf
 .text._puts_r  0x0000000000008542       0xde c:/mounriver/mounriver_studio/toolchain/risc-v embedded gcc/bin/../lib/gcc/riscv-none-embed/8.2.0/../../../../riscv-none-embed/lib/rv32imacxw/ilp32\libg_nano.a(lib_a-puts.o)
                0x0000000000008542                _puts_r
 .text.puts     0x0000000000008620        0xc c:/mounriver/mounriver_studio/toolchain/risc-v embedded gcc/bin/../lib/gcc/riscv-none-embed/8.2.0/../../../../riscv-none-embed/lib/rv32imacxw/ilp32\libg_nano.a(lib_a-puts.o)
                0x0000000000008620                puts
 .text.nanf     0x000000000000862c        0xc c:/mounriver/mounriver_studio/toolchain/risc-v embedded gcc/bin/../lib/gcc/riscv-none-embed/8.2.0/../../../../riscv-none-embed/lib/rv32imacxw/ilp32\libg_nano.a(lib_a-sf_nan.o)
                0x000000000000862c                nanf
 .text.sprintf  0x0000000000008638       0x46 c:/mounriver/mounriver_studio/toolchain/risc-v embedded gcc/bin/../lib/gcc/riscv-none-embed/8.2.0/../../../../riscv-none-embed/lib/rv32imacxw/ilp32\libg_nano.a(lib_a-sprintf.o)
                0x0000000000008638                siprintf
                0x0000000000008638                sprintf
 .text.strlen   0x000000000000867e       0x12 c:/mounriver/mounriver_studio/toolchain/risc-v embedded gcc/bin/../lib/gcc/riscv-none-embed/8.2.0/../../../../riscv-none-embed/lib/rv32imacxw/ilp32\libg_nano.a(lib_a-strlen.o)
                0x000000000000867e                strlen
 .text.sulp     0x0000000000008690       0x4e c:/mounriver/mounriver_studio/toolchain/risc-v embedded gcc/bin/../lib/gcc/riscv-none-embed/8.2.0/../../../../riscv-none-embed/lib/rv32imacxw/ilp32\libg_nano.a(lib_a-strtod.o)
 .text._strtod_l
                0x00000000000086de      0xc6c c:/mounriver/mounriver_studio/toolchain/risc-v embedded gcc/bin/../lib/gcc/riscv-none-embed/8.2.0/../../../../riscv-none-embed/lib/rv32imacxw/ilp32\libg_nano.a(lib_a-strtod.o)
                0x00000000000086de                _strtod_l
 .text._strtod_r
                0x000000000000934a       0x16 c:/mounriver/mounriver_studio/toolchain/risc-v embedded gcc/bin/../lib/gcc/riscv-none-embed/8.2.0/../../../../riscv-none-embed/lib/rv32imacxw/ilp32\libg_nano.a(lib_a-strtod.o)
                0x000000000000934a                _strtod_r
 .text._strtol_l.isra.0
                0x0000000000009360      0x13a c:/mounriver/mounriver_studio/toolchain/risc-v embedded gcc/bin/../lib/gcc/riscv-none-embed/8.2.0/../../../../riscv-none-embed/lib/rv32imacxw/ilp32\libg_nano.a(lib_a-strtol.o)
 .text._strtol_r
                0x000000000000949a       0x16 c:/mounriver/mounriver_studio/toolchain/risc-v embedded gcc/bin/../lib/gcc/riscv-none-embed/8.2.0/../../../../riscv-none-embed/lib/rv32imacxw/ilp32\libg_nano.a(lib_a-strtol.o)
                0x000000000000949a                _strtol_r
 .text.__swbuf_r
                0x00000000000094b0       0xc2 c:/mounriver/mounriver_studio/toolchain/risc-v embedded gcc/bin/../lib/gcc/riscv-none-embed/8.2.0/../../../../riscv-none-embed/lib/rv32imacxw/ilp32\libg_nano.a(lib_a-wbuf.o)
                0x00000000000094b0                __swbuf_r
 .text.__swsetup_r
                0x0000000000009572      0x102 c:/mounriver/mounriver_studio/toolchain/risc-v embedded gcc/bin/../lib/gcc/riscv-none-embed/8.2.0/../../../../riscv-none-embed/lib/rv32imacxw/ilp32\libg_nano.a(lib_a-wsetup.o)
                0x0000000000009572                __swsetup_r
 .text.quorem   0x0000000000009674      0x13a c:/mounriver/mounriver_studio/toolchain/risc-v embedded gcc/bin/../lib/gcc/riscv-none-embed/8.2.0/../../../../riscv-none-embed/lib/rv32imacxw/ilp32\libg_nano.a(lib_a-dtoa.o)
 .text._dtoa_r  0x00000000000097ae      0xc16 c:/mounriver/mounriver_studio/toolchain/risc-v embedded gcc/bin/../lib/gcc/riscv-none-embed/8.2.0/../../../../riscv-none-embed/lib/rv32imacxw/ilp32\libg_nano.a(lib_a-dtoa.o)
                0x00000000000097ae                _dtoa_r
 .text.__sflush_r
                0x000000000000a3c4      0x132 c:/mounriver/mounriver_studio/toolchain/risc-v embedded gcc/bin/../lib/gcc/riscv-none-embed/8.2.0/../../../../riscv-none-embed/lib/rv32imacxw/ilp32\libg_nano.a(lib_a-fflush.o)
                0x000000000000a3c4                __sflush_r
 .text._fflush_r
                0x000000000000a4f6       0x66 c:/mounriver/mounriver_studio/toolchain/risc-v embedded gcc/bin/../lib/gcc/riscv-none-embed/8.2.0/../../../../riscv-none-embed/lib/rv32imacxw/ilp32\libg_nano.a(lib_a-fflush.o)
                0x000000000000a4f6                _fflush_r
 .text.std      0x000000000000a55c       0x66 c:/mounriver/mounriver_studio/toolchain/risc-v embedded gcc/bin/../lib/gcc/riscv-none-embed/8.2.0/../../../../riscv-none-embed/lib/rv32imacxw/ilp32\libg_nano.a(lib_a-findfp.o)
 .text._cleanup_r
                0x000000000000a5c2        0xa c:/mounriver/mounriver_studio/toolchain/risc-v embedded gcc/bin/../lib/gcc/riscv-none-embed/8.2.0/../../../../riscv-none-embed/lib/rv32imacxw/ilp32\libg_nano.a(lib_a-findfp.o)
                0x000000000000a5c2                _cleanup_r
 .text.__sfmoreglue
                0x000000000000a5cc       0x48 c:/mounriver/mounriver_studio/toolchain/risc-v embedded gcc/bin/../lib/gcc/riscv-none-embed/8.2.0/../../../../riscv-none-embed/lib/rv32imacxw/ilp32\libg_nano.a(lib_a-findfp.o)
                0x000000000000a5cc                __sfmoreglue
 .text.__sinit  0x000000000000a614       0x6c c:/mounriver/mounriver_studio/toolchain/risc-v embedded gcc/bin/../lib/gcc/riscv-none-embed/8.2.0/../../../../riscv-none-embed/lib/rv32imacxw/ilp32\libg_nano.a(lib_a-findfp.o)
                0x000000000000a614                __sinit
 .text.__sfp    0x000000000000a680       0xa0 c:/mounriver/mounriver_studio/toolchain/risc-v embedded gcc/bin/../lib/gcc/riscv-none-embed/8.2.0/../../../../riscv-none-embed/lib/rv32imacxw/ilp32\libg_nano.a(lib_a-findfp.o)
                0x000000000000a680                __sfp
 .text._fwalk_reent
                0x000000000000a720       0x6a c:/mounriver/mounriver_studio/toolchain/risc-v embedded gcc/bin/../lib/gcc/riscv-none-embed/8.2.0/../../../../riscv-none-embed/lib/rv32imacxw/ilp32\libg_nano.a(lib_a-fwalk.o)
                0x000000000000a720                _fwalk_reent
 .text.rshift   0x000000000000a78a       0x76 c:/mounriver/mounriver_studio/toolchain/risc-v embedded gcc/bin/../lib/gcc/riscv-none-embed/8.2.0/../../../../riscv-none-embed/lib/rv32imacxw/ilp32\libg_nano.a(lib_a-gdtoa-gethex.o)
 .text.__hexdig_fun
                0x000000000000a800       0x40 c:/mounriver/mounriver_studio/toolchain/risc-v embedded gcc/bin/../lib/gcc/riscv-none-embed/8.2.0/../../../../riscv-none-embed/lib/rv32imacxw/ilp32\libg_nano.a(lib_a-gdtoa-gethex.o)
                0x000000000000a800                __hexdig_fun
 .text.__gethex
                0x000000000000a840      0x4cc c:/mounriver/mounriver_studio/toolchain/risc-v embedded gcc/bin/../lib/gcc/riscv-none-embed/8.2.0/../../../../riscv-none-embed/lib/rv32imacxw/ilp32\libg_nano.a(lib_a-gdtoa-gethex.o)
                0x000000000000a840                __gethex
 .text.L_shift  0x000000000000ad0c       0x2c c:/mounriver/mounriver_studio/toolchain/risc-v embedded gcc/bin/../lib/gcc/riscv-none-embed/8.2.0/../../../../riscv-none-embed/lib/rv32imacxw/ilp32\libg_nano.a(lib_a-gdtoa-hexnan.o)
 .text.__match  0x000000000000ad38       0x2e c:/mounriver/mounriver_studio/toolchain/risc-v embedded gcc/bin/../lib/gcc/riscv-none-embed/8.2.0/../../../../riscv-none-embed/lib/rv32imacxw/ilp32\libg_nano.a(lib_a-gdtoa-hexnan.o)
                0x000000000000ad38                __match
 .text.__hexnan
                0x000000000000ad66      0x15e c:/mounriver/mounriver_studio/toolchain/risc-v embedded gcc/bin/../lib/gcc/riscv-none-embed/8.2.0/../../../../riscv-none-embed/lib/rv32imacxw/ilp32\libg_nano.a(lib_a-gdtoa-hexnan.o)
                0x000000000000ad66                __hexnan
 .text.__locale_ctype_ptr_l
                0x000000000000aec4        0x6 c:/mounriver/mounriver_studio/toolchain/risc-v embedded gcc/bin/../lib/gcc/riscv-none-embed/8.2.0/../../../../riscv-none-embed/lib/rv32imacxw/ilp32\libg_nano.a(lib_a-locale.o)
                0x000000000000aec4                __locale_ctype_ptr_l
 .text.__localeconv_l
                0x000000000000aeca        0x6 c:/mounriver/mounriver_studio/toolchain/risc-v embedded gcc/bin/../lib/gcc/riscv-none-embed/8.2.0/../../../../riscv-none-embed/lib/rv32imacxw/ilp32\libg_nano.a(lib_a-localeconv.o)
                0x000000000000aeca                __localeconv_l
 .text._localeconv_r
                0x000000000000aed0       0x18 c:/mounriver/mounriver_studio/toolchain/risc-v embedded gcc/bin/../lib/gcc/riscv-none-embed/8.2.0/../../../../riscv-none-embed/lib/rv32imacxw/ilp32\libg_nano.a(lib_a-localeconv.o)
                0x000000000000aed0                _localeconv_r
 .text.__swhatbuf_r
                0x000000000000aee8       0x58 c:/mounriver/mounriver_studio/toolchain/risc-v embedded gcc/bin/../lib/gcc/riscv-none-embed/8.2.0/../../../../riscv-none-embed/lib/rv32imacxw/ilp32\libg_nano.a(lib_a-makebuf.o)
                0x000000000000aee8                __swhatbuf_r
 .text.__smakebuf_r
                0x000000000000af40       0x94 c:/mounriver/mounriver_studio/toolchain/risc-v embedded gcc/bin/../lib/gcc/riscv-none-embed/8.2.0/../../../../riscv-none-embed/lib/rv32imacxw/ilp32\libg_nano.a(lib_a-makebuf.o)
                0x000000000000af40                __smakebuf_r
 .text.malloc   0x000000000000afd4        0xc c:/mounriver/mounriver_studio/toolchain/risc-v embedded gcc/bin/../lib/gcc/riscv-none-embed/8.2.0/../../../../riscv-none-embed/lib/rv32imacxw/ilp32\libg_nano.a(lib_a-malloc.o)
                0x000000000000afd4                malloc
 .text.__ascii_mbtowc
                0x000000000000afe0       0x32 c:/mounriver/mounriver_studio/toolchain/risc-v embedded gcc/bin/../lib/gcc/riscv-none-embed/8.2.0/../../../../riscv-none-embed/lib/rv32imacxw/ilp32\libg_nano.a(lib_a-mbtowc_r.o)
                0x000000000000afe0                __ascii_mbtowc
 .text.memchr   0x000000000000b012       0x18 c:/mounriver/mounriver_studio/toolchain/risc-v embedded gcc/bin/../lib/gcc/riscv-none-embed/8.2.0/../../../../riscv-none-embed/lib/rv32imacxw/ilp32\libg_nano.a(lib_a-memchr.o)
                0x000000000000b012                memchr
 .text._Balloc  0x000000000000b02a       0x8c c:/mounriver/mounriver_studio/toolchain/risc-v embedded gcc/bin/../lib/gcc/riscv-none-embed/8.2.0/../../../../riscv-none-embed/lib/rv32imacxw/ilp32\libg_nano.a(lib_a-mprec.o)
                0x000000000000b02a                _Balloc
 .text._Bfree   0x000000000000b0b6       0x44 c:/mounriver/mounriver_studio/toolchain/risc-v embedded gcc/bin/../lib/gcc/riscv-none-embed/8.2.0/../../../../riscv-none-embed/lib/rv32imacxw/ilp32\libg_nano.a(lib_a-mprec.o)
                0x000000000000b0b6                _Bfree
 .text.__multadd
                0x000000000000b0fa       0x98 c:/mounriver/mounriver_studio/toolchain/risc-v embedded gcc/bin/../lib/gcc/riscv-none-embed/8.2.0/../../../../riscv-none-embed/lib/rv32imacxw/ilp32\libg_nano.a(lib_a-mprec.o)
                0x000000000000b0fa                __multadd
 .text.__s2b    0x000000000000b192       0xa4 c:/mounriver/mounriver_studio/toolchain/risc-v embedded gcc/bin/../lib/gcc/riscv-none-embed/8.2.0/../../../../riscv-none-embed/lib/rv32imacxw/ilp32\libg_nano.a(lib_a-mprec.o)
                0x000000000000b192                __s2b
 .text.__hi0bits
                0x000000000000b236       0x46 c:/mounriver/mounriver_studio/toolchain/risc-v embedded gcc/bin/../lib/gcc/riscv-none-embed/8.2.0/../../../../riscv-none-embed/lib/rv32imacxw/ilp32\libg_nano.a(lib_a-mprec.o)
                0x000000000000b236                __hi0bits
 .text.__lo0bits
                0x000000000000b27c       0x6a c:/mounriver/mounriver_studio/toolchain/risc-v embedded gcc/bin/../lib/gcc/riscv-none-embed/8.2.0/../../../../riscv-none-embed/lib/rv32imacxw/ilp32\libg_nano.a(lib_a-mprec.o)
                0x000000000000b27c                __lo0bits
 .text.__i2b    0x000000000000b2e6       0x1c c:/mounriver/mounriver_studio/toolchain/risc-v embedded gcc/bin/../lib/gcc/riscv-none-embed/8.2.0/../../../../riscv-none-embed/lib/rv32imacxw/ilp32\libg_nano.a(lib_a-mprec.o)
                0x000000000000b2e6                __i2b
 .text.__multiply
                0x000000000000b302      0x144 c:/mounriver/mounriver_studio/toolchain/risc-v embedded gcc/bin/../lib/gcc/riscv-none-embed/8.2.0/../../../../riscv-none-embed/lib/rv32imacxw/ilp32\libg_nano.a(lib_a-mprec.o)
                0x000000000000b302                __multiply
 .text.__pow5mult
                0x000000000000b446       0xbe c:/mounriver/mounriver_studio/toolchain/risc-v embedded gcc/bin/../lib/gcc/riscv-none-embed/8.2.0/../../../../riscv-none-embed/lib/rv32imacxw/ilp32\libg_nano.a(lib_a-mprec.o)
                0x000000000000b446                __pow5mult
 .text.__lshift
                0x000000000000b504       0xce c:/mounriver/mounriver_studio/toolchain/risc-v embedded gcc/bin/../lib/gcc/riscv-none-embed/8.2.0/../../../../riscv-none-embed/lib/rv32imacxw/ilp32\libg_nano.a(lib_a-mprec.o)
                0x000000000000b504                __lshift
 .text.__mcmp   0x000000000000b5d2       0x32 c:/mounriver/mounriver_studio/toolchain/risc-v embedded gcc/bin/../lib/gcc/riscv-none-embed/8.2.0/../../../../riscv-none-embed/lib/rv32imacxw/ilp32\libg_nano.a(lib_a-mprec.o)
                0x000000000000b5d2                __mcmp
 .text.__mdiff  0x000000000000b604       0xf2 c:/mounriver/mounriver_studio/toolchain/risc-v embedded gcc/bin/../lib/gcc/riscv-none-embed/8.2.0/../../../../riscv-none-embed/lib/rv32imacxw/ilp32\libg_nano.a(lib_a-mprec.o)
                0x000000000000b604                __mdiff
 .text.__ulp    0x000000000000b6f6       0x46 c:/mounriver/mounriver_studio/toolchain/risc-v embedded gcc/bin/../lib/gcc/riscv-none-embed/8.2.0/../../../../riscv-none-embed/lib/rv32imacxw/ilp32\libg_nano.a(lib_a-mprec.o)
                0x000000000000b6f6                __ulp
 .text.__b2d    0x000000000000b73c       0xb4 c:/mounriver/mounriver_studio/toolchain/risc-v embedded gcc/bin/../lib/gcc/riscv-none-embed/8.2.0/../../../../riscv-none-embed/lib/rv32imacxw/ilp32\libg_nano.a(lib_a-mprec.o)
                0x000000000000b73c                __b2d
 .text.__d2b    0x000000000000b7f0       0xd4 c:/mounriver/mounriver_studio/toolchain/risc-v embedded gcc/bin/../lib/gcc/riscv-none-embed/8.2.0/../../../../riscv-none-embed/lib/rv32imacxw/ilp32\libg_nano.a(lib_a-mprec.o)
                0x000000000000b7f0                __d2b
 .text.__ratio  0x000000000000b8c4       0x74 c:/mounriver/mounriver_studio/toolchain/risc-v embedded gcc/bin/../lib/gcc/riscv-none-embed/8.2.0/../../../../riscv-none-embed/lib/rv32imacxw/ilp32\libg_nano.a(lib_a-mprec.o)
                0x000000000000b8c4                __ratio
 .text.__copybits
                0x000000000000b938       0x36 c:/mounriver/mounriver_studio/toolchain/risc-v embedded gcc/bin/../lib/gcc/riscv-none-embed/8.2.0/../../../../riscv-none-embed/lib/rv32imacxw/ilp32\libg_nano.a(lib_a-mprec.o)
                0x000000000000b938                __copybits
 .text.__any_on
                0x000000000000b96e       0x46 c:/mounriver/mounriver_studio/toolchain/risc-v embedded gcc/bin/../lib/gcc/riscv-none-embed/8.2.0/../../../../riscv-none-embed/lib/rv32imacxw/ilp32\libg_nano.a(lib_a-mprec.o)
                0x000000000000b96e                __any_on
 .text._calloc_r
                0x000000000000b9b4       0x26 c:/mounriver/mounriver_studio/toolchain/risc-v embedded gcc/bin/../lib/gcc/riscv-none-embed/8.2.0/../../../../riscv-none-embed/lib/rv32imacxw/ilp32\libg_nano.a(lib_a-nano-callocr.o)
                0x000000000000b9b4                _calloc_r
 .text._free_r  0x000000000000b9da       0xa8 c:/mounriver/mounriver_studio/toolchain/risc-v embedded gcc/bin/../lib/gcc/riscv-none-embed/8.2.0/../../../../riscv-none-embed/lib/rv32imacxw/ilp32\libg_nano.a(lib_a-nano-freer.o)
                0x000000000000b9da                _free_r
 .text._malloc_r
                0x000000000000ba82       0xd4 c:/mounriver/mounriver_studio/toolchain/risc-v embedded gcc/bin/../lib/gcc/riscv-none-embed/8.2.0/../../../../riscv-none-embed/lib/rv32imacxw/ilp32\libg_nano.a(lib_a-nano-mallocr.o)
                0x000000000000ba82                _malloc_r
 .text.__ssputs_r
                0x000000000000bb56       0xe4 c:/mounriver/mounriver_studio/toolchain/risc-v embedded gcc/bin/../lib/gcc/riscv-none-embed/8.2.0/../../../../riscv-none-embed/lib/rv32imacxw/ilp32\libg_nano.a(lib_a-nano-svfprintf.o)
                0x000000000000bb56                __ssputs_r
 .text._svfprintf_r
                0x000000000000bc3a      0x268 c:/mounriver/mounriver_studio/toolchain/risc-v embedded gcc/bin/../lib/gcc/riscv-none-embed/8.2.0/../../../../riscv-none-embed/lib/rv32imacxw/ilp32\libg_nano.a(lib_a-nano-svfprintf.o)
                0x000000000000bc3a                _svfiprintf_r
                0x000000000000bc3a                _svfprintf_r
 .text.__sfputc_r
                0x000000000000bea2       0x28 c:/mounriver/mounriver_studio/toolchain/risc-v embedded gcc/bin/../lib/gcc/riscv-none-embed/8.2.0/../../../../riscv-none-embed/lib/rv32imacxw/ilp32\libg_nano.a(lib_a-nano-vfprintf.o)
 .text.__sfputs_r
                0x000000000000beca       0x42 c:/mounriver/mounriver_studio/toolchain/risc-v embedded gcc/bin/../lib/gcc/riscv-none-embed/8.2.0/../../../../riscv-none-embed/lib/rv32imacxw/ilp32\libg_nano.a(lib_a-nano-vfprintf.o)
                0x000000000000beca                __sfputs_r
 .text._vfprintf_r
                0x000000000000bf0c      0x28c c:/mounriver/mounriver_studio/toolchain/risc-v embedded gcc/bin/../lib/gcc/riscv-none-embed/8.2.0/../../../../riscv-none-embed/lib/rv32imacxw/ilp32\libg_nano.a(lib_a-nano-vfprintf.o)
                0x000000000000bf0c                _vfprintf_r
                0x000000000000bf0c                _vfiprintf_r
 .text._sbrk_r  0x000000000000c198       0x2a c:/mounriver/mounriver_studio/toolchain/risc-v embedded gcc/bin/../lib/gcc/riscv-none-embed/8.2.0/../../../../riscv-none-embed/lib/rv32imacxw/ilp32\libg_nano.a(lib_a-sbrkr.o)
                0x000000000000c198                _sbrk_r
 .text.__sread  0x000000000000c1c2       0x2c c:/mounriver/mounriver_studio/toolchain/risc-v embedded gcc/bin/../lib/gcc/riscv-none-embed/8.2.0/../../../../riscv-none-embed/lib/rv32imacxw/ilp32\libg_nano.a(lib_a-stdio.o)
                0x000000000000c1c2                __sread
 .text.__swrite
                0x000000000000c1ee       0x48 c:/mounriver/mounriver_studio/toolchain/risc-v embedded gcc/bin/../lib/gcc/riscv-none-embed/8.2.0/../../../../riscv-none-embed/lib/rv32imacxw/ilp32\libg_nano.a(lib_a-stdio.o)
                0x000000000000c1ee                __swrite
 .text.__sseek  0x000000000000c236       0x30 c:/mounriver/mounriver_studio/toolchain/risc-v embedded gcc/bin/../lib/gcc/riscv-none-embed/8.2.0/../../../../riscv-none-embed/lib/rv32imacxw/ilp32\libg_nano.a(lib_a-stdio.o)
                0x000000000000c236                __sseek
 .text.__sclose
                0x000000000000c266        0x6 c:/mounriver/mounriver_studio/toolchain/risc-v embedded gcc/bin/../lib/gcc/riscv-none-embed/8.2.0/../../../../riscv-none-embed/lib/rv32imacxw/ilp32\libg_nano.a(lib_a-stdio.o)
                0x000000000000c266                __sclose
 .text.strncmp  0x000000000000c26c       0x28 c:/mounriver/mounriver_studio/toolchain/risc-v embedded gcc/bin/../lib/gcc/riscv-none-embed/8.2.0/../../../../riscv-none-embed/lib/rv32imacxw/ilp32\libg_nano.a(lib_a-strncmp.o)
                0x000000000000c26c                strncmp
 .text.__ascii_wctomb
                0x000000000000c294       0x1e c:/mounriver/mounriver_studio/toolchain/risc-v embedded gcc/bin/../lib/gcc/riscv-none-embed/8.2.0/../../../../riscv-none-embed/lib/rv32imacxw/ilp32\libg_nano.a(lib_a-wctomb_r.o)
                0x000000000000c294                __ascii_wctomb
 .text._write_r
                0x000000000000c2b2       0x2e c:/mounriver/mounriver_studio/toolchain/risc-v embedded gcc/bin/../lib/gcc/riscv-none-embed/8.2.0/../../../../riscv-none-embed/lib/rv32imacxw/ilp32\libg_nano.a(lib_a-writer.o)
                0x000000000000c2b2                _write_r
 .text._close_r
                0x000000000000c2e0       0x28 c:/mounriver/mounriver_studio/toolchain/risc-v embedded gcc/bin/../lib/gcc/riscv-none-embed/8.2.0/../../../../riscv-none-embed/lib/rv32imacxw/ilp32\libg_nano.a(lib_a-closer.o)
                0x000000000000c2e0                _close_r
 .text._fstat_r
                0x000000000000c308       0x2a c:/mounriver/mounriver_studio/toolchain/risc-v embedded gcc/bin/../lib/gcc/riscv-none-embed/8.2.0/../../../../riscv-none-embed/lib/rv32imacxw/ilp32\libg_nano.a(lib_a-fstatr.o)
                0x000000000000c308                _fstat_r
 .text._isatty_r
                0x000000000000c332       0x28 c:/mounriver/mounriver_studio/toolchain/risc-v embedded gcc/bin/../lib/gcc/riscv-none-embed/8.2.0/../../../../riscv-none-embed/lib/rv32imacxw/ilp32\libg_nano.a(lib_a-isattyr.o)
                0x000000000000c332                _isatty_r
 .text._lseek_r
                0x000000000000c35a       0x2c c:/mounriver/mounriver_studio/toolchain/risc-v embedded gcc/bin/../lib/gcc/riscv-none-embed/8.2.0/../../../../riscv-none-embed/lib/rv32imacxw/ilp32\libg_nano.a(lib_a-lseekr.o)
                0x000000000000c35a                _lseek_r
 .text.memmove  0x000000000000c386       0x46 c:/mounriver/mounriver_studio/toolchain/risc-v embedded gcc/bin/../lib/gcc/riscv-none-embed/8.2.0/../../../../riscv-none-embed/lib/rv32imacxw/ilp32\libg_nano.a(lib_a-memmove.o)
                0x000000000000c386                memmove
 .text.__malloc_lock
                0x000000000000c3cc        0x2 c:/mounriver/mounriver_studio/toolchain/risc-v embedded gcc/bin/../lib/gcc/riscv-none-embed/8.2.0/../../../../riscv-none-embed/lib/rv32imacxw/ilp32\libg_nano.a(lib_a-mlock.o)
                0x000000000000c3cc                __malloc_lock
 .text.__malloc_unlock
                0x000000000000c3ce        0x2 c:/mounriver/mounriver_studio/toolchain/risc-v embedded gcc/bin/../lib/gcc/riscv-none-embed/8.2.0/../../../../riscv-none-embed/lib/rv32imacxw/ilp32\libg_nano.a(lib_a-mlock.o)
                0x000000000000c3ce                __malloc_unlock
 .text._realloc_r
                0x000000000000c3d0       0x58 c:/mounriver/mounriver_studio/toolchain/risc-v embedded gcc/bin/../lib/gcc/riscv-none-embed/8.2.0/../../../../riscv-none-embed/lib/rv32imacxw/ilp32\libg_nano.a(lib_a-nano-reallocr.o)
                0x000000000000c3d0                _realloc_r
 .text._read_r  0x000000000000c428       0x2c c:/mounriver/mounriver_studio/toolchain/risc-v embedded gcc/bin/../lib/gcc/riscv-none-embed/8.2.0/../../../../riscv-none-embed/lib/rv32imacxw/ilp32\libg_nano.a(lib_a-readr.o)
                0x000000000000c428                _read_r
 .text._malloc_usable_size_r
                0x000000000000c454       0x14 c:/mounriver/mounriver_studio/toolchain/risc-v embedded gcc/bin/../lib/gcc/riscv-none-embed/8.2.0/../../../../riscv-none-embed/lib/rv32imacxw/ilp32\libg_nano.a(lib_a-nano-msizer.o)
                0x000000000000c454                _malloc_usable_size_r
 .text.__eqdf2  0x000000000000c468       0x6a c:/mounriver/mounriver_studio/toolchain/risc-v embedded gcc/bin/../lib/gcc/riscv-none-embed/8.2.0/rv32imacxw/ilp32\libgcc.a(eqdf2.o)
                0x000000000000c468                __nedf2
                0x000000000000c468                __eqdf2
 .text.__ledf2  0x000000000000c4d2       0xb6 c:/mounriver/mounriver_studio/toolchain/risc-v embedded gcc/bin/../lib/gcc/riscv-none-embed/8.2.0/rv32imacxw/ilp32\libgcc.a(ledf2.o)
                0x000000000000c4d2                __ledf2
                0x000000000000c4d2                __ltdf2
 .text.__fixdfsi
                0x000000000000c588       0x68 c:/mounriver/mounriver_studio/toolchain/risc-v embedded gcc/bin/../lib/gcc/riscv-none-embed/8.2.0/rv32imacxw/ilp32\libgcc.a(fixdfsi.o)
                0x000000000000c588                __fixdfsi
 .text.__fixunsdfsi
                0x000000000000c5f0       0x5c c:/mounriver/mounriver_studio/toolchain/risc-v embedded gcc/bin/../lib/gcc/riscv-none-embed/8.2.0/rv32imacxw/ilp32\libgcc.a(fixunsdfsi.o)
                0x000000000000c5f0                __fixunsdfsi
 .text.__floatunsidf
                0x000000000000c64c       0x68 c:/mounriver/mounriver_studio/toolchain/risc-v embedded gcc/bin/../lib/gcc/riscv-none-embed/8.2.0/rv32imacxw/ilp32\libgcc.a(floatunsidf.o)
                0x000000000000c64c                __floatunsidf
 .text.__extenddftf2
                0x000000000000c6b4      0x1a0 c:/mounriver/mounriver_studio/toolchain/risc-v embedded gcc/bin/../lib/gcc/riscv-none-embed/8.2.0/rv32imacxw/ilp32\libgcc.a(extenddftf2.o)
                0x000000000000c6b4                __extenddftf2
 .text.__trunctfdf2
                0x000000000000c854      0x21e c:/mounriver/mounriver_studio/toolchain/risc-v embedded gcc/bin/../lib/gcc/riscv-none-embed/8.2.0/rv32imacxw/ilp32\libgcc.a(trunctfdf2.o)
                0x000000000000c854                __trunctfdf2
 .text._close   0x000000000000ca72        0xc c:/mounriver/mounriver_studio/toolchain/risc-v embedded gcc/bin/../lib/gcc/riscv-none-embed/8.2.0/../../../../riscv-none-embed/lib/rv32imacxw/ilp32\libnosys.a(close.o)
                0x000000000000ca72                _close
 .text._fstat   0x000000000000ca7e        0xc c:/mounriver/mounriver_studio/toolchain/risc-v embedded gcc/bin/../lib/gcc/riscv-none-embed/8.2.0/../../../../riscv-none-embed/lib/rv32imacxw/ilp32\libnosys.a(fstat.o)
                0x000000000000ca7e                _fstat
 .text._isatty  0x000000000000ca8a        0xc c:/mounriver/mounriver_studio/toolchain/risc-v embedded gcc/bin/../lib/gcc/riscv-none-embed/8.2.0/../../../../riscv-none-embed/lib/rv32imacxw/ilp32\libnosys.a(isatty.o)
                0x000000000000ca8a                _isatty
 .text._lseek   0x000000000000ca96        0xc c:/mounriver/mounriver_studio/toolchain/risc-v embedded gcc/bin/../lib/gcc/riscv-none-embed/8.2.0/../../../../riscv-none-embed/lib/rv32imacxw/ilp32\libnosys.a(lseek.o)
                0x000000000000ca96                _lseek
 .text._read    0x000000000000caa2        0xc c:/mounriver/mounriver_studio/toolchain/risc-v embedded gcc/bin/../lib/gcc/riscv-none-embed/8.2.0/../../../../riscv-none-embed/lib/rv32imacxw/ilp32\libnosys.a(read.o)
                0x000000000000caa2                _read
 *(.rodata)
 *fill*         0x000000000000caae        0x2 
 .rodata        0x000000000000cab0       0x2f ./HardWare/inv_mpu_dmp_motion_driver/inv_mpu_dmp_motion_driver.o
 *(.rodata*)
 *fill*         0x000000000000cadf        0x1 
 .rodata.main.cst4
                0x000000000000cae0       0x14 ./User/main.o
 .rodata.main.str1.4
                0x000000000000caf4        0xa ./User/main.o
 *fill*         0x000000000000cafe        0x2 
 .rodata.dmp_memory
                0x000000000000cb00      0xbf6 ./HardWare/inv_mpu_dmp_motion_driver/inv_mpu_dmp_motion_driver.o
 *fill*         0x000000000000d6f6        0x2 
 .rodata.dmp_set_tap_thresh.cst4
                0x000000000000d6f8       0x24 ./HardWare/inv_mpu_dmp_motion_driver/inv_mpu_dmp_motion_driver.o
 .rodata.mpu_get_lpf
                0x000000000000d71c       0x18 ./HardWare/inv_mpu/inv_mpu.o
 .rodata.hw     0x000000000000d734        0xc ./HardWare/inv_mpu/inv_mpu.o
                0x000000000000d734                hw
 .rodata.mpu_dmp_get_data.cst4
                0x000000000000d740        0x8 ./HardWare/inv_mpu/inv_mpu.o
 *fill*         0x000000000000d748        0x0 
 .rodata.mpu_dmp_get_data.cst8
                0x000000000000d748        0x8 ./HardWare/inv_mpu/inv_mpu.o
 .rodata.mpu_get_gyro_sens.cst4
                0x000000000000d750       0x10 ./HardWare/inv_mpu/inv_mpu.o
 .rodata.mpu_init.str1.4
                0x000000000000d760       0x91 ./HardWare/inv_mpu/inv_mpu.o
 *fill*         0x000000000000d7f1        0x3 
 .rodata.mpu_run_self_test.cst4
                0x000000000000d7f4       0x28 ./HardWare/inv_mpu/inv_mpu.o
                                         0x2c (size before relaxing)
 .rodata.reg    0x000000000000d81c       0x1b ./HardWare/inv_mpu/inv_mpu.o
                0x000000000000d81c                reg
 *fill*         0x000000000000d837        0x1 
 .rodata.test   0x000000000000d838       0x28 ./HardWare/inv_mpu/inv_mpu.o
                0x000000000000d838                test
 .rodata.TIM2_IRQHandler.cst4
                0x000000000000d860        0x8 ./HardWare/TIM2/TIM2.o
 .rodata.asin.cst8
                0x000000000000d868        0x8 c:/mounriver/mounriver_studio/toolchain/risc-v embedded gcc/bin/../lib/gcc/riscv-none-embed/8.2.0/../../../../riscv-none-embed/lib/rv32imacxw/ilp32\libm.a(lib_a-w_asin.o)
 .rodata.asin.str1.4
                0x000000000000d870        0x5 c:/mounriver/mounriver_studio/toolchain/risc-v embedded gcc/bin/../lib/gcc/riscv-none-embed/8.2.0/../../../../riscv-none-embed/lib/rv32imacxw/ilp32\libm.a(lib_a-w_asin.o)
                                          0x9 (size before relaxing)
 *fill*         0x000000000000d875        0x3 
 .rodata.__ieee754_asin.cst8
                0x000000000000d878       0x78 c:/mounriver/mounriver_studio/toolchain/risc-v embedded gcc/bin/../lib/gcc/riscv-none-embed/8.2.0/../../../../riscv-none-embed/lib/rv32imacxw/ilp32\libm.a(lib_a-e_asin.o)
                                         0x80 (size before relaxing)
 .rodata.__ieee754_atan2.cst8
                0x000000000000d8f0       0x40 c:/mounriver/mounriver_studio/toolchain/risc-v embedded gcc/bin/../lib/gcc/riscv-none-embed/8.2.0/../../../../riscv-none-embed/lib/rv32imacxw/ilp32\libm.a(lib_a-e_atan2.o)
                                         0x50 (size before relaxing)
 .rodata.atan.cst8
                0x000000000000d930       0x70 c:/mounriver/mounriver_studio/toolchain/risc-v embedded gcc/bin/../lib/gcc/riscv-none-embed/8.2.0/../../../../riscv-none-embed/lib/rv32imacxw/ilp32\libm.a(lib_a-s_atan.o)
                                         0x90 (size before relaxing)
 .rodata.atanhi
                0x000000000000d9a0       0x20 c:/mounriver/mounriver_studio/toolchain/risc-v embedded gcc/bin/../lib/gcc/riscv-none-embed/8.2.0/../../../../riscv-none-embed/lib/rv32imacxw/ilp32\libm.a(lib_a-s_atan.o)
 .rodata.atanlo
                0x000000000000d9c0       0x20 c:/mounriver/mounriver_studio/toolchain/risc-v embedded gcc/bin/../lib/gcc/riscv-none-embed/8.2.0/../../../../riscv-none-embed/lib/rv32imacxw/ilp32\libm.a(lib_a-s_atan.o)
 .rodata.nan.cst8
                0x000000000000d9e0        0x8 c:/mounriver/mounriver_studio/toolchain/risc-v embedded gcc/bin/../lib/gcc/riscv-none-embed/8.2.0/../../../../riscv-none-embed/lib/rv32imacxw/ilp32\libm.a(lib_a-s_nan.o)
 .rodata.__divdf3
                0x000000000000d9e8       0x40 c:/mounriver/mounriver_studio/toolchain/risc-v embedded gcc/bin/../lib/gcc/riscv-none-embed/8.2.0/rv32imacxw/ilp32\libgcc.a(divdf3.o)
 .rodata.__muldf3
                0x000000000000da28       0x40 c:/mounriver/mounriver_studio/toolchain/risc-v embedded gcc/bin/../lib/gcc/riscv-none-embed/8.2.0/rv32imacxw/ilp32\libgcc.a(muldf3.o)
 .rodata.__divsf3
                0x000000000000da68       0x80 c:/mounriver/mounriver_studio/toolchain/risc-v embedded gcc/bin/../lib/gcc/riscv-none-embed/8.2.0/rv32imacxw/ilp32\libgcc.a(divsf3.o)
 .rodata.__mulsf3
                0x000000000000dae8       0x40 c:/mounriver/mounriver_studio/toolchain/risc-v embedded gcc/bin/../lib/gcc/riscv-none-embed/8.2.0/rv32imacxw/ilp32\libgcc.a(mulsf3.o)
 .rodata.__clz_tab
                0x000000000000db28      0x100 c:/mounriver/mounriver_studio/toolchain/risc-v embedded gcc/bin/../lib/gcc/riscv-none-embed/8.2.0/rv32imacxw/ilp32\libgcc.a(_clz.o)
                0x000000000000db28                __clz_tab
 .rodata._printf_float.cst8
                0x000000000000dc28        0x8 c:/mounriver/mounriver_studio/toolchain/risc-v embedded gcc/bin/../lib/gcc/riscv-none-embed/8.2.0/../../../../riscv-none-embed/lib/rv32imacxw/ilp32\libg_nano.a(lib_a-nano-vfprintf_float.o)
 .rodata._printf_float.str1.4
                0x000000000000dc30       0x12 c:/mounriver/mounriver_studio/toolchain/risc-v embedded gcc/bin/../lib/gcc/riscv-none-embed/8.2.0/../../../../riscv-none-embed/lib/rv32imacxw/ilp32\libg_nano.a(lib_a-nano-vfprintf_float.o)
 *fill*         0x000000000000dc42        0x2 
 .rodata._printf_i.str1.4
                0x000000000000dc44       0x25 c:/mounriver/mounriver_studio/toolchain/risc-v embedded gcc/bin/../lib/gcc/riscv-none-embed/8.2.0/../../../../riscv-none-embed/lib/rv32imacxw/ilp32\libg_nano.a(lib_a-nano-vfprintf_i.o)
 *fill*         0x000000000000dc69        0x3 
 .rodata._scanf_float.str1.4
                0x000000000000dc6c        0x5 c:/mounriver/mounriver_studio/toolchain/risc-v embedded gcc/bin/../lib/gcc/riscv-none-embed/8.2.0/../../../../riscv-none-embed/lib/rv32imacxw/ilp32\libg_nano.a(lib_a-nano-vfscanf_float.o)
 *fill*         0x000000000000dc71        0x3 
 .rodata.nanf.cst4
                0x000000000000dc74        0x4 c:/mounriver/mounriver_studio/toolchain/risc-v embedded gcc/bin/../lib/gcc/riscv-none-embed/8.2.0/../../../../riscv-none-embed/lib/rv32imacxw/ilp32\libg_nano.a(lib_a-sf_nan.o)
 .rodata._strtod_l
                0x000000000000dc78       0x14 c:/mounriver/mounriver_studio/toolchain/risc-v embedded gcc/bin/../lib/gcc/riscv-none-embed/8.2.0/../../../../riscv-none-embed/lib/rv32imacxw/ilp32\libg_nano.a(lib_a-strtod.o)
 *fill*         0x000000000000dc8c        0x4 
 .rodata._strtod_l.cst8
                0x000000000000dc90       0x20 c:/mounriver/mounriver_studio/toolchain/risc-v embedded gcc/bin/../lib/gcc/riscv-none-embed/8.2.0/../../../../riscv-none-embed/lib/rv32imacxw/ilp32\libg_nano.a(lib_a-strtod.o)
                                         0x38 (size before relaxing)
 .rodata._strtod_l.str1.4
                0x000000000000dcb0        0xf c:/mounriver/mounriver_studio/toolchain/risc-v embedded gcc/bin/../lib/gcc/riscv-none-embed/8.2.0/../../../../riscv-none-embed/lib/rv32imacxw/ilp32\libg_nano.a(lib_a-strtod.o)
 *fill*         0x000000000000dcbf        0x1 
 .rodata.fpi.3395
                0x000000000000dcc0       0x14 c:/mounriver/mounriver_studio/toolchain/risc-v embedded gcc/bin/../lib/gcc/riscv-none-embed/8.2.0/../../../../riscv-none-embed/lib/rv32imacxw/ilp32\libg_nano.a(lib_a-strtod.o)
 .rodata.fpinan.3431
                0x000000000000dcd4       0x14 c:/mounriver/mounriver_studio/toolchain/risc-v embedded gcc/bin/../lib/gcc/riscv-none-embed/8.2.0/../../../../riscv-none-embed/lib/rv32imacxw/ilp32\libg_nano.a(lib_a-strtod.o)
 .rodata.tinytens
                0x000000000000dce8       0x28 c:/mounriver/mounriver_studio/toolchain/risc-v embedded gcc/bin/../lib/gcc/riscv-none-embed/8.2.0/../../../../riscv-none-embed/lib/rv32imacxw/ilp32\libg_nano.a(lib_a-strtod.o)
 .rodata._dtoa_r.cst8
                0x000000000000dd10       0x30 c:/mounriver/mounriver_studio/toolchain/risc-v embedded gcc/bin/../lib/gcc/riscv-none-embed/8.2.0/../../../../riscv-none-embed/lib/rv32imacxw/ilp32\libg_nano.a(lib_a-dtoa.o)
                                         0x48 (size before relaxing)
 .rodata._dtoa_r.str1.4
                0x000000000000dd40       0x10 c:/mounriver/mounriver_studio/toolchain/risc-v embedded gcc/bin/../lib/gcc/riscv-none-embed/8.2.0/../../../../riscv-none-embed/lib/rv32imacxw/ilp32\libg_nano.a(lib_a-dtoa.o)
                                         0x12 (size before relaxing)
 .rodata.__sf_fake_stderr
                0x000000000000dd50       0x20 c:/mounriver/mounriver_studio/toolchain/risc-v embedded gcc/bin/../lib/gcc/riscv-none-embed/8.2.0/../../../../riscv-none-embed/lib/rv32imacxw/ilp32\libg_nano.a(lib_a-findfp.o)
                0x000000000000dd50                __sf_fake_stderr
 .rodata.__sf_fake_stdin
                0x000000000000dd70       0x20 c:/mounriver/mounriver_studio/toolchain/risc-v embedded gcc/bin/../lib/gcc/riscv-none-embed/8.2.0/../../../../riscv-none-embed/lib/rv32imacxw/ilp32\libg_nano.a(lib_a-findfp.o)
                0x000000000000dd70                __sf_fake_stdin
 .rodata.__sf_fake_stdout
                0x000000000000dd90       0x20 c:/mounriver/mounriver_studio/toolchain/risc-v embedded gcc/bin/../lib/gcc/riscv-none-embed/8.2.0/../../../../riscv-none-embed/lib/rv32imacxw/ilp32\libg_nano.a(lib_a-findfp.o)
                0x000000000000dd90                __sf_fake_stdout
 .rodata._setlocale_r.str1.4
                0x000000000000ddb0        0xa c:/mounriver/mounriver_studio/toolchain/risc-v embedded gcc/bin/../lib/gcc/riscv-none-embed/8.2.0/../../../../riscv-none-embed/lib/rv32imacxw/ilp32\libg_nano.a(lib_a-locale.o)
                                          0xd (size before relaxing)
 *fill*         0x000000000000ddba        0x2 
 .rodata.str1.4
                0x000000000000ddbc        0x2 c:/mounriver/mounriver_studio/toolchain/risc-v embedded gcc/bin/../lib/gcc/riscv-none-embed/8.2.0/../../../../riscv-none-embed/lib/rv32imacxw/ilp32\libg_nano.a(lib_a-locale.o)
 *fill*         0x000000000000ddbe        0x2 
 .rodata.__mprec_bigtens
                0x000000000000ddc0       0x28 c:/mounriver/mounriver_studio/toolchain/risc-v embedded gcc/bin/../lib/gcc/riscv-none-embed/8.2.0/../../../../riscv-none-embed/lib/rv32imacxw/ilp32\libg_nano.a(lib_a-mprec.o)
                0x000000000000ddc0                __mprec_bigtens
 .rodata.__mprec_tens
                0x000000000000dde8       0xc8 c:/mounriver/mounriver_studio/toolchain/risc-v embedded gcc/bin/../lib/gcc/riscv-none-embed/8.2.0/../../../../riscv-none-embed/lib/rv32imacxw/ilp32\libg_nano.a(lib_a-mprec.o)
                0x000000000000dde8                __mprec_tens
 .rodata.p05.3319
                0x000000000000deb0        0xc c:/mounriver/mounriver_studio/toolchain/risc-v embedded gcc/bin/../lib/gcc/riscv-none-embed/8.2.0/../../../../riscv-none-embed/lib/rv32imacxw/ilp32\libg_nano.a(lib_a-mprec.o)
 .rodata._svfprintf_r.str1.4
                0x000000000000debc       0x14 c:/mounriver/mounriver_studio/toolchain/risc-v embedded gcc/bin/../lib/gcc/riscv-none-embed/8.2.0/../../../../riscv-none-embed/lib/rv32imacxw/ilp32\libg_nano.a(lib_a-nano-svfprintf.o)
                                         0x13 (size before relaxing)
 .rodata._vfprintf_r.str1.4
                0x000000000000ded0       0x13 c:/mounriver/mounriver_studio/toolchain/risc-v embedded gcc/bin/../lib/gcc/riscv-none-embed/8.2.0/../../../../riscv-none-embed/lib/rv32imacxw/ilp32\libg_nano.a(lib_a-nano-vfprintf.o)
 .rodata._ctype_
                0x000000000000ded0      0x101 c:/mounriver/mounriver_studio/toolchain/risc-v embedded gcc/bin/../lib/gcc/riscv-none-embed/8.2.0/../../../../riscv-none-embed/lib/rv32imacxw/ilp32\libg_nano.a(lib_a-ctype_.o)
                0x000000000000ded0                _ctype_
 *(.gnu.linkonce.t.*)
                0x000000000000dfd4                . = ALIGN (0x4)
 *fill*         0x000000000000dfd1        0x3 

.rela.dyn       0x000000000000dfd4        0x0
 .rela.init     0x000000000000dfd4        0x0 ./User/ch32v30x_it.o
 .rela.vector   0x000000000000dfd4        0x0 ./User/ch32v30x_it.o
 .rela.text.handle_reset
                0x000000000000dfd4        0x0 ./User/ch32v30x_it.o
 .rela.text._sbrk
                0x000000000000dfd4        0x0 ./User/ch32v30x_it.o
 .rela.sdata.curbrk.5218
                0x000000000000dfd4        0x0 ./User/ch32v30x_it.o
 .rela.text._svfprintf_r
                0x000000000000dfd4        0x0 ./User/ch32v30x_it.o
 .rela.text._vfprintf_r
                0x000000000000dfd4        0x0 ./User/ch32v30x_it.o
 .rela.text._sbrk_r
                0x000000000000dfd4        0x0 ./User/ch32v30x_it.o
 .rela.text._write_r
                0x000000000000dfd4        0x0 ./User/ch32v30x_it.o
 .rela.text._close_r
                0x000000000000dfd4        0x0 ./User/ch32v30x_it.o
 .rela.text._fstat_r
                0x000000000000dfd4        0x0 ./User/ch32v30x_it.o
 .rela.text._isatty_r
                0x000000000000dfd4        0x0 ./User/ch32v30x_it.o
 .rela.text._lseek_r
                0x000000000000dfd4        0x0 ./User/ch32v30x_it.o
 .rela.text._read_r
                0x000000000000dfd4        0x0 ./User/ch32v30x_it.o
 .rela.text._close
                0x000000000000dfd4        0x0 ./User/ch32v30x_it.o
 .rela.text._fstat
                0x000000000000dfd4        0x0 ./User/ch32v30x_it.o
 .rela.text._isatty
                0x000000000000dfd4        0x0 ./User/ch32v30x_it.o
 .rela.text._lseek
                0x000000000000dfd4        0x0 ./User/ch32v30x_it.o
 .rela.text._read
                0x000000000000dfd4        0x0 ./User/ch32v30x_it.o

.fini           0x000000000000dfd4        0x0
 *(SORT_NONE(.fini))
                0x000000000000dfd4                . = ALIGN (0x4)
                [!provide]                        PROVIDE (_etext = .)
                [!provide]                        PROVIDE (_eitcm = .)

.preinit_array  0x000000000000dfd4        0x0
                [!provide]                        PROVIDE (__preinit_array_start = .)
 *(.preinit_array)
                [!provide]                        PROVIDE (__preinit_array_end = .)

.init_array     0x000000000000dfd4        0x0
                [!provide]                        PROVIDE (__init_array_start = .)
 *(SORT_BY_INIT_PRIORITY(.init_array.*) SORT_BY_INIT_PRIORITY(.ctors.*))
 *(.init_array EXCLUDE_FILE(*crtend?.o *crtend.o *crtbegin?.o *crtbegin.o) .ctors)
                [!provide]                        PROVIDE (__init_array_end = .)

.fini_array     0x000000000000dfd4        0x0
                [!provide]                        PROVIDE (__fini_array_start = .)
 *(SORT_BY_INIT_PRIORITY(.fini_array.*) SORT_BY_INIT_PRIORITY(.dtors.*))
 *(.fini_array EXCLUDE_FILE(*crtend?.o *crtend.o *crtbegin?.o *crtbegin.o) .dtors)
                [!provide]                        PROVIDE (__fini_array_end = .)

.ctors
 *crtbegin.o(.ctors)
 *crtbegin?.o(.ctors)
 *(EXCLUDE_FILE(*crtend?.o *crtend.o) .ctors)
 *(SORT_BY_NAME(.ctors.*))
 *(.ctors)

.dtors
 *crtbegin.o(.dtors)
 *crtbegin?.o(.dtors)
 *(EXCLUDE_FILE(*crtend?.o *crtend.o) .dtors)
 *(SORT_BY_NAME(.dtors.*))
 *(.dtors)

.dalign         0x0000000020000000        0x0 load address 0x000000000000dfd4
                0x0000000020000000                . = ALIGN (0x4)
                0x0000000020000000                PROVIDE (_data_vma = .)

.dlalign        0x000000000000dfd4        0x0
                0x000000000000dfd4                . = ALIGN (0x4)
                0x000000000000dfd4                PROVIDE (_data_lma = .)

.data           0x0000000020000000      0x240 load address 0x000000000000dfd4
 *(.gnu.linkonce.r.*)
 *(.data .data.*)
 .data.AHBPrescTable
                0x0000000020000000       0x10 ./User/system_ch32v30x.o
                0x0000000020000000                AHBPrescTable
 .data.APBAHBPrescTable
                0x0000000020000010       0x10 ./Peripheral/src/ch32v30x_rcc.o
 .data.gyro_orientation
                0x0000000020000020        0x9 ./HardWare/inv_mpu/inv_mpu.o
 *fill*         0x0000000020000029        0x3 
 .data.st       0x000000002000002c       0x2c ./HardWare/inv_mpu/inv_mpu.o
 .data.impure_data
                0x0000000020000058       0x60 c:/mounriver/mounriver_studio/toolchain/risc-v embedded gcc/bin/../lib/gcc/riscv-none-embed/8.2.0/../../../../riscv-none-embed/lib/rv32imacxw/ilp32\libg_nano.a(lib_a-impure.o)
 .data.__global_locale
                0x00000000200000b8      0x16c c:/mounriver/mounriver_studio/toolchain/risc-v embedded gcc/bin/../lib/gcc/riscv-none-embed/8.2.0/../../../../riscv-none-embed/lib/rv32imacxw/ilp32\libg_nano.a(lib_a-locale.o)
                0x00000000200000b8                __global_locale
 *(.gnu.linkonce.d.*)
                0x0000000020000228                . = ALIGN (0x8)
 *fill*         0x0000000020000224        0x4 
                0x0000000020000a28                PROVIDE (__global_pointer$ = (. + 0x800))
 *(.sdata .sdata.*)
 .sdata.SystemCoreClock
                0x0000000020000228        0x4 ./User/system_ch32v30x.o
                0x0000000020000228                SystemCoreClock
 .sdata.ADCPrescTable
                0x000000002000022c        0x4 ./Peripheral/src/ch32v30x_rcc.o
 .sdata.curbrk.5218
                0x0000000020000230        0x4 ./Debug/debug.o
 .sdata.__fdlib_version
                0x0000000020000234        0x4 c:/mounriver/mounriver_studio/toolchain/risc-v embedded gcc/bin/../lib/gcc/riscv-none-embed/8.2.0/../../../../riscv-none-embed/lib/rv32imacxw/ilp32\libm.a(lib_a-s_lib_ver.o)
                0x0000000020000234                __fdlib_version
 .sdata._impure_ptr
                0x0000000020000238        0x4 c:/mounriver/mounriver_studio/toolchain/risc-v embedded gcc/bin/../lib/gcc/riscv-none-embed/8.2.0/../../../../riscv-none-embed/lib/rv32imacxw/ilp32\libg_nano.a(lib_a-impure.o)
                0x0000000020000238                _impure_ptr
 *(.sdata2.*)
 .sdata2._global_impure_ptr
                0x000000002000023c        0x4 c:/mounriver/mounriver_studio/toolchain/risc-v embedded gcc/bin/../lib/gcc/riscv-none-embed/8.2.0/../../../../riscv-none-embed/lib/rv32imacxw/ilp32\libg_nano.a(lib_a-impure.o)
                0x000000002000023c                _global_impure_ptr
 *(.gnu.linkonce.s.*)
                0x0000000020000240                . = ALIGN (0x8)
 *(.srodata.cst16)
 *(.srodata.cst8)
 *(.srodata.cst4)
 *(.srodata.cst2)
 *(.srodata .srodata.*)
                0x0000000020000240                . = ALIGN (0x4)
                0x0000000020000240                PROVIDE (_edata = .)

.bss            0x0000000020000240       0x48 load address 0x000000000000e214
                0x0000000020000240                . = ALIGN (0x4)
                0x0000000020000240                PROVIDE (_sbss = .)
 *(.sbss*)
 .sbss.Aacx     0x0000000020000240        0x2 ./User/main.o
                0x0000000020000240                Aacx
 .sbss.Aacy     0x0000000020000242        0x2 ./User/main.o
                0x0000000020000242                Aacy
 .sbss.Aacz     0x0000000020000244        0x2 ./User/main.o
                0x0000000020000244                Aacz
 .sbss.Gyrox    0x0000000020000246        0x2 ./User/main.o
                0x0000000020000246                Gyrox
 .sbss.Gyroy    0x0000000020000248        0x2 ./User/main.o
                0x0000000020000248                Gyroy
 .sbss.Gyroz    0x000000002000024a        0x2 ./User/main.o
                0x000000002000024a                Gyroz
 .sbss.Pitch    0x000000002000024c        0x4 ./User/main.o
                0x000000002000024c                Pitch
 .sbss.Roll     0x0000000020000250        0x4 ./User/main.o
                0x0000000020000250                Roll
 .sbss.Yaw      0x0000000020000254        0x4 ./User/main.o
                0x0000000020000254                Yaw
 .sbss.new_roll
                0x0000000020000258        0x4 ./User/main.o
                0x0000000020000258                new_roll
 .sbss.NVIC_Priority_Group
                0x000000002000025c        0x4 ./Peripheral/src/ch32v30x_misc.o
                0x000000002000025c                NVIC_Priority_Group
 .sbss.angle_change
                0x0000000020000260        0x4 ./HardWare/TIM2/TIM2.o
                0x0000000020000260                angle_change
 .sbss.prev_angle
                0x0000000020000264        0x4 ./HardWare/TIM2/TIM2.o
                0x0000000020000264                prev_angle
 .sbss.p_ms     0x0000000020000268        0x2 ./Debug/debug.o
 .sbss.p_us     0x000000002000026a        0x1 ./Debug/debug.o
 *fill*         0x000000002000026b        0x1 
 .sbss.__malloc_free_list
                0x000000002000026c        0x4 c:/mounriver/mounriver_studio/toolchain/risc-v embedded gcc/bin/../lib/gcc/riscv-none-embed/8.2.0/../../../../riscv-none-embed/lib/rv32imacxw/ilp32\libg_nano.a(lib_a-nano-mallocr.o)
                0x000000002000026c                __malloc_free_list
 .sbss.__malloc_sbrk_start
                0x0000000020000270        0x4 c:/mounriver/mounriver_studio/toolchain/risc-v embedded gcc/bin/../lib/gcc/riscv-none-embed/8.2.0/../../../../riscv-none-embed/lib/rv32imacxw/ilp32\libg_nano.a(lib_a-nano-mallocr.o)
                0x0000000020000270                __malloc_sbrk_start
 *(.gnu.linkonce.sb.*)
 *(.bss*)
 .bss.dmp       0x0000000020000274       0x10 ./HardWare/inv_mpu_dmp_motion_driver/inv_mpu_dmp_motion_driver.o
 *(.gnu.linkonce.b.*)
 *(COMMON*)
 COMMON         0x0000000020000284        0x4 c:/mounriver/mounriver_studio/toolchain/risc-v embedded gcc/bin/../lib/gcc/riscv-none-embed/8.2.0/../../../../riscv-none-embed/lib/rv32imacxw/ilp32\libg_nano.a(lib_a-reent.o)
                0x0000000020000284                errno
                0x0000000020000288                . = ALIGN (0x4)
                0x0000000020000288                PROVIDE (_ebss = .)
                0x0000000020000288                PROVIDE (_end = _ebss)
                [!provide]                        PROVIDE (end = .)

.stack          0x0000000020007800      0x800
                0x0000000020007800                PROVIDE (_heap_end = .)
                0x0000000020007800                . = ALIGN (0x4)
                [!provide]                        PROVIDE (_susrstack = .)
                0x0000000020008000                . = (. + __stack_size)
 *fill*         0x0000000020007800      0x800 
                0x0000000020008000                PROVIDE (_eusrstack = .)
OUTPUT(CH32V307VCT6_MPU6050.elf elf32-littleriscv)

.debug_info     0x0000000000000000    0x158b3
 .debug_info    0x0000000000000000      0x962 ./User/ch32v30x_it.o
 .debug_info    0x0000000000000962      0xcd3 ./User/main.o
 .debug_info    0x0000000000001635      0xb89 ./User/system_ch32v30x.o
 .debug_info    0x00000000000021be       0x22 ./Startup/startup_ch32v30x_D8C.o
 .debug_info    0x00000000000021e0     0x1093 ./Peripheral/src/ch32v30x_gpio.o
 .debug_info    0x0000000000003273      0xab4 ./Peripheral/src/ch32v30x_iwdg.o
 .debug_info    0x0000000000003d27      0xf72 ./Peripheral/src/ch32v30x_misc.o
 .debug_info    0x0000000000004c99     0x156e ./Peripheral/src/ch32v30x_rcc.o
 .debug_info    0x0000000000006207     0x2a16 ./Peripheral/src/ch32v30x_tim.o
 .debug_info    0x0000000000008c1d     0x1420 ./Peripheral/src/ch32v30x_usart.o
 .debug_info    0x000000000000a03d     0x1ba7 ./HardWare/inv_mpu_dmp_motion_driver/inv_mpu_dmp_motion_driver.o
 .debug_info    0x000000000000bbe4     0x317c ./HardWare/inv_mpu/inv_mpu.o
 .debug_info    0x000000000000ed60      0xce9 ./HardWare/USART2/USART2.o
 .debug_info    0x000000000000fa49      0xeae ./HardWare/UART4/UART4.o
 .debug_info    0x00000000000108f7     0x1203 ./HardWare/TIM2/TIM2.o
 .debug_info    0x0000000000011afa     0x10ee ./HardWare/MPU6050IIC/MPU6050IIC.o
 .debug_info    0x0000000000012be8     0x1389 ./HardWare/MPU6050/MPU6050.o
 .debug_info    0x0000000000013f71      0xa26 ./HardWare/IWDG/IWDG.o
 .debug_info    0x0000000000014997      0xf1c ./Debug/debug.o

.debug_abbrev   0x0000000000000000     0x3650
 .debug_abbrev  0x0000000000000000      0x1cf ./User/ch32v30x_it.o
 .debug_abbrev  0x00000000000001cf      0x257 ./User/main.o
 .debug_abbrev  0x0000000000000426      0x2c0 ./User/system_ch32v30x.o