Archive member included to satisfy reference by file (symbol)

c:/mounriver/mounriver_studio/toolchain/risc-v embedded gcc/bin/../lib/gcc/riscv-none-embed/8.2.0/rv32imacxw/ilp32\libgcc.a(ledf2.o)
                              ./User/main.o (__ltdf2)
c:/mounriver/mounriver_studio/toolchain/risc-v embedded gcc/bin/../lib/gcc/riscv-none-embed/8.2.0/rv32imacxw/ilp32\libgcc.a(muldf3.o)
                              ./User/main.o (__muldf3)
c:/mounriver/mounriver_studio/toolchain/risc-v embedded gcc/bin/../lib/gcc/riscv-none-embed/8.2.0/rv32imacxw/ilp32\libgcc.a(subdf3.o)
                              ./User/main.o (__subdf3)
c:/mounriver/mounriver_studio/toolchain/risc-v embedded gcc/bin/../lib/gcc/riscv-none-embed/8.2.0/rv32imacxw/ilp32\libgcc.a(floatsidf.o)
                              ./User/main.o (__floatsidf)
c:/mounriver/mounriver_studio/toolchain/risc-v embedded gcc/bin/../lib/gcc/riscv-none-embed/8.2.0/rv32imacxw/ilp32\libgcc.a(addsf3.o)
                              ./hardware/Speed/speed.o (__addsf3)
c:/mounriver/mounriver_studio/toolchain/risc-v embedded gcc/bin/../lib/gcc/riscv-none-embed/8.2.0/rv32imacxw/ilp32\libgcc.a(divsf3.o)
                              ./hardware/Speed/speed.o (__divsf3)
c:/mounriver/mounriver_studio/toolchain/risc-v embedded gcc/bin/../lib/gcc/riscv-none-embed/8.2.0/rv32imacxw/ilp32\libgcc.a(eqsf2.o)
                              ./User/main.o (__eqsf2)
c:/mounriver/mounriver_studio/toolchain/risc-v embedded gcc/bin/../lib/gcc/riscv-none-embed/8.2.0/rv32imacxw/ilp32\libgcc.a(gesf2.o)
                              ./User/main.o (__gesf2)
c:/mounriver/mounriver_studio/toolchain/risc-v embedded gcc/bin/../lib/gcc/riscv-none-embed/8.2.0/rv32imacxw/ilp32\libgcc.a(lesf2.o)
                              ./User/main.o (__ltsf2)
c:/mounriver/mounriver_studio/toolchain/risc-v embedded gcc/bin/../lib/gcc/riscv-none-embed/8.2.0/rv32imacxw/ilp32\libgcc.a(mulsf3.o)
                              ./User/main.o (__mulsf3)
c:/mounriver/mounriver_studio/toolchain/risc-v embedded gcc/bin/../lib/gcc/riscv-none-embed/8.2.0/rv32imacxw/ilp32\libgcc.a(subsf3.o)
                              ./User/main.o (__subsf3)
c:/mounriver/mounriver_studio/toolchain/risc-v embedded gcc/bin/../lib/gcc/riscv-none-embed/8.2.0/rv32imacxw/ilp32\libgcc.a(fixsfsi.o)
                              ./User/main.o (__fixsfsi)
c:/mounriver/mounriver_studio/toolchain/risc-v embedded gcc/bin/../lib/gcc/riscv-none-embed/8.2.0/rv32imacxw/ilp32\libgcc.a(fixunssfsi.o)
                              ./hardware/Speed/speed.o (__fixunssfsi)
c:/mounriver/mounriver_studio/toolchain/risc-v embedded gcc/bin/../lib/gcc/riscv-none-embed/8.2.0/rv32imacxw/ilp32\libgcc.a(floatsisf.o)
                              ./User/main.o (__floatsisf)
c:/mounriver/mounriver_studio/toolchain/risc-v embedded gcc/bin/../lib/gcc/riscv-none-embed/8.2.0/rv32imacxw/ilp32\libgcc.a(floatunsisf.o)
                              ./hardware/HC-SR04/HC-SR04.o (__floatunsisf)
c:/mounriver/mounriver_studio/toolchain/risc-v embedded gcc/bin/../lib/gcc/riscv-none-embed/8.2.0/rv32imacxw/ilp32\libgcc.a(extendsfdf2.o)
                              ./hardware/UART_show/uartshow.o (__extendsfdf2)
c:/mounriver/mounriver_studio/toolchain/risc-v embedded gcc/bin/../lib/gcc/riscv-none-embed/8.2.0/rv32imacxw/ilp32\libgcc.a(truncdfsf2.o)
                              ./User/main.o (__truncdfsf2)
c:/mounriver/mounriver_studio/toolchain/risc-v embedded gcc/bin/../lib/gcc/riscv-none-embed/8.2.0/rv32imacxw/ilp32\libgcc.a(save-restore.o)
                              ./hardware/RTC/RTC.o (__riscv_save_12)
c:/mounriver/mounriver_studio/toolchain/risc-v embedded gcc/bin/../lib/gcc/riscv-none-embed/8.2.0/rv32imacxw/ilp32\libgcc.a(_clzsi2.o)
                              c:/mounriver/mounriver_studio/toolchain/risc-v embedded gcc/bin/../lib/gcc/riscv-none-embed/8.2.0/rv32imacxw/ilp32\libgcc.a(muldf3.o) (__clzsi2)
c:/mounriver/mounriver_studio/toolchain/risc-v embedded gcc/bin/../lib/gcc/riscv-none-embed/8.2.0/rv32imacxw/ilp32\libgcc.a(_clz.o)
                              c:/mounriver/mounriver_studio/toolchain/risc-v embedded gcc/bin/../lib/gcc/riscv-none-embed/8.2.0/rv32imacxw/ilp32\libgcc.a(_clzsi2.o) (__clz_tab)
c:/mounriver/mounriver_studio/toolchain/risc-v embedded gcc/bin/../lib/gcc/riscv-none-embed/8.2.0/../../../../riscv-none-embed/lib/rv32imacxw/ilp32\libg_nano.a(lib_a-memset.o)
                              ./hardware/ADC_SMOKE/ADC.o (memset)
c:/mounriver/mounriver_studio/toolchain/risc-v embedded gcc/bin/../lib/gcc/riscv-none-embed/8.2.0/../../../../riscv-none-embed/lib/rv32imacxw/ilp32\libg_nano.a(lib_a-nano-vfprintf_float.o)
                              (_printf_float)
c:/mounriver/mounriver_studio/toolchain/risc-v embedded gcc/bin/../lib/gcc/riscv-none-embed/8.2.0/../../../../riscv-none-embed/lib/rv32imacxw/ilp32\libg_nano.a(lib_a-nano-vfprintf_i.o)
[...]
Memory Configuration

Name             Origin             Length             Attributes
FLASH            0x0000000000000000 0x0000000000048000 xr
RAM              0x0000000020000000 0x0000000000008000 xrw
*default*        0x0000000000000000 0xffffffffffffffff

Linker script and memory map

LOAD ./hardware/USART3/USART3.o
LOAD ./hardware/USART2/USART2.o
LOAD ./hardware/UART_show/uartshow.o
LOAD ./hardware/UART4/UART4.o
LOAD ./hardware/Speed/speed.o
LOAD ./hardware/RTC/RTC.o
LOAD ./hardware/KEY_Pwm/key_pwm.o
LOAD ./hardware/HC-SR04/HC-SR04.o
LOAD ./hardware/DHT11/dht11.o
LOAD ./hardware/ADC_SMOKE/ADC.o
LOAD ./User/ch32v30x_it.o
LOAD ./User/main.o
LOAD ./User/system_ch32v30x.o
LOAD ./Startup/startup_ch32v30x_D8C.o
LOAD ./Peripheral/src/ch32v30x_adc.o
LOAD ./Peripheral/src/ch32v30x_bkp.o
LOAD ./Peripheral/src/ch32v30x_can.o
LOAD ./Peripheral/src/ch32v30x_crc.o
LOAD ./Peripheral/src/ch32v30x_dac.o
LOAD ./Peripheral/src/ch32v30x_dbgmcu.o
LOAD ./Peripheral/src/ch32v30x_dma.o
LOAD ./Peripheral/src/ch32v30x_dvp.o
LOAD ./Peripheral/src/ch32v30x_eth.o
LOAD ./Peripheral/src/ch32v30x_exti.o
LOAD ./Peripheral/src/ch32v30x_flash.o
LOAD ./Peripheral/src/ch32v30x_fsmc.o
LOAD ./Peripheral/src/ch32v30x_gpio.o
LOAD ./Peripheral/src/ch32v30x_i2c.o
LOAD ./Peripheral/src/ch32v30x_iwdg.o
LOAD ./Peripheral/src/ch32v30x_misc.o
LOAD ./Peripheral/src/ch32v30x_opa.o
LOAD ./Peripheral/src/ch32v30x_pwr.o
LOAD ./Peripheral/src/ch32v30x_rcc.o
LOAD ./Peripheral/src/ch32v30x_rng.o
LOAD ./Peripheral/src/ch32v30x_rtc.o
LOAD ./Peripheral/src/ch32v30x_sdio.o
LOAD ./Peripheral/src/ch32v30x_spi.o
LOAD ./Peripheral/src/ch32v30x_tim.o
LOAD ./Peripheral/src/ch32v30x_usart.o
LOAD ./Peripheral/src/ch32v30x_wwdg.o
LOAD ./Debug/debug.o
LOAD ./Core/core_riscv.o
LOAD c:/mounriver/mounriver_studio/toolchain/risc-v embedded gcc/bin/../lib/gcc/riscv-none-embed/8.2.0/../../../../riscv-none-embed/lib/rv32imacxw/ilp32\libm.a
LOAD c:/mounriver/mounriver_studio/toolchain/risc-v embedded gcc/bin/../lib/gcc/riscv-none-embed/8.2.0/rv32imacxw/ilp32\libgcc.a
LOAD c:/mounriver/mounriver_studio/toolchain/risc-v embedded gcc/bin/../lib/gcc/riscv-none-embed/8.2.0/../../../../riscv-none-embed/lib/rv32imacxw/ilp32\libg_nano.a
LOAD c:/mounriver/mounriver_studio/toolchain/risc-v embedded gcc/bin/../lib/gcc/riscv-none-embed/8.2.0/../../../../riscv-none-embed/lib/rv32imacxw/ilp32\libc_nano.a
LOAD c:/mounriver/mounriver_studio/toolchain/risc-v embedded gcc/bin/../lib/gcc/riscv-none-embed/8.2.0/rv32imacxw/ilp32\libgcc.a
START GROUP
LOAD c:/mounriver/mounriver_studio/toolchain/risc-v embedded gcc/bin/../lib/gcc/riscv-none-embed/8.2.0/rv32imacxw/ilp32\libgcc.a
LOAD c:/mounriver/mounriver_studio/toolchain/risc-v embedded gcc/bin/../lib/gcc/riscv-none-embed/8.2.0/../../../../riscv-none-embed/lib/rv32imacxw/ilp32\libc_nano.a
LOAD c:/mounriver/mounriver_studio/toolchain/risc-v embedded gcc/bin/../lib/gcc/riscv-none-embed/8.2.0/../../../../riscv-none-embed/lib/rv32imacxw/ilp32\libnosys.a
END GROUP
START GROUP
LOAD c:/mounriver/mounriver_studio/toolchain/risc-v embedded gcc/bin/../lib/gcc/riscv-none-embed/8.2.0/rv32imacxw/ilp32\libgcc.a
LOAD c:/mounriver/mounriver_studio/toolchain/risc-v embedded gcc/bin/../lib/gcc/riscv-none-embed/8.2.0/../../../../riscv-none-embed/lib/rv32imacxw/ilp32\libc_nano.a
LOAD c:/mounriver/mounriver_studio/toolchain/risc-v embedded gcc/bin/../lib/gcc/riscv-none-embed/8.2.0/../../../../riscv-none-embed/lib/rv32imacxw/ilp32\libnosys.a
END GROUP
                0x0000000000000800                __stack_size = 0x800
                [!provide]                        PROVIDE (_stack_size = __stack_size)

.init           0x0000000000000000       0x38
                0x0000000000000000                _sinit = .
                0x0000000000000000                . = ALIGN (0x4)
 *(SORT_NONE(.init))
 .init          0x0000000000000000       0x38 ./Startup/startup_ch32v30x_D8C.o
                0x0000000000000000                _start
                0x0000000000000038                . = ALIGN (0x4)
                0x0000000000000038                _einit = .

.vector         0x0000000000000038      0x1c8
 *(.vector)
 .vector        0x0000000000000038      0x1a0 ./Startup/startup_ch32v30x_D8C.o
                0x0000000000000200                . = ALIGN (0x40)
 *fill*         0x00000000000001d8       0x28 

.text           0x0000000000000200     0xac1c
                0x0000000000000200                . = ALIGN (0x4)
 *(.text)
 .text          0x0000000000000200       0x60 c:/mounriver/mounriver_studio/toolchain/risc-v embedded gcc/bin/../lib/gcc/riscv-none-embed/8.2.0/rv32imacxw/ilp32\libgcc.a(save-restore.o)
                0x0000000000000200                __riscv_save_12
                0x0000000000000208                __riscv_save_9
                0x0000000000000208                __riscv_save_11
                0x0000000000000208                __riscv_save_10
                0x0000000000000208                __riscv_save_8
                0x0000000000000216                __riscv_save_4
                0x0000000000000216                __riscv_save_6
                0x0000000000000216                __riscv_save_5
                0x0000000000000216                __riscv_save_7
                0x0000000000000230                __riscv_save_3
                0x0000000000000230                __riscv_save_2
                0x0000000000000230                __riscv_save_1
                0x0000000000000230                __riscv_save_0
                0x000000000000023c                __riscv_restore_12
                0x0000000000000240                __riscv_restore_11
                0x0000000000000240                __riscv_restore_9
                0x0000000000000240                __riscv_restore_10
                0x0000000000000240                __riscv_restore_8
                0x000000000000024a                __riscv_restore_5
                0x000000000000024a                __riscv_restore_7
                0x000000000000024a                __riscv_restore_6
                0x000000000000024a                __riscv_restore_4
                0x0000000000000254                __riscv_restore_3
                0x0000000000000254                __riscv_restore_0
                0x0000000000000254                __riscv_restore_2
                0x0000000000000254                __riscv_restore_1
 .text          0x0000000000000260       0xa8 c:/mounriver/mounriver_studio/toolchain/risc-v embedded gcc/bin/../lib/gcc/riscv-none-embed/8.2.0/../../../../riscv-none-embed/lib/rv32imacxw/ilp32\libg_nano.a(lib_a-memset.o)
                0x0000000000000260                memset
 *(.text.*)
 .text.uart3_init
                0x0000000000000308       0x96 ./hardware/USART3/USART3.o
                0x0000000000000308                uart3_init
 .text.USART3_IRQHandler
                0x000000000000039e       0x58 ./hardware/USART3/USART3.o
                0x000000000000039e                USART3_IRQHandler
 .text.HMISends
                0x00000000000003f6       0x3a ./hardware/USART3/USART3.o
                0x00000000000003f6                HMISends
 .text.HMISendb
                0x0000000000000430       0x3a ./hardware/USART3/USART3.o
                0x0000000000000430                HMISendb
 .text.uart2_init
                0x000000000000046a       0x90 ./hardware/USART2/USART2.o
                0x000000000000046a                uart2_init
 .text.USART2_IRQHandler
                0x00000000000004fa       0xbe ./hardware/USART2/USART2.o
                0x00000000000004fa                USART2_IRQHandler
 .text.Show_Time
                0x00000000000005b8       0xc0 ./hardware/UART_show/uartshow.o
                0x00000000000005b8                Show_Time
 .text.Show_Alcohol_Normal
                0x0000000000000678       0x3e ./hardware/UART_show/uartshow.o
                0x0000000000000678                Show_Alcohol_Normal
 .text.Show_Alcohol_Abnormal
                0x00000000000006b6       0x3e ./hardware/UART_show/uartshow.o
                0x00000000000006b6                Show_Alcohol_Abnormal
 .text.Show_Speed
                0x00000000000006f4       0xe6 ./hardware/UART_show/uartshow.o
                0x00000000000006f4                Show_Speed
 .text.Show_Speed_Error
                0x00000000000007da       0x26 ./hardware/UART_show/uartshow.o
                0x00000000000007da                Show_Speed_Error
 .text.Show_Temp_Humi
                0x0000000000000800       0xd0 ./hardware/UART_show/uartshow.o
                0x0000000000000800                Show_Temp_Humi
 .text.Show_Temp_Humi_High
                0x00000000000008d0       0x24 ./hardware/UART_show/uartshow.o
                0x00000000000008d0                Show_Temp_Humi_High
 .text.Fatigue_show
                0x00000000000008f4       0x4a ./hardware/UART_show/uartshow.o
                0x00000000000008f4                Fatigue_show
 .text.Call_show
                0x000000000000093e       0x54 ./hardware/UART_show/uartshow.o
                0x000000000000093e                Call_show
 .text.Smoking_show
                0x0000000000000992       0x50 ./hardware/UART_show/uartshow.o
                0x0000000000000992                Smoking_show
 .text.Overtimedriver_show
                0x00000000000009e2       0x2c ./hardware/UART_show/uartshow.o
                0x00000000000009e2                Overtimedriver_show
 .text.Driver_show
                0x0000000000000a0e       0xe0 ./hardware/UART_show/uartshow.o
                0x0000000000000a0e                Driver_show
 .text.GradeA_show
                0x0000000000000aee       0x28 ./hardware/UART_show/uartshow.o
                0x0000000000000aee                GradeA_show
 .text.GradeB_show
                0x0000000000000b16       0x28 ./hardware/UART_show/uartshow.o
                0x0000000000000b16                GradeB_show
 .text.GradeC_show
                0x0000000000000b3e       0x28 ./hardware/UART_show/uartshow.o
                0x0000000000000b3e                GradeC_show
 .text.Hundred_show
                0x0000000000000b66       0x2c ./hardware/UART_show/uartshow.o
                0x0000000000000b66                Hundred_show
 .text.Ten_show
                0x0000000000000b92       0x2c ./hardware/UART_show/uartshow.o
                0x0000000000000b92                Ten_show
 .text.One_show
                0x0000000000000bbe       0x2c ./hardware/UART_show/uartshow.o
                0x0000000000000bbe                One_show
 .text.uart4_Init
                0x0000000000000bea       0x94 ./hardware/UART4/UART4.o
                0x0000000000000bea                uart4_Init
 .text.MOTOR_Init
                0x0000000000000c7e       0x42 ./hardware/Speed/speed.o
                0x0000000000000c7e                MOTOR_Init
 .text.TIM3_PWM_Init
                0x0000000000000cc0       0x96 ./hardware/Speed/speed.o
                0x0000000000000cc0                TIM3_PWM_Init
 .text.TIM2_inIt
                0x0000000000000d56       0x54 ./hardware/Speed/speed.o
                0x0000000000000d56                TIM2_inIt
 .text.GD_inIt  0x0000000000000daa       0x38 ./hardware/Speed/speed.o
                0x0000000000000daa                GD_inIt
 .text.TIM2_IRQHandler
                0x0000000000000de2       0xbe ./hardware/Speed/speed.o
                0x0000000000000de2                TIM2_IRQHandler
 .text.CountSensor_Get
                0x0000000000000ea0       0x20 ./hardware/Speed/speed.o
                0x0000000000000ea0                CountSensor_Get
 .text.NVIC_Configuration
                0x0000000000000ec0       0x24 ./hardware/RTC/RTC.o
                0x0000000000000ec0                NVIC_Configuration
 .text.RCC_Configuration
                0x0000000000000ee4       0x5a ./hardware/RTC/RTC.o
                0x0000000000000ee4                RCC_Configuration
 .text.Is_Leap_Year
                0x0000000000000f3e       0x26 ./hardware/RTC/RTC.o
                0x0000000000000f3e                Is_Leap_Year
 .text.RTC_Get_Week
                0x0000000000000f64       0x4e ./hardware/RTC/RTC.o
                0x0000000000000f64                RTC_Get_Week
 .text.RTC_Get  0x0000000000000fb2       0xf2 ./hardware/RTC/RTC.o
                0x0000000000000fb2                RTC_Get
 .text.RTC_Set  0x00000000000010a4       0xcc ./hardware/RTC/RTC.o
                0x00000000000010a4                RTC_Set
 .text.RTC_Init
                0x0000000000001170       0x4c ./hardware/RTC/RTC.o
                0x0000000000001170                RTC_Init
 .text.RTC_IRQHandler
                0x00000000000011bc       0x28 ./hardware/RTC/RTC.o
                0x00000000000011bc                RTC_IRQHandler
 .text.KEY_Init
                0x00000000000011e4       0xd2 ./hardware/KEY_Pwm/key_pwm.o
                0x00000000000011e4                KEY_Init
 .text.EXTI1_IRQHandler
                0x00000000000012b6       0x34 ./hardware/KEY_Pwm/key_pwm.o
                0x00000000000012b6                EXTI1_IRQHandler
 .text.EXTI2_IRQHandler
                0x00000000000012ea       0x32 ./hardware/KEY_Pwm/key_pwm.o
                0x00000000000012ea                EXTI2_IRQHandler
 .text.EXTI3_IRQHandler
                0x000000000000131c       0x48 ./hardware/KEY_Pwm/key_pwm.o
                0x000000000000131c                EXTI3_IRQHandler
 .text.EXTI4_IRQHandler
                0x0000000000001364       0x46 ./hardware/KEY_Pwm/key_pwm.o
                0x0000000000001364                EXTI4_IRQHandler
 .text.Hcsr04_Init
                0x00000000000013aa       0xb2 ./hardware/HC-SR04/HC-SR04.o
                0x00000000000013aa                Hcsr04_Init
 .text.OpenTimer
                0x000000000000145c       0x24 ./hardware/HC-SR04/HC-SR04.o
                0x000000000000145c                OpenTimer
 .text.CloseTimer
                0x0000000000001480       0x16 ./hardware/HC-SR04/HC-SR04.o
                0x0000000000001480                CloseTimer
 .text.TIM4_IRQHandler
                0x0000000000001496       0x30 ./hardware/HC-SR04/HC-SR04.o
                0x0000000000001496                TIM4_IRQHandler
 .text.GetEchoTimer
                0x00000000000014c6       0x34 ./hardware/HC-SR04/HC-SR04.o
                0x00000000000014c6                GetEchoTimer
 .text.Hcsr04GetLength
                0x00000000000014fa       0x7a ./hardware/HC-SR04/HC-SR04.o
                0x00000000000014fa                Hcsr04GetLength
 .text.DHT11_Rst
                0x0000000000001574       0x4a ./hardware/DHT11/dht11.o
                0x0000000000001574                DHT11_Rst
 .text.DHT11_Check
                0x00000000000015be       0x96 ./hardware/DHT11/dht11.o
                0x00000000000015be                DHT11_Check
 .text.DHT11_Read_Bit
                0x0000000000001654       0x7e ./hardware/DHT11/dht11.o
                0x0000000000001654                DHT11_Read_Bit
 .text.DHT11_Read_Byte
                0x00000000000016d2       0x24 ./hardware/DHT11/dht11.o
                0x00000000000016d2                DHT11_Read_Byte
 .text.DHT11_Read_Data
                0x00000000000016f6       0x50 ./hardware/DHT11/dht11.o
                0x00000000000016f6                DHT11_Read_Data
 .text.DHT11_Init
                0x0000000000001746       0x48 ./hardware/DHT11/dht11.o
                0x0000000000001746                DHT11_Init
 .text.Adc_Init
                0x000000000000178e       0xca ./hardware/ADC_SMOKE/ADC.o
                0x000000000000178e                Adc_Init
 .text.Get_Adc  0x0000000000001858       0x3a ./hardware/ADC_SMOKE/ADC.o
                0x0000000000001858                Get_Adc
 .text.Get_Adc_Average
                0x0000000000001892       0x38 ./hardware/ADC_SMOKE/ADC.o
                0x0000000000001892                Get_Adc_Average
 .text.NMI_Handler
                0x00000000000018ca        0x4 ./User/ch32v30x_it.o
                0x00000000000018ca                NMI_Handler
 .text.HardFault_Handler
                0x00000000000018ce        0x2 ./User/ch32v30x_it.o
                0x00000000000018ce                HardFault_Handler
 .text.startup.main
                0x00000000000018d0      0x580 ./User/main.o
                0x00000000000018d0                main
 .text.SystemInit
                0x0000000000001e50       0xfa ./User/system_ch32v30x.o
                0x0000000000001e50                SystemInit
 .text.SystemCoreClockUpdate
                0x0000000000001f4a       0xba ./User/system_ch32v30x.o
                0x0000000000001f4a                SystemCoreClockUpdate
 .text.vector_handler
                0x0000000000002004       0xbe ./Startup/startup_ch32v30x_D8C.o
                0x0000000000002008                Ecall_M_Mode_Handler
                0x000000000000200a                Ecall_U_Mode_Handler
                0x000000000000200c                Break_Point_Handler
                0x000000000000200e                SysTick_Handler
                0x0000000000002010                SW_Handler
                0x0000000000002012                WWDG_IRQHandler
                0x0000000000002014                PVD_IRQHandler
                0x0000000000002016                TAMPER_IRQHandler
                0x000000000000201a                FLASH_IRQHandler
                0x000000000000201c                RCC_IRQHandler
                0x000000000000201e                EXTI0_IRQHandler
                0x0000000000002028                DMA1_Channel1_IRQHandler
                0x000000000000202a                DMA1_Channel2_IRQHandler
                0x000000000000202c                DMA1_Channel3_IRQHandler
                0x000000000000202e                DMA1_Channel4_IRQHandler
                0x0000000000002030                DMA1_Channel5_IRQHandler
                0x0000000000002032                DMA1_Channel6_IRQHandler
                0x0000000000002034                DMA1_Channel7_IRQHandler
                0x0000000000002036                ADC1_2_IRQHandler
                0x0000000000002038                USB_HP_CAN1_TX_IRQHandler
                0x000000000000203a                USB_LP_CAN1_RX0_IRQHandler
                0x000000000000203c                CAN1_RX1_IRQHandler
                0x000000000000203e                CAN1_SCE_IRQHandler
                0x0000000000002040                EXTI9_5_IRQHandler
                0x0000000000002042                TIM1_BRK_IRQHandler
                0x0000000000002044                TIM1_UP_IRQHandler
                0x0000000000002046                TIM1_TRG_COM_IRQHandler
                0x0000000000002048                TIM1_CC_IRQHandler
                0x000000000000204c                TIM3_IRQHandler
                0x0000000000002050                I2C1_EV_IRQHandler
                0x0000000000002052                I2C1_ER_IRQHandler
                0x0000000000002054                I2C2_EV_IRQHandler
                0x0000000000002056                I2C2_ER_IRQHandler
                0x0000000000002058                SPI1_IRQHandler
                0x000000000000205a                SPI2_IRQHandler
                0x000000000000205c                USART1_IRQHandler
                0x0000000000002062                EXTI15_10_IRQHandler
                0x0000000000002064                RTCAlarm_IRQHandler
                0x0000000000002066                USBWakeUp_IRQHandler
                0x0000000000002068                TIM8_BRK_IRQHandler
                0x000000000000206a                TIM8_UP_IRQHandler
                0x000000000000206c                TIM8_TRG_COM_IRQHandler
                0x000000000000206e                TIM8_CC_IRQHandler
                0x0000000000002070                RNG_IRQHandler
                0x0000000000002072                FSMC_IRQHandler
                0x0000000000002074                SDIO_IRQHandler
                0x0000000000002076                TIM5_IRQHandler
                0x0000000000002078                SPI3_IRQHandler
                0x000000000000207a                UART4_IRQHandler
                0x000000000000207c                UART5_IRQHandler
                0x000000000000207e                TIM6_IRQHandler
                0x0000000000002080                TIM7_IRQHandler
                0x0000000000002082                DMA2_Channel1_IRQHandler
                0x0000000000002084                DMA2_Channel2_IRQHandler
                0x0000000000002086                DMA2_Channel3_IRQHandler
                0x0000000000002088                DMA2_Channel4_IRQHandler
                0x000000000000208a                DMA2_Channel5_IRQHandler
                0x000000000000208c                ETH_IRQHandler
                0x000000000000208e                ETH_WKUP_IRQHandler
                0x0000000000002090                CAN2_TX_IRQHandler
                0x0000000000002092                CAN2_RX0_IRQHandler
                0x0000000000002094                CAN2_RX1_IRQHandler
                0x0000000000002096                CAN2_SCE_IRQHandler
                0x0000000000002098                OTG_FS_IRQHandler
                0x000000000000209a                USBHSWakeup_IRQHandler
                0x000000000000209c                USBHS_IRQHandler
                0x000000000000209e                DVP_IRQHandler
                0x00000000000020a0                UART6_IRQHandler
                0x00000000000020a2                UART7_IRQHandler
                0x00000000000020a4                UART8_IRQHandler
                0x00000000000020a6                TIM9_BRK_IRQHandler
                0x00000000000020a8                TIM9_UP_IRQHandler
                0x00000000000020aa                TIM9_TRG_COM_IRQHandler
                0x00000000000020ac                TIM9_CC_IRQHandler
                0x00000000000020ae                TIM10_BRK_IRQHandler
                0x00000000000020b0                TIM10_UP_IRQHandler
                0x00000000000020b2                TIM10_TRG_COM_IRQHandler
                0x00000000000020b4                TIM10_CC_IRQHandler
                0x00000000000020b6                DMA2_Channel6_IRQHandler
                0x00000000000020b8                DMA2_Channel7_IRQHandler
                0x00000000000020ba                DMA2_Channel8_IRQHandler
                0x00000000000020bc                DMA2_Channel9_IRQHandler
                0x00000000000020be                DMA2_Channel10_IRQHandler
                0x00000000000020c0                DMA2_Channel11_IRQHandler
 .text.handle_reset
                0x00000000000020c2       0x8a ./Startup/startup_ch32v30x_D8C.o
                0x00000000000020c2                handle_reset
 .text.ADC_DeInit
                0x000000000000214c       0x46 ./Peripheral/src/ch32v30x_adc.o
                0x000000000000214c                ADC_DeInit
 .text.ADC_Init
                0x0000000000002192       0x56 ./Peripheral/src/ch32v30x_adc.o
                0x0000000000002192                ADC_Init
 .text.ADC_Cmd  0x00000000000021e8       0x10 ./Peripheral/src/ch32v30x_adc.o
                0x00000000000021e8                ADC_Cmd
 .text.ADC_DMACmd
                0x00000000000021f8       0x12 ./Peripheral/src/ch32v30x_adc.o
                0x00000000000021f8                ADC_DMACmd
 .text.ADC_ResetCalibration
                0x000000000000220a        0xa ./Peripheral/src/ch32v30x_adc.o
                0x000000000000220a                ADC_ResetCalibration
 .text.ADC_GetResetCalibrationStatus
                0x0000000000002214        0x8 ./Peripheral/src/ch32v30x_adc.o
                0x0000000000002214                ADC_GetResetCalibrationStatus
 .text.ADC_StartCalibration
                0x000000000000221c        0xa ./Peripheral/src/ch32v30x_adc.o
                0x000000000000221c                ADC_StartCalibration
 .text.ADC_GetCalibrationStatus
                0x0000000000002226        0x8 ./Peripheral/src/ch32v30x_adc.o
                0x0000000000002226                ADC_GetCalibrationStatus
 .text.ADC_SoftwareStartConvCmd
                0x000000000000222e       0x18 ./Peripheral/src/ch32v30x_adc.o
                0x000000000000222e                ADC_SoftwareStartConvCmd
 .text.ADC_RegularChannelConfig
                0x0000000000002246       0xb8 ./Peripheral/src/ch32v30x_adc.o
                0x0000000000002246                ADC_RegularChannelConfig
 .text.ADC_GetConversionValue
                0x00000000000022fe        0x8 ./Peripheral/src/ch32v30x_adc.o
                0x00000000000022fe                ADC_GetConversionValue
 .text.ADC_GetFlagStatus
                0x0000000000002306        0xa ./Peripheral/src/ch32v30x_adc.o
                0x0000000000002306                ADC_GetFlagStatus
 .text.ADC_BufferCmd
                0x0000000000002310       0x18 ./Peripheral/src/ch32v30x_adc.o
                0x0000000000002310                ADC_BufferCmd
 .text.Get_CalibrationValue
                0x0000000000002328      0x134 ./Peripheral/src/ch32v30x_adc.o
                0x0000000000002328                Get_CalibrationValue
 .text.BKP_DeInit
                0x000000000000245c       0x10 ./Peripheral/src/ch32v30x_bkp.o
                0x000000000000245c                BKP_DeInit
 .text.BKP_WriteBackupRegister
                0x000000000000246c       0x1c ./Peripheral/src/ch32v30x_bkp.o
                0x000000000000246c                BKP_WriteBackupRegister
 .text.BKP_ReadBackupRegister
                0x0000000000002488       0x1c ./Peripheral/src/ch32v30x_bkp.o
                0x0000000000002488                BKP_ReadBackupRegister
 .text.EXTI_Init
                0x00000000000024a4       0x6a ./Peripheral/src/ch32v30x_exti.o
                0x00000000000024a4                EXTI_Init
 .text.EXTI_GetITStatus
                0x000000000000250e       0x1e ./Peripheral/src/ch32v30x_exti.o
                0x000000000000250e                EXTI_GetITStatus
 .text.EXTI_ClearITPendingBit
                0x000000000000252c        0xa ./Peripheral/src/ch32v30x_exti.o
                0x000000000000252c                EXTI_ClearITPendingBit
 .text.GPIO_Init
                0x0000000000002536       0xc0 ./Peripheral/src/ch32v30x_gpio.o
                0x0000000000002536                GPIO_Init
 .text.GPIO_ReadInputDataBit
                0x00000000000025f6        0xa ./Peripheral/src/ch32v30x_gpio.o
                0x00000000000025f6                GPIO_ReadInputDataBit
 .text.GPIO_SetBits
                0x0000000000002600        0x4 ./Peripheral/src/ch32v30x_gpio.o
                0x0000000000002600                GPIO_SetBits
 .text.GPIO_ResetBits
                0x0000000000002604        0x4 ./Peripheral/src/ch32v30x_gpio.o
                0x0000000000002604                GPIO_ResetBits
 .text.GPIO_PinRemapConfig
                0x0000000000002608       0xc4 ./Peripheral/src/ch32v30x_gpio.o
                0x0000000000002608                GPIO_PinRemapConfig
 .text.GPIO_EXTILineConfig
                0x00000000000026cc       0x2c ./Peripheral/src/ch32v30x_gpio.o
                0x00000000000026cc                GPIO_EXTILineConfig
 .text.NVIC_PriorityGroupConfig
                0x00000000000026f8        0x6 ./Peripheral/src/ch32v30x_misc.o
                0x00000000000026f8                NVIC_PriorityGroupConfig
 .text.NVIC_Init
                0x00000000000026fe       0xa6 ./Peripheral/src/ch32v30x_misc.o
                0x00000000000026fe                NVIC_Init
 .text.PWR_BackupAccessCmd
                0x00000000000027a4       0x16 ./Peripheral/src/ch32v30x_pwr.o
                0x00000000000027a4                PWR_BackupAccessCmd
 .text.RCC_ADCCLKConfig
                0x00000000000027ba       0x12 ./Peripheral/src/ch32v30x_rcc.o
                0x00000000000027ba                RCC_ADCCLKConfig
 .text.RCC_LSEConfig
                0x00000000000027cc       0x28 ./Peripheral/src/ch32v30x_rcc.o
                0x00000000000027cc                RCC_LSEConfig
 .text.RCC_RTCCLKConfig
                0x00000000000027f4        0xc ./Peripheral/src/ch32v30x_rcc.o
                0x00000000000027f4                RCC_RTCCLKConfig
 .text.RCC_RTCCLKCmd
                0x0000000000002800       0x20 ./Peripheral/src/ch32v30x_rcc.o
                0x0000000000002800                RCC_RTCCLKCmd
 .text.RCC_GetClocksFreq
                0x0000000000002820      0x176 ./Peripheral/src/ch32v30x_rcc.o
                0x0000000000002820                RCC_GetClocksFreq
 .text.RCC_APB2PeriphClockCmd
                0x0000000000002996       0x1e ./Peripheral/src/ch32v30x_rcc.o
                0x0000000000002996                RCC_APB2PeriphClockCmd
 .text.RCC_APB1PeriphClockCmd
                0x00000000000029b4       0x1e ./Peripheral/src/ch32v30x_rcc.o
                0x00000000000029b4                RCC_APB1PeriphClockCmd
 .text.RCC_APB2PeriphResetCmd
                0x00000000000029d2       0x1e ./Peripheral/src/ch32v30x_rcc.o
                0x00000000000029d2                RCC_APB2PeriphResetCmd
 .text.RCC_BackupResetCmd
                0x00000000000029f0       0x20 ./Peripheral/src/ch32v30x_rcc.o
                0x00000000000029f0                RCC_BackupResetCmd
 .text.RCC_GetFlagStatus
                0x0000000000002a10       0x2e ./Peripheral/src/ch32v30x_rcc.o
                0x0000000000002a10                RCC_GetFlagStatus
 .text.RTC_ITConfig
                0x0000000000002a3e       0x1a ./Peripheral/src/ch32v30x_rtc.o
                0x0000000000002a3e                RTC_ITConfig
 .text.RTC_EnterConfigMode
                0x0000000000002a58       0x12 ./Peripheral/src/ch32v30x_rtc.o
                0x0000000000002a58                RTC_EnterConfigMode
 .text.RTC_ExitConfigMode
                0x0000000000002a6a       0x18 ./Peripheral/src/ch32v30x_rtc.o
                0x0000000000002a6a                RTC_ExitConfigMode
 .text.RTC_GetCounter
                0x0000000000002a82       0x36 ./Peripheral/src/ch32v30x_rtc.o
                0x0000000000002a82                RTC_GetCounter
 .text.RTC_SetCounter
                0x0000000000002ab8       0x2c ./Peripheral/src/ch32v30x_rtc.o
                0x0000000000002ab8                RTC_SetCounter
 .text.RTC_SetPrescaler
                0x0000000000002ae4       0x2e ./Peripheral/src/ch32v30x_rtc.o
                0x0000000000002ae4                RTC_SetPrescaler
 .text.RTC_WaitForLastTask
                0x0000000000002b12       0x10 ./Peripheral/src/ch32v30x_rtc.o
                0x0000000000002b12                RTC_WaitForLastTask
 .text.RTC_WaitForSynchro
                0x0000000000002b22       0x24 ./Peripheral/src/ch32v30x_rtc.o
                0x0000000000002b22                RTC_WaitForSynchro
 .text.RTC_ClearFlag
                0x0000000000002b46       0x14 ./Peripheral/src/ch32v30x_rtc.o
                0x0000000000002b46                RTC_ClearFlag
 .text.RTC_GetITStatus
                0x0000000000002b5a       0x20 ./Peripheral/src/ch32v30x_rtc.o
                0x0000000000002b5a                RTC_GetITStatus
 .text.RTC_ClearITPendingBit
                0x0000000000002b7a        0xc ./Peripheral/src/ch32v30x_rtc.o
                0x0000000000002b7a                RTC_ClearITPendingBit
 .text.TIM_TimeBaseInit
                0x0000000000002b86       0xaa ./Peripheral/src/ch32v30x_tim.o
                0x0000000000002b86                TIM_TimeBaseInit
 .text.TIM_OC2Init
                0x0000000000002c30       0xae ./Peripheral/src/ch32v30x_tim.o
                0x0000000000002c30                TIM_OC2Init
 .text.TIM_Cmd  0x0000000000002cde       0x18 ./Peripheral/src/ch32v30x_tim.o
                0x0000000000002cde                TIM_Cmd
 .text.TIM_ITConfig
                0x0000000000002cf6       0x12 ./Peripheral/src/ch32v30x_tim.o
                0x0000000000002cf6                TIM_ITConfig
 .text.TIM_OC2PreloadConfig
                0x0000000000002d08       0x16 ./Peripheral/src/ch32v30x_tim.o
                0x0000000000002d08                TIM_OC2PreloadConfig
 .text.TIM_SetCounter
                0x0000000000002d1e        0x4 ./Peripheral/src/ch32v30x_tim.o
                0x0000000000002d1e                TIM_SetCounter
 .text.TIM_SetCompare2
                0x0000000000002d22        0x4 ./Peripheral/src/ch32v30x_tim.o
                0x0000000000002d22                TIM_SetCompare2
 .text.TIM_GetCounter
                0x0000000000002d26        0x4 ./Peripheral/src/ch32v30x_tim.o
                0x0000000000002d26                TIM_GetCounter
 .text.TIM_GetITStatus
                0x0000000000002d2a       0x18 ./Peripheral/src/ch32v30x_tim.o
                0x0000000000002d2a                TIM_GetITStatus
 .text.TIM_ClearITPendingBit
                0x0000000000002d42        0xc ./Peripheral/src/ch32v30x_tim.o
                0x0000000000002d42                TIM_ClearITPendingBit
 .text.USART_Init
                0x0000000000002d4e       0xbc ./Peripheral/src/ch32v30x_usart.o
                0x0000000000002d4e                USART_Init
 .text.USART_Cmd
                0x0000000000002e0a       0x16 ./Peripheral/src/ch32v30x_usart.o
                0x0000000000002e0a                USART_Cmd
 .text.USART_ITConfig
                0x0000000000002e20       0x36 ./Peripheral/src/ch32v30x_usart.o
                0x0000000000002e20                USART_ITConfig
 .text.USART_SendData
                0x0000000000002e56        0x8 ./Peripheral/src/ch32v30x_usart.o
                0x0000000000002e56                USART_SendData
 .text.USART_ReceiveData
                0x0000000000002e5e        0x8 ./Peripheral/src/ch32v30x_usart.o
                0x0000000000002e5e                USART_ReceiveData
 .text.USART_GetFlagStatus
                0x0000000000002e66        0xa ./Peripheral/src/ch32v30x_usart.o
                0x0000000000002e66                USART_GetFlagStatus
 .text.USART_GetITStatus
                0x0000000000002e70       0x3c ./Peripheral/src/ch32v30x_usart.o
                0x0000000000002e70                USART_GetITStatus
 .text.Delay_Init
                0x0000000000002eac       0x26 ./Debug/debug.o
                0x0000000000002eac                Delay_Init
 .text.Delay_Us
                0x0000000000002ed2       0x36 ./Debug/debug.o
                0x0000000000002ed2                Delay_Us
 .text.Delay_Ms
                0x0000000000002f08       0x36 ./Debug/debug.o
                0x0000000000002f08                Delay_Ms
 .text.USART_Printf_Init
                0x0000000000002f3e       0x5a ./Debug/debug.o
                0x0000000000002f3e                USART_Printf_Init
 .text._sbrk    0x0000000000002f98       0x26 ./Debug/debug.o
                0x0000000000002f98                _sbrk
 .text.__ledf2  0x0000000000002fbe       0xb6 c:/mounriver/mounriver_studio/toolchain/risc-v embedded gcc/bin/../lib/gcc/riscv-none-embed/8.2.0/rv32imacxw/ilp32\libgcc.a(ledf2.o)
                0x0000000000002fbe                __ledf2
                0x0000000000002fbe                __ltdf2
 .text.__muldf3
                0x0000000000003074      0x4b8 c:/mounriver/mounriver_studio/toolchain/risc-v embedded gcc/bin/../lib/gcc/riscv-none-embed/8.2.0/rv32imacxw/ilp32\libgcc.a(muldf3.o)
                0x0000000000003074                __muldf3
 .text.__subdf3
                0x000000000000352c      0x73e c:/mounriver/mounriver_studio/toolchain/risc-v embedded gcc/bin/../lib/gcc/riscv-none-embed/8.2.0/rv32imacxw/ilp32\libgcc.a(subdf3.o)
                0x000000000000352c                __subdf3
 .text.__floatsidf
                0x0000000000003c6a       0x72 c:/mounriver/mounriver_studio/toolchain/risc-v embedded gcc/bin/../lib/gcc/riscv-none-embed/8.2.0/rv32imacxw/ilp32\libgcc.a(floatsidf.o)
                0x0000000000003c6a                __floatsidf
 .text.__addsf3
                0x0000000000003cdc      0x36a c:/mounriver/mounriver_studio/toolchain/risc-v embedded gcc/bin/../lib/gcc/riscv-none-embed/8.2.0/rv32imacxw/ilp32\libgcc.a(addsf3.o)
                0x0000000000003cdc                __addsf3
 .text.__divsf3
                0x0000000000004046      0x2b2 c:/mounriver/mounriver_studio/toolchain/risc-v embedded gcc/bin/../lib/gcc/riscv-none-embed/8.2.0/rv32imacxw/ilp32\libgcc.a(divsf3.o)
                0x0000000000004046                __divsf3
 .text.__eqsf2  0x00000000000042f8       0x5c c:/mounriver/mounriver_studio/toolchain/risc-v embedded gcc/bin/../lib/gcc/riscv-none-embed/8.2.0/rv32imacxw/ilp32\libgcc.a(eqsf2.o)
                0x00000000000042f8                __eqsf2
                0x00000000000042f8                __nesf2
 .text.__gesf2  0x0000000000004354       0x86 c:/mounriver/mounriver_studio/toolchain/risc-v embedded gcc/bin/../lib/gcc/riscv-none-embed/8.2.0/rv32imacxw/ilp32\libgcc.a(gesf2.o)
                0x0000000000004354                __gesf2
                0x0000000000004354                __gtsf2
 .text.__lesf2  0x00000000000043da       0x8c c:/mounriver/mounriver_studio/toolchain/risc-v embedded gcc/bin/../lib/gcc/riscv-none-embed/8.2.0/rv32imacxw/ilp32\libgcc.a(lesf2.o)
                0x00000000000043da                __ltsf2
                0x00000000000043da                __lesf2
 .text.__mulsf3
                0x0000000000004466      0x294 c:/mounriver/mounriver_studio/toolchain/risc-v embedded gcc/bin/../lib/gcc/riscv-none-embed/8.2.0/rv32imacxw/ilp32\libgcc.a(mulsf3.o)
                0x0000000000004466                __mulsf3
 .text.__subsf3
                0x00000000000046fa      0x388 c:/mounriver/mounriver_studio/toolchain/risc-v embedded gcc/bin/../lib/gcc/riscv-none-embed/8.2.0/rv32imacxw/ilp32\libgcc.a(subsf3.o)
                0x00000000000046fa                __subsf3
 .text.__fixsfsi
                0x0000000000004a82       0x62 c:/mounriver/mounriver_studio/toolchain/risc-v embedded gcc/bin/../lib/gcc/riscv-none-embed/8.2.0/rv32imacxw/ilp32\libgcc.a(fixsfsi.o)
                0x0000000000004a82                __fixsfsi
 .text.__fixunssfsi
                0x0000000000004ae4       0x56 c:/mounriver/mounriver_studio/toolchain/risc-v embedded gcc/bin/../lib/gcc/riscv-none-embed/8.2.0/rv32imacxw/ilp32\libgcc.a(fixunssfsi.o)
                0x0000000000004ae4                __fixunssfsi
 .text.__floatsisf
                0x0000000000004b3a       0xc6 c:/mounriver/mounriver_studio/toolchain/risc-v embedded gcc/bin/../lib/gcc/riscv-none-embed/8.2.0/rv32imacxw/ilp32\libgcc.a(floatsisf.o)
                0x0000000000004b3a                __floatsisf
 .text.__floatunsisf
                0x0000000000004c00       0xce c:/mounriver/mounriver_studio/toolchain/risc-v embedded gcc/bin/../lib/gcc/riscv-none-embed/8.2.0/rv32imacxw/ilp32\libgcc.a(floatunsisf.o)
                0x0000000000004c00                __floatunsisf
 .text.__extendsfdf2
                0x0000000000004cce       0xac c:/mounriver/mounriver_studio/toolchain/risc-v embedded gcc/bin/../lib/gcc/riscv-none-embed/8.2.0/rv32imacxw/ilp32\libgcc.a(extendsfdf2.o)
                0x0000000000004cce                __extendsfdf2
 .text.__truncdfsf2
                0x0000000000004d7a      0x16a c:/mounriver/mounriver_studio/toolchain/risc-v embedded gcc/bin/../lib/gcc/riscv-none-embed/8.2.0/rv32imacxw/ilp32\libgcc.a(truncdfsf2.o)
                0x0000000000004d7a                __truncdfsf2
 .text.__clzsi2
                0x0000000000004ee4       0x6e c:/mounriver/mounriver_studio/toolchain/risc-v embedded gcc/bin/../lib/gcc/riscv-none-embed/8.2.0/rv32imacxw/ilp32\libgcc.a(_clzsi2.o)
                0x0000000000004ee4                __clzsi2
 .text.__cvt    0x0000000000004f52       0xea c:/mounriver/mounriver_studio/toolchain/risc-v embedded gcc/bin/../lib/gcc/riscv-none-embed/8.2.0/../../../../riscv-none-embed/lib/rv32imacxw/ilp32\libg_nano.a(lib_a-nano-vfprintf_float.o)
                0x0000000000004f52                __cvt
 .text.__exponent
                0x000000000000503c       0x84 c:/mounriver/mounriver_studio/toolchain/risc-v embedded gcc/bin/../lib/gcc/riscv-none-embed/8.2.0/../../../../riscv-none-embed/lib/rv32imacxw/ilp32\libg_nano.a(lib_a-nano-vfprintf_float.o)
                0x000000000000503c                __exponent
 .text._printf_float
                0x00000000000050c0      0x4c4 c:/mounriver/mounriver_studio/toolchain/risc-v embedded gcc/bin/../lib/gcc/riscv-none-embed/8.2.0/../../../../riscv-none-embed/lib/rv32imacxw/ilp32\libg_nano.a(lib_a-nano-vfprintf_float.o)
                0x00000000000050c0                _printf_float
 .text._printf_common
                0x0000000000005584      0x10c c:/mounriver/mounriver_studio/toolchain/risc-v embedded gcc/bin/../lib/gcc/riscv-none-embed/8.2.0/../../../../riscv-none-embed/lib/rv32imacxw/ilp32\libg_nano.a(lib_a-nano-vfprintf_i.o)
                0x0000000000005584                _printf_common
 .text._printf_i
                0x0000000000005690      0x2a4 c:/mounriver/mounriver_studio/toolchain/risc-v embedded gcc/bin/../lib/gcc/riscv-none-embed/8.2.0/../../../../riscv-none-embed/lib/rv32imacxw/ilp32\libg_nano.a(lib_a-nano-vfprintf_i.o)
                0x0000000000005690                _printf_i
 .text._scanf_float
                0x0000000000005934      0x46c c:/mounriver/mounriver_studio/toolchain/risc-v embedded gcc/bin/../lib/gcc/riscv-none-embed/8.2.0/../../../../riscv-none-embed/lib/rv32imacxw/ilp32\libg_nano.a(lib_a-nano-vfscanf_float.o)
                0x0000000000005934                _scanf_float
 .text.nanf     0x0000000000005da0        0xc c:/mounriver/mounriver_studio/toolchain/risc-v embedded gcc/bin/../lib/gcc/riscv-none-embed/8.2.0/../../../../riscv-none-embed/lib/rv32imacxw/ilp32\libg_nano.a(lib_a-sf_nan.o)
                0x0000000000005da0                nanf
 .text.sprintf  0x0000000000005dac       0x46 c:/mounriver/mounriver_studio/toolchain/risc-v embedded gcc/bin/../lib/gcc/riscv-none-embed/8.2.0/../../../../riscv-none-embed/lib/rv32imacxw/ilp32\libg_nano.a(lib_a-sprintf.o)
                0x0000000000005dac                siprintf
                0x0000000000005dac                sprintf
 .text.strcpy   0x0000000000005df2       0x10 c:/mounriver/mounriver_studio/toolchain/risc-v embedded gcc/bin/../lib/gcc/riscv-none-embed/8.2.0/../../../../riscv-none-embed/lib/rv32imacxw/ilp32\libg_nano.a(lib_a-strcpy.o)
                0x0000000000005df2                strcpy
 .text.strlen   0x0000000000005e02       0x12 c:/mounriver/mounriver_studio/toolchain/risc-v embedded gcc/bin/../lib/gcc/riscv-none-embed/8.2.0/../../../../riscv-none-embed/lib/rv32imacxw/ilp32\libg_nano.a(lib_a-strlen.o)
                0x0000000000005e02                strlen
 .text.sulp     0x0000000000005e14       0x4e c:/mounriver/mounriver_studio/toolchain/risc-v embedded gcc/bin/../lib/gcc/riscv-none-embed/8.2.0/../../../../riscv-none-embed/lib/rv32imacxw/ilp32\libg_nano.a(lib_a-strtod.o)
 .text._strtod_l
                0x0000000000005e62      0xc6c c:/mounriver/mounriver_studio/toolchain/risc-v embedded gcc/bin/../lib/gcc/riscv-none-embed/8.2.0/../../../../riscv-none-embed/lib/rv32imacxw/ilp32\libg_nano.a(lib_a-strtod.o)
                0x0000000000005e62                _strtod_l
 .text._strtod_r
                0x0000000000006ace       0x16 c:/mounriver/mounriver_studio/toolchain/risc-v embedded gcc/bin/../lib/gcc/riscv-none-embed/8.2.0/../../../../riscv-none-embed/lib/rv32imacxw/ilp32\libg_nano.a(lib_a-strtod.o)
                0x0000000000006ace                _strtod_r
 .text._strtol_l.isra.0
                0x0000000000006ae4      0x13a c:/mounriver/mounriver_studio/toolchain/risc-v embedded gcc/bin/../lib/gcc/riscv-none-embed/8.2.0/../../../../riscv-none-embed/lib/rv32imacxw/ilp32\libg_nano.a(lib_a-strtol.o)
 .text._strtol_r
                0x0000000000006c1e       0x16 c:/mounriver/mounriver_studio/toolchain/risc-v embedded gcc/bin/../lib/gcc/riscv-none-embed/8.2.0/../../../../riscv-none-embed/lib/rv32imacxw/ilp32\libg_nano.a(lib_a-strtol.o)
                0x0000000000006c1e                _strtol_r
 .text.quorem   0x0000000000006c34      0x13a c:/mounriver/mounriver_studio/toolchain/risc-v embedded gcc/bin/../lib/gcc/riscv-none-embed/8.2.0/../../../../riscv-none-embed/lib/rv32imacxw/ilp32\libg_nano.a(lib_a-dtoa.o)
 .text._dtoa_r  0x0000000000006d6e      0xc16 c:/mounriver/mounriver_studio/toolchain/risc-v embedded gcc/bin/../lib/gcc/riscv-none-embed/8.2.0/../../../../riscv-none-embed/lib/rv32imacxw/ilp32\libg_nano.a(lib_a-dtoa.o)
                0x0000000000006d6e                _dtoa_r
 .text.rshift   0x0000000000007984       0x76 c:/mounriver/mounriver_studio/toolchain/risc-v embedded gcc/bin/../lib/gcc/riscv-none-embed/8.2.0/../../../../riscv-none-embed/lib/rv32imacxw/ilp32\libg_nano.a(lib_a-gdtoa-gethex.o)
 .text.__hexdig_fun
                0x00000000000079fa       0x40 c:/mounriver/mounriver_studio/toolchain/risc-v embedded gcc/bin/../lib/gcc/riscv-none-embed/8.2.0/../../../../riscv-none-embed/lib/rv32imacxw/ilp32\libg_nano.a(lib_a-gdtoa-gethex.o)
                0x00000000000079fa                __hexdig_fun
 .text.__gethex
                0x0000000000007a3a      0x4ca c:/mounriver/mounriver_studio/toolchain/risc-v embedded gcc/bin/../lib/gcc/riscv-none-embed/8.2.0/../../../../riscv-none-embed/lib/rv32imacxw/ilp32\libg_nano.a(lib_a-gdtoa-gethex.o)
                0x0000000000007a3a                __gethex
 .text.L_shift  0x0000000000007f04       0x2c c:/mounriver/mounriver_studio/toolchain/risc-v embedded gcc/bin/../lib/gcc/riscv-none-embed/8.2.0/../../../../riscv-none-embed/lib/rv32imacxw/ilp32\libg_nano.a(lib_a-gdtoa-hexnan.o)
 .text.__match  0x0000000000007f30       0x2e c:/mounriver/mounriver_studio/toolchain/risc-v embedded gcc/bin/../lib/gcc/riscv-none-embed/8.2.0/../../../../riscv-none-embed/lib/rv32imacxw/ilp32\libg_nano.a(lib_a-gdtoa-hexnan.o)
                0x0000000000007f30                __match
 .text.__hexnan
                0x0000000000007f5e      0x15e c:/mounriver/mounriver_studio/toolchain/risc-v embedded gcc/bin/../lib/gcc/riscv-none-embed/8.2.0/../../../../riscv-none-embed/lib/rv32imacxw/ilp32\libg_nano.a(lib_a-gdtoa-hexnan.o)
                0x0000000000007f5e                __hexnan
 .text.__locale_ctype_ptr_l
                0x00000000000080bc        0x6 c:/mounriver/mounriver_studio/toolchain/risc-v embedded gcc/bin/../lib/gcc/riscv-none-embed/8.2.0/../../../../riscv-none-embed/lib/rv32imacxw/ilp32\libg_nano.a(lib_a-locale.o)
                0x00000000000080bc                __locale_ctype_ptr_l
 .text.__localeconv_l
                0x00000000000080c2        0x6 c:/mounriver/mounriver_studio/toolchain/risc-v embedded gcc/bin/../lib/gcc/riscv-none-embed/8.2.0/../../../../riscv-none-embed/lib/rv32imacxw/ilp32\libg_nano.a(lib_a-localeconv.o)
                0x00000000000080c2                __localeconv_l
 .text._localeconv_r
                0x00000000000080c8       0x18 c:/mounriver/mounriver_studio/toolchain/risc-v embedded gcc/bin/../lib/gcc/riscv-none-embed/8.2.0/../../../../riscv-none-embed/lib/rv32imacxw/ilp32\libg_nano.a(lib_a-localeconv.o)
                0x00000000000080c8                _localeconv_r
 .text.malloc   0x00000000000080e0        0xc c:/mounriver/mounriver_studio/toolchain/risc-v embedded gcc/bin/../lib/gcc/riscv-none-embed/8.2.0/../../../../riscv-none-embed/lib/rv32imacxw/ilp32\libg_nano.a(lib_a-malloc.o)
                0x00000000000080e0                malloc
 .text.__ascii_mbtowc
                0x00000000000080ec       0x32 c:/mounriver/mounriver_studio/toolchain/risc-v embedded gcc/bin/../lib/gcc/riscv-none-embed/8.2.0/../../../../riscv-none-embed/lib/rv32imacxw/ilp32\libg_nano.a(lib_a-mbtowc_r.o)
                0x00000000000080ec                __ascii_mbtowc
 .text.memchr   0x000000000000811e       0x18 c:/mounriver/mounriver_studio/toolchain/risc-v embedded gcc/bin/../lib/gcc/riscv-none-embed/8.2.0/../../../../riscv-none-embed/lib/rv32imacxw/ilp32\libg_nano.a(lib_a-memchr.o)
                0x000000000000811e                memchr
 .text.memcpy   0x0000000000008136       0xb2 c:/mounriver/mounriver_studio/toolchain/risc-v embedded gcc/bin/../lib/gcc/riscv-none-embed/8.2.0/../../../../riscv-none-embed/lib/rv32imacxw/ilp32\libg_nano.a(lib_a-memcpy.o)
                0x0000000000008136                memcpy
 .text._Balloc  0x00000000000081e8       0x8c c:/mounriver/mounriver_studio/toolchain/risc-v embedded gcc/bin/../lib/gcc/riscv-none-embed/8.2.0/../../../../riscv-none-embed/lib/rv32imacxw/ilp32\libg_nano.a(lib_a-mprec.o)
                0x00000000000081e8                _Balloc
 .text._Bfree   0x0000000000008274       0x44 c:/mounriver/mounriver_studio/toolchain/risc-v embedded gcc/bin/../lib/gcc/riscv-none-embed/8.2.0/../../../../riscv-none-embed/lib/rv32imacxw/ilp32\libg_nano.a(lib_a-mprec.o)
                0x0000000000008274                _Bfree
 .text.__multadd
                0x00000000000082b8       0x98 c:/mounriver/mounriver_studio/toolchain/risc-v embedded gcc/bin/../lib/gcc/riscv-none-embed/8.2.0/../../../../riscv-none-embed/lib/rv32imacxw/ilp32\libg_nano.a(lib_a-mprec.o)
                0x00000000000082b8                __multadd
 .text.__s2b    0x0000000000008350       0xa4 c:/mounriver/mounriver_studio/toolchain/risc-v embedded gcc/bin/../lib/gcc/riscv-none-embed/8.2.0/../../../../riscv-none-embed/lib/rv32imacxw/ilp32\libg_nano.a(lib_a-mprec.o)
                0x0000000000008350                __s2b
 .text.__hi0bits
                0x00000000000083f4       0x46 c:/mounriver/mounriver_studio/toolchain/risc-v embedded gcc/bin/../lib/gcc/riscv-none-embed/8.2.0/../../../../riscv-none-embed/lib/rv32imacxw/ilp32\libg_nano.a(lib_a-mprec.o)
                0x00000000000083f4                __hi0bits
 .text.__lo0bits
                0x000000000000843a       0x6a c:/mounriver/mounriver_studio/toolchain/risc-v embedded gcc/bin/../lib/gcc/riscv-none-embed/8.2.0/../../../../riscv-none-embed/lib/rv32imacxw/ilp32\libg_nano.a(lib_a-mprec.o)
                0x000000000000843a                __lo0bits
 .text.__i2b    0x00000000000084a4       0x1c c:/mounriver/mounriver_studio/toolchain/risc-v embedded gcc/bin/../lib/gcc/riscv-none-embed/8.2.0/../../../../riscv-none-embed/lib/rv32imacxw/ilp32\libg_nano.a(lib_a-mprec.o)
                0x00000000000084a4                __i2b
 .text.__multiply
                0x00000000000084c0      0x144 c:/mounriver/mounriver_studio/toolchain/risc-v embedded gcc/bin/../lib/gcc/riscv-none-embed/8.2.0/../../../../riscv-none-embed/lib/rv32imacxw/ilp32\libg_nano.a(lib_a-mprec.o)
                0x00000000000084c0                __multiply
 .text.__pow5mult
                0x0000000000008604       0xbe c:/mounriver/mounriver_studio/toolchain/risc-v embedded gcc/bin/../lib/gcc/riscv-none-embed/8.2.0/../../../../riscv-none-embed/lib/rv32imacxw/ilp32\libg_nano.a(lib_a-mprec.o)
                0x0000000000008604                __pow5mult
 .text.__lshift
                0x00000000000086c2       0xce c:/mounriver/mounriver_studio/toolchain/risc-v embedded gcc/bin/../lib/gcc/riscv-none-embed/8.2.0/../../../../riscv-none-embed/lib/rv32imacxw/ilp32\libg_nano.a(lib_a-mprec.o)
                0x00000000000086c2                __lshift
 .text.__mcmp   0x0000000000008790       0x32 c:/mounriver/mounriver_studio/toolchain/risc-v embedded gcc/bin/../lib/gcc/riscv-none-embed/8.2.0/../../../../riscv-none-embed/lib/rv32imacxw/ilp32\libg_nano.a(lib_a-mprec.o)
                0x0000000000008790                __mcmp
 .text.__mdiff  0x00000000000087c2       0xf2 c:/mounriver/mounriver_studio/toolchain/risc-v embedded gcc/bin/../lib/gcc/riscv-none-embed/8.2.0/../../../../riscv-none-embed/lib/rv32imacxw/ilp32\libg_nano.a(lib_a-mprec.o)
                0x00000000000087c2                __mdiff
 .text.__ulp    0x00000000000088b4       0x46 c:/mounriver/mounriver_studio/toolchain/risc-v embedded gcc/bin/../lib/gcc/riscv-none-embed/8.2.0/../../../../riscv-none-embed/lib/rv32imacxw/ilp32\libg_nano.a(lib_a-mprec.o)
                0x00000000000088b4                __ulp
 .text.__b2d    0x00000000000088fa       0xb4 c:/mounriver/mounriver_studio/toolchain/risc-v embedded gcc/bin/../lib/gcc/riscv-none-embed/8.2.0/../../../../riscv-none-embed/lib/rv32imacxw/ilp32\libg_nano.a(lib_a-mprec.o)
                0x00000000000088fa                __b2d
 .text.__d2b    0x00000000000089ae       0xd4 c:/mounriver/mounriver_studio/toolchain/risc-v embedded gcc/bin/../lib/gcc/riscv-none-embed/8.2.0/../../../../riscv-none-embed/lib/rv32imacxw/ilp32\libg_nano.a(lib_a-mprec.o)
                0x00000000000089ae                __d2b
 .text.__ratio  0x0000000000008a82       0x74 c:/mounriver/mounriver_studio/toolchain/risc-v embedded gcc/bin/../lib/gcc/riscv-none-embed/8.2.0/../../../../riscv-none-embed/lib/rv32imacxw/ilp32\libg_nano.a(lib_a-mprec.o)
                0x0000000000008a82                __ratio
 .text.__copybits
                0x0000000000008af6       0x36 c:/mounriver/mounriver_studio/toolchain/risc-v embedded gcc/bin/../lib/gcc/riscv-none-embed/8.2.0/../../../../riscv-none-embed/lib/rv32imacxw/ilp32\libg_nano.a(lib_a-mprec.o)
                0x0000000000008af6                __copybits
 .text.__any_on
                0x0000000000008b2c       0x46 c:/mounriver/mounriver_studio/toolchain/risc-v embedded gcc/bin/../lib/gcc/riscv-none-embed/8.2.0/../../../../riscv-none-embed/lib/rv32imacxw/ilp32\libg_nano.a(lib_a-mprec.o)
                0x0000000000008b2c                __any_on
 .text._calloc_r
                0x0000000000008b72       0x26 c:/mounriver/mounriver_studio/toolchain/risc-v embedded gcc/bin/../lib/gcc/riscv-none-embed/8.2.0/../../../../riscv-none-embed/lib/rv32imacxw/ilp32\libg_nano.a(lib_a-nano-callocr.o)
                0x0000000000008b72                _calloc_r
 .text._free_r  0x0000000000008b98       0xa4 c:/mounriver/mounriver_studio/toolchain/risc-v embedded gcc/bin/../lib/gcc/riscv-none-embed/8.2.0/../../../../riscv-none-embed/lib/rv32imacxw/ilp32\libg_nano.a(lib_a-nano-freer.o)
                0x0000000000008b98                _free_r
 .text._malloc_r
                0x0000000000008c3c       0xce c:/mounriver/mounriver_studio/toolchain/risc-v embedded gcc/bin/../lib/gcc/riscv-none-embed/8.2.0/../../../../riscv-none-embed/lib/rv32imacxw/ilp32\libg_nano.a(lib_a-nano-mallocr.o)
                0x0000000000008c3c                _malloc_r
 .text.__ssputs_r
                0x0000000000008d0a       0xe0 c:/mounriver/mounriver_studio/toolchain/risc-v embedded gcc/bin/../lib/gcc/riscv-none-embed/8.2.0/../../../../riscv-none-embed/lib/rv32imacxw/ilp32\libg_nano.a(lib_a-nano-svfprintf.o)
                0x0000000000008d0a                __ssputs_r
 .text._svfprintf_r
                0x0000000000008dea      0x268 c:/mounriver/mounriver_studio/toolchain/risc-v embedded gcc/bin/../lib/gcc/riscv-none-embed/8.2.0/../../../../riscv-none-embed/lib/rv32imacxw/ilp32\libg_nano.a(lib_a-nano-svfprintf.o)
                0x0000000000008dea                _svfiprintf_r
                0x0000000000008dea                _svfprintf_r
 .text._sbrk_r  0x0000000000009052       0x2a c:/mounriver/mounriver_studio/toolchain/risc-v embedded gcc/bin/../lib/gcc/riscv-none-embed/8.2.0/../../../../riscv-none-embed/lib/rv32imacxw/ilp32\libg_nano.a(lib_a-sbrkr.o)
                0x0000000000009052                _sbrk_r
 .text.strncmp  0x000000000000907c       0x28 c:/mounriver/mounriver_studio/toolchain/risc-v embedded gcc/bin/../lib/gcc/riscv-none-embed/8.2.0/../../../../riscv-none-embed/lib/rv32imacxw/ilp32\libg_nano.a(lib_a-strncmp.o)
                0x000000000000907c                strncmp
 .text.__ascii_wctomb
                0x00000000000090a4       0x1e c:/mounriver/mounriver_studio/toolchain/risc-v embedded gcc/bin/../lib/gcc/riscv-none-embed/8.2.0/../../../../riscv-none-embed/lib/rv32imacxw/ilp32\libg_nano.a(lib_a-wctomb_r.o)
                0x00000000000090a4                __ascii_wctomb
 .text.memmove  0x00000000000090c2       0x46 c:/mounriver/mounriver_studio/toolchain/risc-v embedded gcc/bin/../lib/gcc/riscv-none-embed/8.2.0/../../../../riscv-none-embed/lib/rv32imacxw/ilp32\libg_nano.a(lib_a-memmove.o)
                0x00000000000090c2                memmove
 .text.__malloc_lock
                0x0000000000009108        0x2 c:/mounriver/mounriver_studio/toolchain/risc-v embedded gcc/bin/../lib/gcc/riscv-none-embed/8.2.0/../../../../riscv-none-embed/lib/rv32imacxw/ilp32\libg_nano.a(lib_a-mlock.o)
                0x0000000000009108                __malloc_lock
 .text.__malloc_unlock
                0x000000000000910a        0x2 c:/mounriver/mounriver_studio/toolchain/risc-v embedded gcc/bin/../lib/gcc/riscv-none-embed/8.2.0/../../../../riscv-none-embed/lib/rv32imacxw/ilp32\libg_nano.a(lib_a-mlock.o)
                0x000000000000910a                __malloc_unlock
 .text._realloc_r
                0x000000000000910c       0x58 c:/mounriver/mounriver_studio/toolchain/risc-v embedded gcc/bin/../lib/gcc/riscv-none-embed/8.2.0/../../../../riscv-none-embed/lib/rv32imacxw/ilp32\libg_nano.a(lib_a-nano-reallocr.o)
                0x000000000000910c                _realloc_r
 .text._malloc_usable_size_r
                0x0000000000009164       0x14 c:/mounriver/mounriver_studio/toolchain/risc-v embedded gcc/bin/../lib/gcc/riscv-none-embed/8.2.0/../../../../riscv-none-embed/lib/rv32imacxw/ilp32\libg_nano.a(lib_a-nano-msizer.o)
                0x0000000000009164                _malloc_usable_size_r
 .text.__adddf3
                0x0000000000009178      0x730 c:/mounriver/mounriver_studio/toolchain/risc-v embedded gcc/bin/../lib/gcc/riscv-none-embed/8.2.0/rv32imacxw/ilp32\libgcc.a(adddf3.o)
                0x0000000000009178                __adddf3
 .text.__divdf3
                0x00000000000098a8      0x5b4 c:/mounriver/mounriver_studio/toolchain/risc-v embedded gcc/bin/../lib/gcc/riscv-none-embed/8.2.0/rv32imacxw/ilp32\libgcc.a(divdf3.o)
                0x00000000000098a8                __divdf3
 .text.__eqdf2  0x0000000000009e5c       0x6a c:/mounriver/mounriver_studio/toolchain/risc-v embedded gcc/bin/../lib/gcc/riscv-none-embed/8.2.0/rv32imacxw/ilp32\libgcc.a(eqdf2.o)
                0x0000000000009e5c                __nedf2
                0x0000000000009e5c                __eqdf2
 .text.__gedf2  0x0000000000009ec6       0xae c:/mounriver/mounriver_studio/toolchain/risc-v embedded gcc/bin/../lib/gcc/riscv-none-embed/8.2.0/rv32imacxw/ilp32\libgcc.a(gedf2.o)
                0x0000000000009ec6                __gedf2
                0x0000000000009ec6                __gtdf2
 .text.__unorddf2
                0x0000000000009f74       0x3c c:/mounriver/mounriver_studio/toolchain/risc-v embedded gcc/bin/../lib/gcc/riscv-none-embed/8.2.0/rv32imacxw/ilp32\libgcc.a(unorddf2.o)
                0x0000000000009f74                __unorddf2
 .text.__fixdfsi
                0x0000000000009fb0       0x68 c:/mounriver/mounriver_studio/toolchain/risc-v embedded gcc/bin/../lib/gcc/riscv-none-embed/8.2.0/rv32imacxw/ilp32\libgcc.a(fixdfsi.o)
                0x0000000000009fb0                __fixdfsi
 .text.__fixunsdfsi
                0x000000000000a018       0x5c c:/mounriver/mounriver_studio/toolchain/risc-v embedded gcc/bin/../lib/gcc/riscv-none-embed/8.2.0/rv32imacxw/ilp32\libgcc.a(fixunsdfsi.o)
                0x000000000000a018                __fixunsdfsi
 .text.__floatunsidf
                0x000000000000a074       0x68 c:/mounriver/mounriver_studio/toolchain/risc-v embedded gcc/bin/../lib/gcc/riscv-none-embed/8.2.0/rv32imacxw/ilp32\libgcc.a(floatunsidf.o)
                0x000000000000a074                __floatunsidf
 .text.__extenddftf2
                0x000000000000a0dc      0x1a0 c:/mounriver/mounriver_studio/toolchain/risc-v embedded gcc/bin/../lib/gcc/riscv-none-embed/8.2.0/rv32imacxw/ilp32\libgcc.a(extenddftf2.o)
                0x000000000000a0dc                __extenddftf2
 .text.__trunctfdf2
                0x000000000000a27c      0x21e c:/mounriver/mounriver_studio/toolchain/risc-v embedded gcc/bin/../lib/gcc/riscv-none-embed/8.2.0/rv32imacxw/ilp32\libgcc.a(trunctfdf2.o)
                0x000000000000a27c                __trunctfdf2
 *(.rodata)
 *(.rodata*)
 *fill*         0x000000000000a49a        0x2 
 .rodata.Call_show.str1.4
                0x000000000000a49c       0x20 ./hardware/UART_show/uartshow.o
 .rodata.Driver_show.str1.4
                0x000000000000a4bc       0x60 ./hardware/UART_show/uartshow.o
 .rodata.Fatigue_show.str1.4
                0x000000000000a51c       0x20 ./hardware/UART_show/uartshow.o
 .rodata.GradeA_show.str1.4
                0x000000000000a53c       0x15 ./hardware/UART_show/uartshow.o
 *fill*         0x000000000000a551        0x3 
 .rodata.GradeB_show.str1.4
                0x000000000000a554       0x15 ./hardware/UART_show/uartshow.o
 *fill*         0x000000000000a569        0x3 
 .rodata.GradeC_show.str1.4
                0x000000000000a56c       0x17 ./hardware/UART_show/uartshow.o
 *fill*         0x000000000000a583        0x1 
 .rodata.Hundred_show.str1.4
                0x000000000000a584       0x12 ./hardware/UART_show/uartshow.o
 *fill*         0x000000000000a596        0x2 
 .rodata.One_show.str1.4
                0x000000000000a598       0x13 ./hardware/UART_show/uartshow.o
 *fill*         0x000000000000a5ab        0x1 
 .rodata.Overtimedriver_show.str1.4
                0x000000000000a5ac       0x10 ./hardware/UART_show/uartshow.o
 .rodata.Show_Alcohol_Abnormal.str1.4
                0x000000000000a5bc       0x33 ./hardware/UART_show/uartshow.o
 *fill*         0x000000000000a5ef        0x1 
 .rodata.Show_Alcohol_Normal.str1.4
                0x000000000000a5f0       0x31 ./hardware/UART_show/uartshow.o
 *fill*         0x000000000000a621        0x3 
 .rodata.Show_Speed.str1.4
                0x000000000000a624       0x80 ./hardware/UART_show/uartshow.o
 .rodata.Show_Speed_Error.str1.4
                0x000000000000a6a4       0x10 ./hardware/UART_show/uartshow.o
 .rodata.Show_Temp_Humi.str1.4
                0x000000000000a6b4       0x70 ./hardware/UART_show/uartshow.o
 .rodata.Show_Temp_Humi_High.str1.4
                0x000000000000a724       0x14 ./hardware/UART_show/uartshow.o
 .rodata.Show_Time.str1.4
                0x000000000000a738       0x77 ./hardware/UART_show/uartshow.o
 *fill*         0x000000000000a7af        0x1 
 .rodata.Smoking_show.str1.4
                0x000000000000a7b0       0x20 ./hardware/UART_show/uartshow.o
 .rodata.Ten_show.str1.4
                0x000000000000a7d0       0x12 ./hardware/UART_show/uartshow.o
 *fill*         0x000000000000a7e2        0x2 
 .rodata.TIM2_IRQHandler.cst4
                0x000000000000a7e4        0x8 ./hardware/Speed/speed.o
 .rodata.mon_table
                0x000000000000a7ec        0xc ./hardware/RTC/RTC.o
                0x000000000000a7ec                mon_table
 .rodata.table_week
                0x000000000000a7f8        0xc ./hardware/RTC/RTC.o
                0x000000000000a7f8                table_week
 .rodata.Hcsr04GetLength.cst4
                0x000000000000a804        0x8 ./hardware/HC-SR04/HC-SR04.o
 .rodata.main.cst4
                0x000000000000a80c       0x2c ./User/main.o
                                         0x34 (size before relaxing)
 .rodata.main.cst8
                0x000000000000a838       0x38 ./User/main.o
 .rodata.__muldf3
                0x000000000000a870       0x40 c:/mounriver/mounriver_studio/toolchain/risc-v embedded gcc/bin/../lib/gcc/riscv-none-embed/8.2.0/rv32imacxw/ilp32\libgcc.a(muldf3.o)
 .rodata.__divsf3
                0x000000000000a8b0       0x80 c:/mounriver/mounriver_studio/toolchain/risc-v embedded gcc/bin/../lib/gcc/riscv-none-embed/8.2.0/rv32imacxw/ilp32\libgcc.a(divsf3.o)
 .rodata.__mulsf3
                0x000000000000a930       0x40 c:/mounriver/mounriver_studio/toolchain/risc-v embedded gcc/bin/../lib/gcc/riscv-none-embed/8.2.0/rv32imacxw/ilp32\libgcc.a(mulsf3.o)
 .rodata.__clz_tab
                0x000000000000a970      0x100 c:/mounriver/mounriver_studio/toolchain/risc-v embedded gcc/bin/../lib/gcc/riscv-none-embed/8.2.0/rv32imacxw/ilp32\libgcc.a(_clz.o)
                0x000000000000a970                __clz_tab
 .rodata._printf_float.cst8
                0x000000000000aa70        0x8 c:/mounriver/mounriver_studio/toolchain/risc-v embedded gcc/bin/../lib/gcc/riscv-none-embed/8.2.0/../../../../riscv-none-embed/lib/rv32imacxw/ilp32\libg_nano.a(lib_a-nano-vfprintf_float.o)
 .rodata._printf_float.str1.4
                0x000000000000aa78       0x12 c:/mounriver/mounriver_studio/toolchain/risc-v embedded gcc/bin/../lib/gcc/riscv-none-embed/8.2.0/../../../../riscv-none-embed/lib/rv32imacxw/ilp32\libg_nano.a(lib_a-nano-vfprintf_float.o)
 *fill*         0x000000000000aa8a        0x2 
 .rodata._printf_i.str1.4
                0x000000000000aa8c       0x25 c:/mounriver/mounriver_studio/toolchain/risc-v embedded gcc/bin/../lib/gcc/riscv-none-embed/8.2.0/../../../../riscv-none-embed/lib/rv32imacxw/ilp32\libg_nano.a(lib_a-nano-vfprintf_i.o)
 *fill*         0x000000000000aab1        0x3 
 .rodata._scanf_float.str1.4
                0x000000000000aab4        0x5 c:/mounriver/mounriver_studio/toolchain/risc-v embedded gcc/bin/../lib/gcc/riscv-none-embed/8.2.0/../../../../riscv-none-embed/lib/rv32imacxw/ilp32\libg_nano.a(lib_a-nano-vfscanf_float.o)
 *fill*         0x000000000000aab9        0x3 
 .rodata.nanf.cst4
                0x000000000000aabc        0x4 c:/mounriver/mounriver_studio/toolchain/risc-v embedded gcc/bin/../lib/gcc/riscv-none-embed/8.2.0/../../../../riscv-none-embed/lib/rv32imacxw/ilp32\libg_nano.a(lib_a-sf_nan.o)
 .rodata._strtod_l
                0x000000000000aac0       0x14 c:/mounriver/mounriver_studio/toolchain/risc-v embedded gcc/bin/../lib/gcc/riscv-none-embed/8.2.0/../../../../riscv-none-embed/lib/rv32imacxw/ilp32\libg_nano.a(lib_a-strtod.o)
 *fill*         0x000000000000aad4        0x4 
 .rodata._strtod_l.cst8
                0x000000000000aad8       0x38 c:/mounriver/mounriver_studio/toolchain/risc-v embedded gcc/bin/../lib/gcc/riscv-none-embed/8.2.0/../../../../riscv-none-embed/lib/rv32imacxw/ilp32\libg_nano.a(lib_a-strtod.o)
 .rodata._strtod_l.str1.4
                0x000000000000ab10        0xf c:/mounriver/mounriver_studio/toolchain/risc-v embedded gcc/bin/../lib/gcc/riscv-none-embed/8.2.0/../../../../riscv-none-embed/lib/rv32imacxw/ilp32\libg_nano.a(lib_a-strtod.o)
 *fill*         0x000000000000ab1f        0x1 
 .rodata.fpi.3395
                0x000000000000ab20       0x14 c:/mounriver/mounriver_studio/toolchain/risc-v embedded gcc/bin/../lib/gcc/riscv-none-embed/8.2.0/../../../../riscv-none-embed/lib/rv32imacxw/ilp32\libg_nano.a(lib_a-strtod.o)
 .rodata.fpinan.3431
                0x000000000000ab34       0x14 c:/mounriver/mounriver_studio/toolchain/risc-v embedded gcc/bin/../lib/gcc/riscv-none-embed/8.2.0/../../../../riscv-none-embed/lib/rv32imacxw/ilp32\libg_nano.a(lib_a-strtod.o)
 .rodata.tinytens
                0x000000000000ab48       0x28 c:/mounriver/mounriver_studio/toolchain/risc-v embedded gcc/bin/../lib/gcc/riscv-none-embed/8.2.0/../../../../riscv-none-embed/lib/rv32imacxw/ilp32\libg_nano.a(lib_a-strtod.o)
 .rodata._dtoa_r.cst8
                0x000000000000ab70       0x38 c:/mounriver/mounriver_studio/toolchain/risc-v embedded gcc/bin/../lib/gcc/riscv-none-embed/8.2.0/../../../../riscv-none-embed/lib/rv32imacxw/ilp32\libg_nano.a(lib_a-dtoa.o)
                                         0x48 (size before relaxing)
 .rodata._dtoa_r.str1.4
                0x000000000000aba8       0x10 c:/mounriver/mounriver_studio/toolchain/risc-v embedded gcc/bin/../lib/gcc/riscv-none-embed/8.2.0/../../../../riscv-none-embed/lib/rv32imacxw/ilp32\libg_nano.a(lib_a-dtoa.o)
                                         0x12 (size before relaxing)
 .rodata._setlocale_r.str1.4
                0x000000000000abb8        0xa c:/mounriver/mounriver_studio/toolchain/risc-v embedded gcc/bin/../lib/gcc/riscv-none-embed/8.2.0/../../../../riscv-none-embed/lib/rv32imacxw/ilp32\libg_nano.a(lib_a-locale.o)
                                          0xd (size before relaxing)
 *fill*         0x000000000000abc2        0x2 
 .rodata.str1.4
                0x000000000000abc4        0x2 c:/mounriver/mounriver_studio/toolchain/risc-v embedded gcc/bin/../lib/gcc/riscv-none-embed/8.2.0/../../../../riscv-none-embed/lib/rv32imacxw/ilp32\libg_nano.a(lib_a-locale.o)
 *fill*         0x000000000000abc6        0x2 
 .rodata.__mprec_bigtens
                0x000000000000abc8       0x28 c:/mounriver/mounriver_studio/toolchain/risc-v embedded gcc/bin/../lib/gcc/riscv-none-embed/8.2.0/../../../../riscv-none-embed/lib/rv32imacxw/ilp32\libg_nano.a(lib_a-mprec.o)
                0x000000000000abc8                __mprec_bigtens
 .rodata.__mprec_tens
                0x000000000000abf0       0xc8 c:/mounriver/mounriver_studio/toolchain/risc-v embedded gcc/bin/../lib/gcc/riscv-none-embed/8.2.0/../../../../riscv-none-embed/lib/rv32imacxw/ilp32\libg_nano.a(lib_a-mprec.o)
                0x000000000000abf0                __mprec_tens
 .rodata.p05.3319
                0x000000000000acb8        0xc c:/mounriver/mounriver_studio/toolchain/risc-v embedded gcc/bin/../lib/gcc/riscv-none-embed/8.2.0/../../../../riscv-none-embed/lib/rv32imacxw/ilp32\libg_nano.a(lib_a-mprec.o)
 .rodata._svfprintf_r.str1.4
                0x000000000000acc4       0x14 c:/mounriver/mounriver_studio/toolchain/risc-v embedded gcc/bin/../lib/gcc/riscv-none-embed/8.2.0/../../../../riscv-none-embed/lib/rv32imacxw/ilp32\libg_nano.a(lib_a-nano-svfprintf.o)
                                         0x13 (size before relaxing)
 .rodata._ctype_
                0x000000000000acd8      0x101 c:/mounriver/mounriver_studio/toolchain/risc-v embedded gcc/bin/../lib/gcc/riscv-none-embed/8.2.0/../../../../riscv-none-embed/lib/rv32imacxw/ilp32\libg_nano.a(lib_a-ctype_.o)
                0x000000000000acd8                _ctype_
 *fill*         0x000000000000add9        0x3 
 .rodata.__divdf3
                0x000000000000addc       0x40 c:/mounriver/mounriver_studio/toolchain/risc-v embedded gcc/bin/../lib/gcc/riscv-none-embed/8.2.0/rv32imacxw/ilp32\libgcc.a(divdf3.o)
 *(.gnu.linkonce.t.*)
                0x000000000000ae1c                . = ALIGN (0x4)

.rela.dyn       0x000000000000ae1c        0x0
 .rela.init     0x000000000000ae1c        0x0 ./hardware/USART3/USART3.o
 .rela.vector   0x000000000000ae1c        0x0 ./hardware/USART3/USART3.o
 .rela.text.handle_reset
                0x000000000000ae1c        0x0 ./hardware/USART3/USART3.o
 .rela.text._sbrk
                0x000000000000ae1c        0x0 ./hardware/USART3/USART3.o
 .rela.sdata.curbrk.5218
                0x000000000000ae1c        0x0 ./hardware/USART3/USART3.o
 .rela.data.impure_data
                0x000000000000ae1c        0x0 ./hardware/USART3/USART3.o
 .rela.text._svfprintf_r
                0x000000000000ae1c        0x0 ./hardware/USART3/USART3.o
 .rela.text._sbrk_r
                0x000000000000ae1c        0x0 ./hardware/USART3/USART3.o

.fini           0x000000000000ae1c        0x0
 *(SORT_NONE(.fini))
                0x000000000000ae1c                . = ALIGN (0x4)
                [!provide]                        PROVIDE (_etext = .)
                [!provide]                        PROVIDE (_eitcm = .)

.preinit_array  0x000000000000ae1c        0x0
                [!provide]                        PROVIDE (__preinit_array_start = .)
 *(.preinit_array)
                [!provide]                        PROVIDE (__preinit_array_end = .)

.init_array     0x000000000000ae1c        0x0
                [!provide]                        PROVIDE (__init_array_start = .)
 *(SORT_BY_INIT_PRIORITY(.init_array.*) SORT_BY_INIT_PRIORITY(.ctors.*))
 *(.init_array EXCLUDE_FILE(*crtend?.o *crtend.o *crtbegin?.o *crtbegin.o) .ctors)
                [!provide]                        PROVIDE (__init_array_end = .)

.fini_array     0x000000000000ae1c        0x0
                [!provide]                        PROVIDE (__fini_array_start = .)
 *(SORT_BY_INIT_PRIORITY(.fini_array.*) SORT_BY_INIT_PRIORITY(.dtors.*))
 *(.fini_array EXCLUDE_FILE(*crtend?.o *crtend.o *crtbegin?.o *crtbegin.o) .dtors)
                [!provide]                        PROVIDE (__fini_array_end = .)

.ctors
 *crtbegin.o(.ctors)
 *crtbegin?.o(.ctors)
 *(EXCLUDE_FILE(*crtend?.o *crtend.o) .ctors)
 *(SORT_BY_NAME(.ctors.*))
 *(.ctors)

.dtors
 *crtbegin.o(.dtors)
 *crtbegin?.o(.dtors)
 *(EXCLUDE_FILE(*crtend?.o *crtend.o) .dtors)
 *(SORT_BY_NAME(.dtors.*))
 *(.dtors)

.dalign         0x0000000020000000        0x0 load address 0x000000000000ae1c
                0x0000000020000000                . = ALIGN (0x4)
                0x0000000020000000                PROVIDE (_data_vma = .)

.dlalign        0x000000000000ae1c        0x0
                0x000000000000ae1c                . = ALIGN (0x4)
                0x000000000000ae1c                PROVIDE (_data_lma = .)

.data           0x0000000020000000      0x228 load address 0x000000000000ae1c
 *(.gnu.linkonce.r.*)
 *(.data .data.*)
 .data.AHBPrescTable
                0x0000000020000000       0x10 ./User/system_ch32v30x.o
                0x0000000020000000                AHBPrescTable
 .data.APBAHBPrescTable
                0x0000000020000010       0x10 ./Peripheral/src/ch32v30x_rcc.o
 .data.impure_data
                0x0000000020000020       0x60 c:/mounriver/mounriver_studio/toolchain/risc-v embedded gcc/bin/../lib/gcc/riscv-none-embed/8.2.0/../../../../riscv-none-embed/lib/rv32imacxw/ilp32\libg_nano.a(lib_a-impure.o)
 .data.__global_locale
                0x0000000020000080      0x16c c:/mounriver/mounriver_studio/toolchain/risc-v embedded gcc/bin/../lib/gcc/riscv-none-embed/8.2.0/../../../../riscv-none-embed/lib/rv32imacxw/ilp32\libg_nano.a(lib_a-locale.o)
                0x0000000020000080                __global_locale
 *(.gnu.linkonce.d.*)
                0x00000000200001f0                . = ALIGN (0x8)
 *fill*         0x00000000200001ec        0x4 
                0x00000000200009f0                PROVIDE (__global_pointer$ = (. + 0x800))
 *(.sdata .sdata.*)
 .sdata.pwm     0x00000000200001f0        0x4 ./hardware/KEY_Pwm/key_pwm.o
                0x00000000200001f0                pwm
 .sdata.Callscore
                0x00000000200001f4        0x4 ./User/main.o
                0x00000000200001f4                Callscore
 .sdata.Continuousdriving
                0x00000000200001f8        0x4 ./User/main.o
                0x00000000200001f8                Continuousdriving
 .sdata.Fatiguescore
                0x00000000200001fc        0x4 ./User/main.o
                0x00000000200001fc                Fatiguescore
 .sdata.Overspeedscore
                0x0000000020000200        0x4 ./User/main.o
                0x0000000020000200                Overspeedscore
 .sdata.Ratescore
                0x0000000020000204        0x4 ./User/main.o
                0x0000000020000204                Ratescore
 .sdata.Sharpaccelerationscore
                0x0000000020000208        0x4 ./User/main.o
                0x0000000020000208                Sharpaccelerationscore
 .sdata.Sharpslowdownscore
                0x000000002000020c        0x4 ./User/main.o
                0x000000002000020c                Sharpslowdownscore
 .sdata.Smokingscore
                0x0000000020000210        0x4 ./User/main.o
                0x0000000020000210                Smokingscore
 .sdata.SystemCoreClock
                0x0000000020000214        0x4 ./User/system_ch32v30x.o
                0x0000000020000214                SystemCoreClock
 .sdata.ADCPrescTable
                0x0000000020000218        0x4 ./Peripheral/src/ch32v30x_rcc.o
 .sdata.curbrk.5218
                0x000000002000021c        0x4 ./Debug/debug.o
 .sdata._impure_ptr
                0x0000000020000220        0x4 c:/mounriver/mounriver_studio/toolchain/risc-v embedded gcc/bin/../lib/gcc/riscv-none-embed/8.2.0/../../../../riscv-none-embed/lib/rv32imacxw/ilp32\libg_nano.a(lib_a-impure.o)
                0x0000000020000220                _impure_ptr
 *(.sdata2.*)
 *(.gnu.linkonce.s.*)
                0x0000000020000228                . = ALIGN (0x8)
 *fill*         0x0000000020000224        0x4 
 *(.srodata.cst16)
 *(.srodata.cst8)
 *(.srodata.cst4)
 *(.srodata.cst2)
 *(.srodata .srodata.*)
                0x0000000020000228                . = ALIGN (0x4)
                0x0000000020000228                PROVIDE (_edata = .)

.bss            0x0000000020000228      0x1e0 load address 0x000000000000b044
                0x0000000020000228                . = ALIGN (0x4)
                0x0000000020000228                PROVIDE (_sbss = .)
 *(.sbss*)
 .sbss.Flash_Mpde
                0x0000000020000228        0x1 ./hardware/USART3/USART3.o
                0x0000000020000228                Flash_Mpde
 .sbss.Light_Mode
                0x0000000020000229        0x1 ./hardware/USART3/USART3.o
                0x0000000020000229                Light_Mode
 .sbss.Print_Mode
                0x000000002000022a        0x1 ./hardware/USART3/USART3.o
                0x000000002000022a                Print_Mode
 .sbss.Rainbow_Mode
                0x000000002000022b        0x1 ./hardware/USART3/USART3.o
                0x000000002000022b                Rainbow_Mode
 .sbss.Callphone_State
                0x000000002000022c        0x1 ./hardware/USART2/USART2.o
                0x000000002000022c                Callphone_State
 .sbss.Fatigue_State
                0x000000002000022d        0x1 ./hardware/USART2/USART2.o
                0x000000002000022d                Fatigue_State
 .sbss.Smoking_state
                0x000000002000022e        0x1 ./hardware/USART2/USART2.o
                0x000000002000022e                Smoking_state
 *fill*         0x000000002000022f        0x1 
 .sbss.USART_RX_STA
                0x0000000020000230        0x2 ./hardware/USART2/USART2.o
                0x0000000020000230                USART_RX_STA
 *fill*         0x0000000020000232        0x2 
 .sbss.Circle   0x0000000020000234        0x4 ./hardware/Speed/speed.o
                0x0000000020000234                Circle
 .sbss.CountSensor_Count
                0x0000000020000238        0x4 ./hardware/Speed/speed.o
                0x0000000020000238                CountSensor_Count
 .sbss.flag     0x000000002000023c        0x1 ./hardware/Speed/speed.o
                0x000000002000023c                flag
 *fill*         0x000000002000023d        0x3 
 .sbss.num      0x0000000020000240        0x4 ./hardware/Speed/speed.o
                0x0000000020000240                num
 .sbss.times    0x0000000020000244        0x4 ./hardware/Speed/speed.o
                0x0000000020000244                times
 .sbss.dayCount.5242
                0x0000000020000248        0x2 ./hardware/RTC/RTC.o
 .sbss.Stop     0x000000002000024a        0x1 ./hardware/KEY_Pwm/key_pwm.o
                0x000000002000024a                Stop
 *fill*         0x000000002000024b        0x1 
 .sbss.aa       0x000000002000024c        0x4 ./hardware/KEY_Pwm/key_pwm.o
                0x000000002000024c                aa
 .sbss.star     0x0000000020000250        0x4 ./hardware/KEY_Pwm/key_pwm.o
                0x0000000020000250                star
 .sbss.msHcCount
                0x0000000020000254        0x2 ./hardware/HC-SR04/HC-SR04.o
                0x0000000020000254                msHcCount
 .sbss.Calibrattion_Val
                0x0000000020000256        0x2 ./hardware/ADC_SMOKE/ADC.o
                0x0000000020000256                Calibrattion_Val
 .sbss.Calls    0x0000000020000258        0x4 ./User/main.o
                0x0000000020000258                Calls
 .sbss.Fatigues
                0x000000002000025c        0x4 ./User/main.o
                0x000000002000025c                Fatigues
 .sbss.Hundred  0x0000000020000260        0x4 ./User/main.o
                0x0000000020000260                Hundred
 .sbss.One      0x0000000020000264        0x4 ./User/main.o
                0x0000000020000264                One
 .sbss.Overspeed
                0x0000000020000268        0x4 ./User/main.o
                0x0000000020000268                Overspeed
 .sbss.Overspeeds
                0x000000002000026c        0x4 ./User/main.o
                0x000000002000026c                Overspeeds
 .sbss.Sharpacceleration
                0x0000000020000270        0x4 ./User/main.o
                0x0000000020000270                Sharpacceleration
 .sbss.Sharpslowdown
                0x0000000020000274        0x4 ./User/main.o
                0x0000000020000274                Sharpslowdown
 .sbss.Smokings
                0x0000000020000278        0x4 ./User/main.o
                0x0000000020000278                Smokings
 .sbss.Ten      0x000000002000027c        0x4 ./User/main.o
                0x000000002000027c                Ten
 .sbss.adcx     0x0000000020000280        0x4 ./User/main.o
                0x0000000020000280                adcx
 .sbss.alcohol  0x0000000020000284        0x4 ./User/main.o
                0x0000000020000284                alcohol
 .sbss.humidity
                0x0000000020000288        0x4 ./User/main.o
                0x0000000020000288                humidity
 .sbss.laps     0x000000002000028c        0x4 ./User/main.o
                0x000000002000028c                laps
 .sbss.length   0x0000000020000290        0x4 ./User/main.o
                0x0000000020000290                length
 .sbss.mileage  0x0000000020000294        0x4 ./User/main.o
                0x0000000020000294                mileage
 .sbss.radCir   0x0000000020000298        0x4 ./User/main.o
                0x0000000020000298                radCir
 .sbss.radHumi  0x000000002000029c        0x4 ./User/main.o
                0x000000002000029c                radHumi
 .sbss.radTemp  0x00000000200002a0        0x4 ./User/main.o
                0x00000000200002a0                radTemp
 .sbss.radspeed
                0x00000000200002a4        0x4 ./User/main.o
                0x00000000200002a4                radspeed
 .sbss.rate     0x00000000200002a8        0x4 ./User/main.o
                0x00000000200002a8                rate
 .sbss.shidu    0x00000000200002ac        0x2 ./User/main.o
                0x00000000200002ac                shidu
 *fill*         0x00000000200002ae        0x2 
 .sbss.speed    0x00000000200002b0        0x4 ./User/main.o
                0x00000000200002b0                speed
 .sbss.temperature
                0x00000000200002b4        0x4 ./User/main.o
                0x00000000200002b4                temperature
 .sbss.total    0x00000000200002b8        0x4 ./User/main.o
                0x00000000200002b8                total
 .sbss.wendu    0x00000000200002bc        0x2 ./User/main.o
                0x00000000200002bc                wendu
 *fill*         0x00000000200002be        0x2 
 .sbss.NVIC_Priority_Group
                0x00000000200002c0        0x4 ./Peripheral/src/ch32v30x_misc.o
                0x00000000200002c0                NVIC_Priority_Group
 .sbss.p_ms     0x00000000200002c4        0x2 ./Debug/debug.o
 .sbss.p_us     0x00000000200002c6        0x1 ./Debug/debug.o
 *fill*         0x00000000200002c7        0x1 
 .sbss.__malloc_free_list
                0x00000000200002c8        0x4 c:/mounriver/mounriver_studio/toolchain/risc-v embedded gcc/bin/../lib/gcc/riscv-none-embed/8.2.0/../../../../riscv-none-embed/lib/rv32imacxw/ilp32\libg_nano.a(lib_a-nano-mallocr.o)
                0x00000000200002c8                __malloc_free_list
 .sbss.__malloc_sbrk_start
                0x00000000200002cc        0x4 c:/mounriver/mounriver_studio/toolchain/risc-v embedded gcc/bin/../lib/gcc/riscv-none-embed/8.2.0/../../../../riscv-none-embed/lib/rv32imacxw/ilp32\libg_nano.a(lib_a-nano-mallocr.o)
                0x00000000200002cc                __malloc_sbrk_start
 *(.gnu.linkonce.sb.*)
 *(.bss*)
 .bss.USART_RX_BUF
                0x00000000200002d0       0xc8 ./hardware/USART2/USART2.o
                0x00000000200002d0                USART_RX_BUF
 .bss.buf       0x0000000020000398       0x40 ./hardware/UART_show/uartshow.o
                0x0000000020000398                buf
 .bss.str       0x00000000200003d8       0x20 ./hardware/UART_show/uartshow.o
                0x00000000200003d8                str
 .bss.calendar  0x00000000200003f8        0xa ./hardware/RTC/RTC.o
                0x00000000200003f8                calendar
 *(.gnu.linkonce.b.*)
 *(COMMON*)
 *fill*         0x0000000020000402        0x2 
 COMMON         0x0000000020000404        0x4 c:/mounriver/mounriver_studio/toolchain/risc-v embedded gcc/bin/../lib/gcc/riscv-none-embed/8.2.0/../../../../riscv-none-embed/lib/rv32imacxw/ilp32\libg_nano.a(lib_a-reent.o)
                0x0000000020000404                errno
                0x0000000020000408                . = ALIGN (0x4)
                0x0000000020000408                PROVIDE (_ebss = .)
                0x0000000020000408                PROVIDE (_end = _ebss)
                [!provide]                        PROVIDE (end = .)

.stack          0x0000000020007800      0x800
                0x0000000020007800                PROVIDE (_heap_end = .)
                0x0000000020007800                . = ALIGN (0x4)
                [!provide]                        PROVIDE (_susrstack = .)
                0x0000000020008000                . = (. + __stack_size)
 *fill*         0x0000000020007800      0x800 
                0x0000000020008000                PROVIDE (_eusrstack = .)
OUTPUT(CH32V307VCT6_EVT.elf elf32-littleriscv)

.debug_info     0x0000000000000000    0x1ba1b
 .debug_info    0x0000000000000000     0x11dd ./hardware/USART3/USART3.o
 .debug_info    0x00000000000011dd     0x1141 ./hardware/USART2/USART2.o
 .debug_info    0x000000000000231e     0x19ba ./hardware/UART_show/uartshow.o
 .debug_info    0x0000000000003cd8     0x102d ./hardware/UART4/UART4.o
 .debug_info    0x0000000000004d05     0x154b ./hardware/Speed/speed.o
 .debug_info    0x0000000000006250     0x1358 ./hardware/RTC/RTC.o
 .debug_info    0x00000000000075a8     0x1269 ./hardware/KEY_Pwm/key_pwm.o
 .debug_info    0x0000000000008811     0x148c ./hardware/HC-SR04/HC-SR04.o
 .debug_info    0x0000000000009c9d      0xe35 ./hardware/DHT11/dht11.o
 .debug_info    0x000000000000aad2     0x1071 ./hardware/ADC_SMOKE/ADC.o
 .debug_info    0x000000000000bb43      0x962 ./User/ch32v30x_it.o
 .debug_info    0x000000000000c4a5     0x166e ./User/main.o
 .debug_info    0x000000000000db13      0xb89 ./User/system_ch32v30x.o
 .debug_info    0x000000000000e69c       0x22 ./Startup/startup_ch32v30x_D8C.o
 .debug_info    0x000000000000e6be     0x16e9 ./Peripheral/src/ch32v30x_adc.o
 .debug_info    0x000000000000fda7     0x10c2 ./Peripheral/src/ch32v30x_bkp.o
 .debug_info    0x0000000000010e69      0xc0d ./Peripheral/src/ch32v30x_exti.o
 .debug_info    0x0000000000011a76     0x1093 ./Peripheral/src/ch32v30x_gpio.o
 .debug_info    0x0000000000012b09      0xf72 ./Peripheral/src/ch32v30x_misc.o
 .debug_info    0x0000000000013a7b      0xf91 ./Peripheral/src/ch32v30x_pwr.o
 .debug_info    0x0000000000014a0c     0x156e ./Peripheral/src/ch32v30x_rcc.o
 .debug_info    0x0000000000015f7a      0xd4f ./Peripheral/src/ch32v30x_rtc.o
 .debug_info    0x0000000000016cc9     0x2a16 ./Peripheral/src/ch32v30x_tim.o
 .debug_info    0x00000000000196df     0x1420 ./Peripheral/src/ch32v30x_usart.o
 .debug_info    0x000000000001aaff      0xf1c ./Debug/debug.o

.debug_abbrev   0x0000000000000000     0x47b6
 .debug_abbrev  0x0000000000000000      0x2d3 ./hardware/USART3/USART3.o
 .debug_abbrev  0x00000000000002d3      0x2d1 ./hardware/USART2/USART2.o
 .debug_abbrev  0x00000000000005a4      0x271 ./hardware/UART_show/uartshow.o
 .debug_abbrev  0x0000000000000815      0x295 ./hardware/UART4/UART4.o
 .debug_abbrev  0x0000000000000aaa      0x316 ./hardware/Speed/speed.o
 .debug_abbrev  0x0000000000000dc0      0x3c5 ./hardware/RTC/RTC.o
 .debug_abbrev  0x0000000000001185      0x2b3 ./hardware/KEY_Pwm/key_pwm.o
 .debug_abbrev  0x0000000000001438      0x323 ./hardware/HC-SR04/HC-SR04.o
 .debug_abbrev  0x000000000000175b      0x328 ./hardware/DHT11/dht11.o
 .debug_abbrev  0x0000000000001a83      0x30f ./hardware/ADC_SMOKE/ADC.o
 .debug_abbrev  0x0000000000001d92      0x1cf ./User/ch32v30x_it.o
 .debug_abbrev  0x0000000000001f61      0x288 ./User/main.o
 .debug_abbrev  0x00000000000021e9      0x2c0 ./User/system_ch32v30x.o
 .debug_abbrev  0x00000000000024a9       0x12 ./Startup/startup_ch32v30x_D8C.o
 .debug_abbrev  0x00000000000024bb      0x3a9 ./Peripheral/src/ch32v30x_adc.o
 .debug_abbrev  0x0000000000002864      0x2cc ./Peripheral/src/ch32v30x_bkp.o
 .debug_abbrev  0x0000000000002b30      0x2da ./Peripheral/src/ch32v30x_exti.o
 .debug_abbrev  0x0000000000002e0a      0x309 ./Peripheral/src/ch32v30x_gpio.o
 .debug_abbrev  0x0000000000003113      0x2fb ./Peripheral/src/ch32v30x_misc.o
 .debug_abbrev  0x000000000000340e      0x384 ./Peripheral/src/ch32v30x_pwr.o
 .debug_abbrev  0x0000000000003792      0x351 ./Peripheral/src/ch32v30x_rcc.o
 .debug_abbrev  0x0000000000003ae3      0x2c0 ./Peripheral/src/ch32v30x_rtc.o
 .debug_abbrev  0x0000000000003da3      0x408 ./Peripheral/src/ch32v30x_tim.o
 .debug_abbrev  0x00000000000041ab      0x312 ./Peripheral/src/ch32v30x_usart.o
 .debug_abbrev  0x00000000000044bd      0x2f9 ./Debug/debug.o

.debug_loc      0x0000000000000000     0x4f6d
 .debug_loc     0x0000000000000000       0xd7 ./hardware/USART3/USART3.o
 .debug_loc     0x00000000000000d7       0x52 ./hardware/USART2/USART2.o
 .debug_loc     0x0000000000000129       0x1e ./hardware/UART4/UART4.o
 .debug_loc     0x0000000000000147       0x42 ./hardware/Speed/speed.o
 .debug_loc     0x0000000000000189      0x398 ./hardware/RTC/RTC.o
 .debug_loc     0x0000000000000521       0xe9 ./hardware/HC-SR04/HC-SR04.o
 .debug_loc     0x000000000000060a      0x13b ./hardware/DHT11/dht11.o
 .debug_loc     0x0000000000000745       0xac ./hardware/ADC_SMOKE/ADC.o
 .debug_loc     0x00000000000007f1       0xda ./User/system_ch32v30x.o
 .debug_loc     0x00000000000008cb      0xab6 ./Peripheral/src/ch32v30x_adc.o
 .debug_loc     0x0000000000001381       0xd8 ./Peripheral/src/ch32v30x_bkp.o
 .debug_loc     0x0000000000001459      0x181 ./Peripheral/src/ch32v30x_exti.o
 .debug_loc     0x00000000000015da      0x670 ./Peripheral/src/ch32v30x_gpio.o
 .debug_loc     0x0000000000001c4a       0xce ./Peripheral/src/ch32v30x_misc.o
 .debug_loc     0x0000000000001d18      0x278 ./Peripheral/src/ch32v30x_pwr.o
 .debug_loc     0x0000000000001f90      0xadb ./Peripheral/src/ch32v30x_rcc.o
 .debug_loc     0x0000000000002a6b      0x272 ./Peripheral/src/ch32v30x_rtc.o
 .debug_loc     0x0000000000002cdd     0x195e ./Peripheral/src/ch32v30x_tim.o
 .debug_loc     0x000000000000463b      0x7bb ./Peripheral/src/ch32v30x_usart.o
 .debug_loc     0x0000000000004df6      0x177 ./Debug/debug.o

.debug_aranges  0x0000000000000000      0xd28
 .debug_aranges
                0x0000000000000000       0x38 ./hardware/USART3/USART3.o
 .debug_aranges
                0x0000000000000038       0x28 ./hardware/USART2/USART2.o
 .debug_aranges
                0x0000000000000060       0xa8 ./hardware/UART_show/uartshow.o
 .debug_aranges
                0x0000000000000108       0x20 ./hardware/UART4/UART4.o
 .debug_aranges
                0x0000000000000128       0x48 ./hardware/Speed/speed.o
 .debug_aranges
                0x0000000000000170       0x58 ./hardware/RTC/RTC.o
 .debug_aranges
                0x00000000000001c8       0x50 ./hardware/KEY_Pwm/key_pwm.o
 .debug_aranges
                0x0000000000000218       0x48 ./hardware/HC-SR04/HC-SR04.o
 .debug_aranges
                0x0000000000000260       0x48 ./hardware/DHT11/dht11.o
 .debug_aranges
                0x00000000000002a8       0x30 ./hardware/ADC_SMOKE/ADC.o
 .debug_aranges
                0x00000000000002d8       0x28 ./User/ch32v30x_it.o
 .debug_aranges
                0x0000000000000300       0x20 ./User/main.o
 .debug_aranges
                0x0000000000000320       0x28 ./User/system_ch32v30x.o
 .debug_aranges
                0x0000000000000348       0x30 ./Startup/startup_ch32v30x_D8C.o
 .debug_aranges
                0x0000000000000378      0x150 ./Peripheral/src/ch32v30x_adc.o
 .debug_aranges
                0x00000000000004c8       0x78 ./Peripheral/src/ch32v30x_bkp.o
 .debug_aranges
                0x0000000000000540       0x50 ./Peripheral/src/ch32v30x_exti.o
 .debug_aranges
                0x0000000000000590       0xa8 ./Peripheral/src/ch32v30x_gpio.o
 .debug_aranges
                0x0000000000000638       0x28 ./Peripheral/src/ch32v30x_misc.o
 .debug_aranges
                0x0000000000000660       0x88 ./Peripheral/src/ch32v30x_pwr.o
 .debug_aranges
                0x00000000000006e8      0x1a8 ./Peripheral/src/ch32v30x_rcc.o
 .debug_aranges
                0x0000000000000890       0x80 ./Peripheral/src/ch32v30x_rtc.o
 .debug_aranges
                0x0000000000000910      0x2d0 ./Peripheral/src/ch32v30x_tim.o
 .debug_aranges
                0x0000000000000be0      0x100 ./Peripheral/src/ch32v30x_usart.o
 .debug_aranges
                0x0000000000000ce0       0x48 ./Debug/debug.o

.debug_ranges   0x0000000000000000      0xc68
 .debug_ranges  0x0000000000000000       0x28 ./hardware/USART3/USART3.o
 .debug_ranges  0x0000000000000028       0x18 ./hardware/USART2/USART2.o
 .debug_ranges  0x0000000000000040       0x98 ./hardware/UART_show/uartshow.o
 .debug_ranges  0x00000000000000d8       0x10 ./hardware/UART4/UART4.o
 .debug_ranges  0x00000000000000e8       0x38 ./hardware/Speed/speed.o
 .debug_ranges  0x0000000000000120       0x60 ./hardware/RTC/RTC.o
 .debug_ranges  0x0000000000000180       0x40 ./hardware/KEY_Pwm/key_pwm.o
 .debug_ranges  0x00000000000001c0       0x38 ./hardware/HC-SR04/HC-SR04.o
 .debug_ranges  0x00000000000001f8       0x38 ./hardware/DHT11/dht11.o
 .debug_ranges  0x0000000000000230       0x20 ./hardware/ADC_SMOKE/ADC.o
 .debug_ranges  0x0000000000000250       0x18 ./User/ch32v30x_it.o
 .debug_ranges  0x0000000000000268       0x10 ./User/main.o
 .debug_ranges  0x0000000000000278       0x38 ./User/system_ch32v30x.o
 .debug_ranges  0x00000000000002b0       0x28 ./Startup/startup_ch32v30x_D8C.o
 .debug_ranges  0x00000000000002d8      0x140 ./Peripheral/src/ch32v30x_adc.o
 .debug_ranges  0x0000000000000418       0x68 ./Peripheral/src/ch32v30x_bkp.o
 .debug_ranges  0x0000000000000480       0x40 ./Peripheral/src/ch32v30x_exti.o
 .debug_ranges  0x00000000000004c0       0x98 ./Peripheral/src/ch32v30x_gpio.o
 .debug_ranges  0x0000000000000558       0x48 ./Peripheral/src/ch32v30x_misc.o
 .debug_ranges  0x00000000000005a0       0xa8 ./Peripheral/src/ch32v30x_pwr.o
 .debug_ranges  0x0000000000000648      0x198 ./Peripheral/src/ch32v30x_rcc.o
 .debug_ranges  0x00000000000007e0       0x70 ./Peripheral/src/ch32v30x_rtc.o