<html>
<body>
<pre>
<h1>µVision Build Log</h1>
<h2>Tool Versions:</h2>
IDE-Version: ¦ÌVision V5.21.1.0
Copyright (C) 2016 ARM Ltd and ARM Germany GmbH. All rights reserved.
License Information: JOANG ZHIYU, 2845123323, LIC=GMZI6-D0HST-2ZCW4-F9F58-DDAAS-WBKYA
 
Tool Versions:
Toolchain:       MDK-ARM Plus  Version: 5.21a
Toolchain Path:  C:\Keil_v5\ARM\ARMCC\Bin
C Compiler:      Armcc.exe V5.06 update 3 (build 300)
Assembler:       Armasm.exe V5.06 update 3 (build 300)
Linker/Locator:  ArmLink.exe V5.06 update 3 (build 300)
Library Manager: ArmAr.exe V5.06 update 3 (build 300)
Hex Converter:   FromElf.exe V5.06 update 3 (build 300)
CPU DLL:         SARMCM3.DLL V5.21a
Dialog DLL:      DARMSTM.DLL V1.66.0.1
Target DLL:      STLink\ST-LINKIII-KEIL_SWO.dll V2.0.18.0
Dialog DLL:      TARMSTM.DLL V1.65.0.0
 
<h2>Project:</h2>
D:\A-CH32\stm32-HC-SR04\HC_SR04\hc_sr04.uvprojx
Project File Date:  04/09/2019

<h2>Output:</h2>
*** Using Compiler 'V5.06 update 3 (build 300)', folder: 'C:\Keil_v5\ARM\ARMCC\Bin'
Rebuild target 'Target 1'
compiling delay_by_systick.c...
compiling main.c...
assembling STM32F10x.s...
compiling stm32f10x_lib.c...
assembling cortexm3_macro.s...
compiling hc_sr04.c...
lib\app\HC_SR04\hc_sr04.c(32): warning:  #177-D: variable "i" was declared but never referenced
  	u32 i=0;
lib\app\HC_SR04\hc_sr04.c: 1 warning, 0 errors
compiling stm32f10x_gpio.c...
compiling USART1_Configuration.c...
compiling stm32f10x_flash.c...
compiling TIM_Counter.c...
compiling stm32f10x_it.c...
compiling stm32f10x_systick.c...
compiling stm32f10x_rcc.c...
compiling stm32f10x_nvic.c...
compiling stm32f10x_usart.c...
compiling stm32f10x_tim.c...
linking...
Program Size: Code=7080 RO-data=288 RW-data=16 ZI-data=512  
FromELF: creating hex file...
".\Objects\hc_sr04.axf" - 0 Error(s), 1 Warning(s).

<h2>Collection of Component include folders:</h2>
  D:\A-CH32\stm32-HC-SR04\HC_SR04\RTE
  C:\Keil_v5\ARM\PACK\Keil\STM32F1xx_DFP\2.2.0\Device\Include

<h2>Collection of Component Files used:</h2>
Build Time Elapsed:  00:00:01
</pre>
</body>
</html>
