Component: ARM Compiler 5.06 update 3 (build 300) Tool: armlink [4d35c9]

==============================================================================

Section Cross References

    startup_stm32f103xe.o(STACK) refers (Special) to heapauxi.o(.text) for __use_two_region_memory
    startup_stm32f103xe.o(HEAP) refers (Special) to heapauxi.o(.text) for __use_two_region_memory
    startup_stm32f103xe.o(RESET) refers (Special) to heapauxi.o(.text) for __use_two_region_memory
    startup_stm32f103xe.o(RESET) refers to startup_stm32f103xe.o(STACK) for __initial_sp
    startup_stm32f103xe.o(RESET) refers to startup_stm32f103xe.o(.text) for Reset_Handler
    startup_stm32f103xe.o(RESET) refers to stm32f1xx_it.o(i.NMI_Handler) for NMI_Handler
    startup_stm32f103xe.o(RESET) refers to stm32f1xx_it.o(i.HardFault_Handler) for HardFault_Handler
    startup_stm32f103xe.o(RESET) refers to stm32f1xx_it.o(i.MemManage_Handler) for MemManage_Handler
    startup_stm32f103xe.o(RESET) refers to stm32f1xx_it.o(i.BusFault_Handler) for BusFault_Handler
    startup_stm32f103xe.o(RESET) refers to stm32f1xx_it.o(i.UsageFault_Handler) for UsageFault_Handler
    startup_stm32f103xe.o(RESET) refers to port.o(.emb_text) for SVC_Handler
    startup_stm32f103xe.o(RESET) refers to stm32f1xx_it.o(i.DebugMon_Handler) for DebugMon_Handler
    startup_stm32f103xe.o(RESET) refers to delay.o(i.SysTick_Handler) for SysTick_Handler
    startup_stm32f103xe.o(RESET) refers to usart.o(i.USART1_IRQHandler) for USART1_IRQHandler
    startup_stm32f103xe.o(RESET) refers to btim.o(i.TIM6_IRQHandler) for TIM6_IRQHandler
    startup_stm32f103xe.o(.text) refers (Special) to heapauxi.o(.text) for __use_two_region_memory
    startup_stm32f103xe.o(.text) refers to system_stm32f1xx.o(i.SystemInit) for SystemInit
    startup_stm32f103xe.o(.text) refers to __main.o(!!!main) for __main
    startup_stm32f103xe.o(.text) refers to startup_stm32f103xe.o(HEAP) for Heap_Mem
    startup_stm32f103xe.o(.text) refers to startup_stm32f103xe.o(STACK) for Stack_Mem
    main.o(i.main) refers to stm32f1xx_hal.o(i.HAL_Init) for HAL_Init
    main.o(i.main) refers to sys.o(i.sys_stm32_clock_init) for sys_stm32_clock_init
    main.o(i.main) refers to delay.o(i.delay_init) for delay_init
    main.o(i.main) refers to usart.o(i.usart_init) for usart_init
    main.o(i.main) refers to led.o(i.led_init) for led_init
    main.o(i.main) refers to key.o(i.key_init) for key_init
    main.o(i.main) refers to malloc.o(i.my_mem_init) for my_mem_init
    main.o(i.main) refers to freertos_demo.o(i.freertos_demo) for freertos_demo
    system_stm32f1xx.o(i.SystemCoreClockUpdate) refers to system_stm32f1xx.o(.data) for SystemCoreClock
    system_stm32f1xx.o(i.SystemCoreClockUpdate) refers to system_stm32f1xx.o(.constdata) for AHBPrescTable
    freertos_demo.o(i.Start_Task) refers to port.o(i.vPortEnterCritical) for vPortEnterCritical
    freertos_demo.o(i.Start_Task) refers to tasks.o(i.xTaskCreate) for xTaskCreate
    freertos_demo.o(i.Start_Task) refers to tasks.o(i.vTaskDelete) for vTaskDelete
    freertos_demo.o(i.Start_Task) refers to port.o(i.vPortExitCritical) for vPortExitCritical
    freertos_demo.o(i.Start_Task) refers to freertos_demo.o(.data) for task1_handler
    freertos_demo.o(i.Start_Task) refers to freertos_demo.o(i.Task1) for Task1
    freertos_demo.o(i.Start_Task) refers to freertos_demo.o(i.Task2) for Task2
    freertos_demo.o(i.Start_Task) refers to freertos_demo.o(i.Task3) for Task3
    freertos_demo.o(i.Task1) refers to noretval__2printf.o(.text) for __2printf
    freertos_demo.o(i.Task1) refers to stm32f1xx_hal_gpio.o(i.HAL_GPIO_TogglePin) for HAL_GPIO_TogglePin
    freertos_demo.o(i.Task1) refers to tasks.o(i.vTaskDelay) for vTaskDelay
    freertos_demo.o(i.Task2) refers to noretval__2printf.o(.text) for __2printf
    freertos_demo.o(i.Task2) refers to stm32f1xx_hal_gpio.o(i.HAL_GPIO_TogglePin) for HAL_GPIO_TogglePin
    freertos_demo.o(i.Task2) refers to tasks.o(i.vTaskDelay) for vTaskDelay
    freertos_demo.o(i.Task3) refers to noretval__2printf.o(.text) for __2printf
    freertos_demo.o(i.Task3) refers to key.o(i.key_scan) for key_scan
    freertos_demo.o(i.Task3) refers to tasks.o(i.vTaskDelete) for vTaskDelete
    freertos_demo.o(i.Task3) refers to tasks.o(i.vTaskDelay) for vTaskDelay
    freertos_demo.o(i.Task3) refers to freertos_demo.o(.data) for task1_handler
    freertos_demo.o(i.freertos_demo) refers to tasks.o(i.xTaskCreate) for xTaskCreate
    freertos_demo.o(i.freertos_demo) refers to tasks.o(i.vTaskStartScheduler) for vTaskStartScheduler
    freertos_demo.o(i.freertos_demo) refers to freertos_demo.o(.data) for start_task_handler
    freertos_demo.o(i.freertos_demo) refers to freertos_demo.o(i.Start_Task) for Start_Task
    delay.o(i.SysTick_Handler) refers to stm32f1xx_hal.o(i.HAL_IncTick) for HAL_IncTick
    delay.o(i.SysTick_Handler) refers to tasks.o(i.xTaskGetSchedulerState) for xTaskGetSchedulerState
[...]
    .text                                    0x08000338   Section        0  _printf_str.o(.text)
    .text                                    0x0800038c   Section        0  _printf_dec.o(.text)
    .text                                    0x08000404   Section      138  rt_memcpy_v6.o(.text)
    .text                                    0x0800048e   Section       16  aeabi_memset.o(.text)
    .text                                    0x0800049e   Section       78  rt_memclr_w.o(.text)
    .text                                    0x080004ec   Section        0  heapauxi.o(.text)
    .text                                    0x080004f2   Section        2  use_no_semi.o(.text)
    .text                                    0x080004f4   Section        0  _printf_intcommon.o(.text)
    .text                                    0x080005a8   Section        0  _printf_char_common.o(.text)
    _printf_input_char                       0x080005a9   Thumb Code    10  _printf_char_common.o(.text)
    .text                                    0x080005d8   Section        0  _printf_char.o(.text)
    .text                                    0x08000604   Section        0  _printf_char_file.o(.text)
    .text                                    0x08000628   Section      100  rt_memcpy_w.o(.text)
    .text                                    0x0800068c   Section       68  rt_memclr.o(.text)
    .text                                    0x080006d0   Section        0  ferror.o(.text)
    .text                                    0x080006d8   Section       74  sys_stackheap_outer.o(.text)
    .text                                    0x08000722   Section        0  exit.o(.text)
    .text                                    0x08000734   Section        8  libspace.o(.text)
    i.BusFault_Handler                       0x0800073c   Section        0  stm32f1xx_it.o(i.BusFault_Handler)
    i.DebugMon_Handler                       0x08000740   Section        0  stm32f1xx_it.o(i.DebugMon_Handler)
    i.HAL_DMA_Abort_IT                       0x08000744   Section        0  stm32f1xx_hal_dma.o(i.HAL_DMA_Abort_IT)
    i.HAL_GPIO_Init                          0x080008ec   Section        0  stm32f1xx_hal_gpio.o(i.HAL_GPIO_Init)
    i.HAL_GPIO_ReadPin                       0x08000c2c   Section        0  stm32f1xx_hal_gpio.o(i.HAL_GPIO_ReadPin)
    i.HAL_GPIO_TogglePin                     0x08000c3c   Section        0  stm32f1xx_hal_gpio.o(i.HAL_GPIO_TogglePin)
    i.HAL_GPIO_WritePin                      0x08000c50   Section        0  stm32f1xx_hal_gpio.o(i.HAL_GPIO_WritePin)
    i.HAL_GetTick                            0x08000c5c   Section        0  stm32f1xx_hal.o(i.HAL_GetTick)
    i.HAL_IncTick                            0x08000c68   Section        0  stm32f1xx_hal.o(i.HAL_IncTick)
    i.HAL_Init                               0x08000c80   Section        0  stm32f1xx_hal.o(i.HAL_Init)
    i.HAL_InitTick                           0x08000ca8   Section        0  stm32f1xx_hal.o(i.HAL_InitTick)
    i.HAL_MspInit                            0x08000cf4   Section        0  stm32f1xx_hal.o(i.HAL_MspInit)
    i.HAL_NVIC_EnableIRQ                     0x08000cf6   Section        0  stm32f1xx_hal_cortex.o(i.HAL_NVIC_EnableIRQ)
    i.HAL_NVIC_SetPriority                   0x08000d16   Section        0  stm32f1xx_hal_cortex.o(i.HAL_NVIC_SetPriority)
    i.HAL_NVIC_SetPriorityGrouping           0x08000d94   Section        0  stm32f1xx_hal_cortex.o(i.HAL_NVIC_SetPriorityGrouping)
    i.HAL_RCC_ClockConfig                    0x08000dbc   Section        0  stm32f1xx_hal_rcc.o(i.HAL_RCC_ClockConfig)
    i.HAL_RCC_GetHCLKFreq                    0x08000f48   Section        0  stm32f1xx_hal_rcc.o(i.HAL_RCC_GetHCLKFreq)
    i.HAL_RCC_GetPCLK1Freq                   0x08000f54   Section        0  stm32f1xx_hal_rcc.o(i.HAL_RCC_GetPCLK1Freq)
    i.HAL_RCC_GetPCLK2Freq                   0x08000f74   Section        0  stm32f1xx_hal_rcc.o(i.HAL_RCC_GetPCLK2Freq)
    i.HAL_RCC_GetSysClockFreq                0x08000f94   Section        0  stm32f1xx_hal_rcc.o(i.HAL_RCC_GetSysClockFreq)
    i.HAL_RCC_OscConfig                      0x08001028   Section        0  stm32f1xx_hal_rcc.o(i.HAL_RCC_OscConfig)
    i.HAL_SYSTICK_CLKSourceConfig            0x0800148c   Section        0  stm32f1xx_hal_cortex.o(i.HAL_SYSTICK_CLKSourceConfig)
    i.HAL_SYSTICK_Config                     0x080014b4   Section        0  stm32f1xx_hal_cortex.o(i.HAL_SYSTICK_Config)
    i.HAL_TIMEx_BreakCallback                0x080014e8   Section        0  stm32f1xx_hal_tim_ex.o(i.HAL_TIMEx_BreakCallback)
    i.HAL_TIMEx_CommutCallback               0x080014ea   Section        0  stm32f1xx_hal_tim_ex.o(i.HAL_TIMEx_CommutCallback)
    i.HAL_TIM_IC_CaptureCallback             0x080014ec   Section        0  stm32f1xx_hal_tim.o(i.HAL_TIM_IC_CaptureCallback)
    i.HAL_TIM_IRQHandler                     0x080014ee   Section        0  stm32f1xx_hal_tim.o(i.HAL_TIM_IRQHandler)
    i.HAL_TIM_OC_DelayElapsedCallback        0x08001684   Section        0  stm32f1xx_hal_tim.o(i.HAL_TIM_OC_DelayElapsedCallback)
    i.HAL_TIM_PWM_PulseFinishedCallback      0x08001686   Section        0  stm32f1xx_hal_tim.o(i.HAL_TIM_PWM_PulseFinishedCallback)
    i.HAL_TIM_PeriodElapsedCallback          0x08001688   Section        0  btim.o(i.HAL_TIM_PeriodElapsedCallback)
    i.HAL_TIM_TriggerCallback                0x080016a8   Section        0  stm32f1xx_hal_tim.o(i.HAL_TIM_TriggerCallback)
    i.HAL_UART_ErrorCallback                 0x080016aa   Section        0  stm32f1xx_hal_uart.o(i.HAL_UART_ErrorCallback)
    i.HAL_UART_IRQHandler                    0x080016ac   Section        0  stm32f1xx_hal_uart.o(i.HAL_UART_IRQHandler)
    i.HAL_UART_Init                          0x08001800   Section        0  stm32f1xx_hal_uart.o(i.HAL_UART_Init)
    i.HAL_UART_MspInit                       0x08001874   Section        0  usart.o(i.HAL_UART_MspInit)
    i.HAL_UART_Receive_IT                    0x08001918   Section        0  stm32f1xx_hal_uart.o(i.HAL_UART_Receive_IT)
    i.HAL_UART_RxCpltCallback                0x08001988   Section        0  usart.o(i.HAL_UART_RxCpltCallback)
    i.HAL_UART_TxCpltCallback                0x08001a24   Section        0  stm32f1xx_hal_uart.o(i.HAL_UART_TxCpltCallback)
    i.HardFault_Handler                      0x08001a26   Section        0  stm32f1xx_it.o(i.HardFault_Handler)
    i.MemManage_Handler                      0x08001a2a   Section        0  stm32f1xx_it.o(i.MemManage_Handler)
    i.NMI_Handler                            0x08001a2e   Section        0  stm32f1xx_it.o(i.NMI_Handler)
    i.RCC_Delay                              0x08001a30   Section        0  stm32f1xx_hal_rcc.o(i.RCC_Delay)
    RCC_Delay                                0x08001a31   Thumb Code    36  stm32f1xx_hal_rcc.o(i.RCC_Delay)
    i.Start_Task                             0x08001a58   Section        0  freertos_demo.o(i.Start_Task)
    i.SysTick_Handler                        0x08001ad8   Section        0  delay.o(i.SysTick_Handler)
    i.SystemInit                             0x08001aec   Section        0  system_stm32f1xx.o(i.SystemInit)
    i.TIM6_IRQHandler                        0x08001af0   Section        0  btim.o(i.TIM6_IRQHandler)
    i.Task1                                  0x08001b00   Section        0  freertos_demo.o(i.Task1)
    i.Task2                                  0x08001b30   Section        0  freertos_demo.o(i.Task2)
    i.Task3                                  0x08001b60   Section        0  freertos_demo.o(i.Task3)
    i.UART_DMAAbortOnError                   0x08001bb4   Section        0  stm32f1xx_hal_uart.o(i.UART_DMAAbortOnError)
    UART_DMAAbortOnError                     0x08001bb5   Thumb Code    20  stm32f1xx_hal_uart.o(i.UART_DMAAbortOnError)
    i.UART_EndRxTransfer                     0x08001bc8   Section        0  stm32f1xx_hal_uart.o(i.UART_EndRxTransfer)
    UART_EndRxTransfer                       0x08001bc9   Thumb Code    32  stm32f1xx_hal_uart.o(i.UART_EndRxTransfer)
    i.UART_EndTransmit_IT                    0x08001be8   Section        0  stm32f1xx_hal_uart.o(i.UART_EndTransmit_IT)
    UART_EndTransmit_IT                      0x08001be9   Thumb Code    32  stm32f1xx_hal_uart.o(i.UART_EndTransmit_IT)
    i.UART_Receive_IT                        0x08001c08   Section        0  stm32f1xx_hal_uart.o(i.UART_Receive_IT)
    UART_Receive_IT                          0x08001c09   Thumb Code   160  stm32f1xx_hal_uart.o(i.UART_Receive_IT)
    i.UART_SetConfig                         0x08001ca8   Section        0  stm32f1xx_hal_uart.o(i.UART_SetConfig)
    UART_SetConfig                           0x08001ca9   Thumb Code   248  stm32f1xx_hal_uart.o(i.UART_SetConfig)
    i.UART_Transmit_IT                       0x08001da4   Section        0  stm32f1xx_hal_uart.o(i.UART_Transmit_IT)
    UART_Transmit_IT                         0x08001da5   Thumb Code    96  stm32f1xx_hal_uart.o(i.UART_Transmit_IT)
    i.USART1_IRQHandler                      0x08001e04   Section        0  usart.o(i.USART1_IRQHandler)
    i.UsageFault_Handler                     0x08001e14   Section        0  stm32f1xx_it.o(i.UsageFault_Handler)
    i.__NVIC_GetPriorityGrouping             0x08001e18   Section        0  stm32f1xx_hal_cortex.o(i.__NVIC_GetPriorityGrouping)
    __NVIC_GetPriorityGrouping               0x08001e19   Thumb Code    10  stm32f1xx_hal_cortex.o(i.__NVIC_GetPriorityGrouping)
    i.__NVIC_SetPriority                     0x08001e28   Section        0  stm32f1xx_hal_cortex.o(i.__NVIC_SetPriority)
    __NVIC_SetPriority                       0x08001e29   Thumb Code    32  stm32f1xx_hal_cortex.o(i.__NVIC_SetPriority)
    i._sys_exit                              0x08001e50   Section        0  usart.o(i._sys_exit)
    i.delay_init                             0x08001e54   Section        0  delay.o(i.delay_init)
    i.delay_ms                               0x08001ea4   Section        0  delay.o(i.delay_ms)
    i.delay_us                               0x08001ebc   Section        0  delay.o(i.delay_us)
    i.fputc                                  0x08001f04   Section        0  usart.o(i.fputc)
    i.freertos_demo                          0x08001f20   Section        0  freertos_demo.o(i.freertos_demo)
    i.key_init                               0x08001f50   Section        0  key.o(i.key_init)
    i.key_scan                               0x0800200c   Section        0  key.o(i.key_scan)
    i.led_init                               0x080020b0   Section        0  led.o(i.led_init)
    i.main                                   0x08002140   Section        0  main.o(i.main)
    i.my_mem_init                            0x08002174   Section        0  malloc.o(i.my_mem_init)
    i.my_mem_perused                         0x080021a4   Section        0  malloc.o(i.my_mem_perused)
    i.my_mem_set                             0x080021e4   Section        0  malloc.o(i.my_mem_set)
    i.prvAddCurrentTaskToDelayedList         0x080021f8   Section        0  tasks.o(i.prvAddCurrentTaskToDelayedList)
    prvAddCurrentTaskToDelayedList           0x080021f9   Thumb Code   174  tasks.o(i.prvAddCurrentTaskToDelayedList)
    i.prvAddNewTaskToReadyList               0x080022c4   Section        0  tasks.o(i.prvAddNewTaskToReadyList)
    prvAddNewTaskToReadyList                 0x080022c5   Thumb Code   206  tasks.o(i.prvAddNewTaskToReadyList)
    i.prvCheckForValidListAndQueue           0x080023b0   Section        0  timers.o(i.prvCheckForValidListAndQueue)
    prvCheckForValidListAndQueue             0x080023b1   Thumb Code    72  timers.o(i.prvCheckForValidListAndQueue)
    i.prvCheckTasksWaitingTermination        0x08002414   Section        0  tasks.o(i.prvCheckTasksWaitingTermination)
    prvCheckTasksWaitingTermination          0x08002415   Thumb Code    60  tasks.o(i.prvCheckTasksWaitingTermination)
    i.prvCopyDataFromQueue                   0x0800245c   Section        0  queue.o(i.prvCopyDataFromQueue)
    prvCopyDataFromQueue                     0x0800245d   Thumb Code    42  queue.o(i.prvCopyDataFromQueue)
    i.prvCopyDataToQueue                     0x08002486   Section        0  queue.o(i.prvCopyDataToQueue)
    prvCopyDataToQueue                       0x08002487   Thumb Code   126  queue.o(i.prvCopyDataToQueue)
    i.prvDeleteTCB                           0x08002504   Section        0  tasks.o(i.prvDeleteTCB)
    prvDeleteTCB                             0x08002505   Thumb Code    18  tasks.o(i.prvDeleteTCB)
    i.prvGetNextExpireTime                   0x08002518   Section        0  timers.o(i.prvGetNextExpireTime)
    prvGetNextExpireTime                     0x08002519   Thumb Code    36  timers.o(i.prvGetNextExpireTime)
    i.prvHeapInit                            0x08002540   Section        0  heap_4.o(i.prvHeapInit)
    prvHeapInit                              0x08002541   Thumb Code    98  heap_4.o(i.prvHeapInit)
    i.prvIdleTask                            0x080025bc   Section        0  tasks.o(i.prvIdleTask)
    prvIdleTask                              0x080025bd   Thumb Code    32  tasks.o(i.prvIdleTask)
    i.prvInitialiseNewQueue                  0x080025e4   Section        0  queue.o(i.prvInitialiseNewQueue)
    prvInitialiseNewQueue                    0x080025e5   Thumb Code    46  queue.o(i.prvInitialiseNewQueue)
    i.prvInitialiseNewTask                   0x08002614   Section        0  tasks.o(i.prvInitialiseNewTask)
    prvInitialiseNewTask                     0x08002615   Thumb Code   208  tasks.o(i.prvInitialiseNewTask)
    i.prvInitialiseTaskLists                 0x08002718   Section        0  tasks.o(i.prvInitialiseTaskLists)
    prvInitialiseTaskLists                   0x08002719   Thumb Code    70  tasks.o(i.prvInitialiseTaskLists)
    i.prvInsertBlockIntoFreeList             0x08002780   Section        0  heap_4.o(i.prvInsertBlockIntoFreeList)
    prvInsertBlockIntoFreeList               0x08002781   Thumb Code    96  heap_4.o(i.prvInsertBlockIntoFreeList)
    i.prvInsertTimerInActiveList             0x080027e8   Section        0  timers.o(i.prvInsertTimerInActiveList)
    prvInsertTimerInActiveList               0x080027e9   Thumb Code    80  timers.o(i.prvInsertTimerInActiveList)
    i.prvIsQueueEmpty                        0x08002840   Section        0  queue.o(i.prvIsQueueEmpty)
    prvIsQueueEmpty                          0x08002841   Thumb Code    26  queue.o(i.prvIsQueueEmpty)
    i.prvNotifyQueueSetContainer             0x0800285c   Section        0  queue.o(i.prvNotifyQueueSetContainer)
    prvNotifyQueueSetContainer               0x0800285d   Thumb Code   142  queue.o(i.prvNotifyQueueSetContainer)
    i.prvProcessExpiredTimer                 0x08002920   Section        0  timers.o(i.prvProcessExpiredTimer)
    prvProcessExpiredTimer                   0x08002921   Thumb Code    62  timers.o(i.prvProcessExpiredTimer)
    i.prvProcessReceivedCommands             0x08002964   Section        0  timers.o(i.prvProcessReceivedCommands)
    prvProcessReceivedCommands               0x08002965   Thumb Code   306  timers.o(i.prvProcessReceivedCommands)
    i.prvProcessTimerOrBlockTask             0x08002ad0   Section        0  timers.o(i.prvProcessTimerOrBlockTask)
    prvProcessTimerOrBlockTask               0x08002ad1   Thumb Code   102  timers.o(i.prvProcessTimerOrBlockTask)
    i.prvReloadTimer                         0x08002b44   Section        0  timers.o(i.prvReloadTimer)
    prvReloadTimer                           0x08002b45   Thumb Code    40  timers.o(i.prvReloadTimer)
    i.prvResetNextTaskUnblockTime            0x08002b6c   Section        0  tasks.o(i.prvResetNextTaskUnblockTime)
    prvResetNextTaskUnblockTime              0x08002b6d   Thumb Code    40  tasks.o(i.prvResetNextTaskUnblockTime)
    i.prvSampleTimeNow                       0x08002b9c   Section        0  timers.o(i.prvSampleTimeNow)
    prvSampleTimeNow                         0x08002b9d   Thumb Code    40  timers.o(i.prvSampleTimeNow)
    i.prvSwitchTimerLists                    0x08002bc8   Section        0  timers.o(i.prvSwitchTimerLists)
    prvSwitchTimerLists                      0x08002bc9   Thumb Code    58  timers.o(i.prvSwitchTimerLists)
    i.prvTaskExitError                       0x08002c0c   Section        0  port.o(i.prvTaskExitError)
    prvTaskExitError                         0x08002c0d   Thumb Code    48  port.o(i.prvTaskExitError)
    i.prvTimerTask                           0x08002c88   Section        0  timers.o(i.prvTimerTask)
    prvTimerTask                             0x08002c89   Thumb Code    26  timers.o(i.prvTimerTask)
    i.prvUnlockQueue                         0x08002ca2   Section        0  queue.o(i.prvUnlockQueue)
    prvUnlockQueue                           0x08002ca3   Thumb Code   144  queue.o(i.prvUnlockQueue)
    i.pvPortMalloc                           0x08002d34   Section        0  heap_4.o(i.pvPortMalloc)
    i.pxPortInitialiseStack                  0x08002ec8   Section        0  port.o(i.pxPortInitialiseStack)
    i.sys_stm32_clock_init                   0x08002eec   Section        0  sys.o(i.sys_stm32_clock_init)
    i.usart_init                             0x08002f44   Section        0  usart.o(i.usart_init)
    i.uxListRemove                           0x08002f8c   Section        0  list.o(i.uxListRemove)
    i.vListInitialise                        0x08002fb4   Section        0  list.o(i.vListInitialise)
    i.vListInitialiseItem                    0x08002fce   Section        0  list.o(i.vListInitialiseItem)
    i.vListInsert                            0x08002fd4   Section        0  list.o(i.vListInsert)
    i.vListInsertEnd                         0x08003008   Section        0  list.o(i.vListInsertEnd)
    i.vPortEnterCritical                     0x08003020   Section        0  port.o(i.vPortEnterCritical)
    i.vPortExitCritical                      0x080030b4   Section        0  port.o(i.vPortExitCritical)
    i.vPortFree                              0x08003130   Section        0  heap_4.o(i.vPortFree)
    i.vPortSetupTimerInterrupt               0x08003208   Section        0  port.o(i.vPortSetupTimerInterrupt)
    i.vQueueAddToRegistry                    0x08003234   Section        0  queue.o(i.vQueueAddToRegistry)
    i.vQueueWaitForMessageRestricted         0x080032c0   Section        0  queue.o(i.vQueueWaitForMessageRestricted)
    i.vTaskDelay                             0x0800330c   Section        0  tasks.o(i.vTaskDelay)
    i.vTaskDelete                            0x08003390   Section        0  tasks.o(i.vTaskDelete)
    i.vTaskInternalSetTimeOutState           0x080034b4   Section        0  tasks.o(i.vTaskInternalSetTimeOutState)
    i.vTaskMissedYield                       0x080034cc   Section        0  tasks.o(i.vTaskMissedYield)
    i.vTaskPlaceOnEventList                  0x080034d8   Section        0  tasks.o(i.vTaskPlaceOnEventList)
    i.vTaskPlaceOnEventListRestricted        0x0800353c   Section        0  tasks.o(i.vTaskPlaceOnEventListRestricted)
    i.vTaskStartScheduler                    0x080035c8   Section        0  tasks.o(i.vTaskStartScheduler)
    i.vTaskSuspendAll                        0x0800368c   Section        0  tasks.o(i.vTaskSuspendAll)
    i.vTaskSwitchContext                     0x0800369c   Section        0  tasks.o(i.vTaskSwitchContext)
    i.xPortStartScheduler                    0x08003754   Section        0  port.o(i.xPortStartScheduler)
    i.xPortSysTickHandler                    0x080038a0   Section        0  port.o(i.xPortSysTickHandler)
    i.xQueueGenericCreate                    0x080038d4   Section        0  queue.o(i.xQueueGenericCreate)
    i.xQueueGenericReset                     0x08003964   Section        0  queue.o(i.xQueueGenericReset)
    i.xQueueReceive                          0x08003a60   Section        0  queue.o(i.xQueueReceive)
    i.xTaskCheckForTimeOut                   0x08003be0   Section        0  tasks.o(i.xTaskCheckForTimeOut)
    i.xTaskCreate                            0x08003cac   Section        0  tasks.o(i.xTaskCreate)
    i.xTaskGetSchedulerState                 0x08003d0c   Section        0  tasks.o(i.xTaskGetSchedulerState)
    i.xTaskGetTickCount                      0x08003d2c   Section        0  tasks.o(i.xTaskGetTickCount)
    i.xTaskIncrementTick                     0x08003d38   Section        0  tasks.o(i.xTaskIncrementTick)
    i.xTaskPriorityDisinherit                0x08003f20   Section        0  tasks.o(i.xTaskPriorityDisinherit)
    i.xTaskRemoveFromEventList               0x08004030   Section        0  tasks.o(i.xTaskRemoveFromEventList)
    i.xTaskResumeAll                         0x0800417c   Section        0  tasks.o(i.xTaskResumeAll)
    i.xTimerCreateTimerTask                  0x0800431c   Section        0  timers.o(i.xTimerCreateTimerTask)
    .constdata                               0x0800439c   Section       24  system_stm32f1xx.o(.constdata)
    .constdata                               0x080043b4   Section       12  malloc.o(.constdata)
    .data                                    0x20000000   Section        4  system_stm32f1xx.o(.data)
    .data                                    0x20000004   Section       16  freertos_demo.o(.data)
    .data                                    0x20000014   Section        2  delay.o(.data)
    g_fac_us                                 0x20000014   Data           2  delay.o(.data)
    .data                                    0x20000018   Section        7  usart.o(.data)
    .data                                    0x20000020   Section        9  stm32f1xx_hal.o(.data)
    .data                                    0x20000029   Section        1  key.o(.data)
    key_up                                   0x20000029   Data           1  key.o(.data)
    .data                                    0x2000002c   Section       20  malloc.o(.data)
    .data                                    0x20000040   Section       64  tasks.o(.data)
    pxDelayedTaskList                        0x20000044   Data           4  tasks.o(.data)
    pxOverflowDelayedTaskList                0x20000048   Data           4  tasks.o(.data)
    uxDeletedTasksWaitingCleanUp             0x2000004c   Data           4  tasks.o(.data)
    uxCurrentNumberOfTasks                   0x20000050   Data           4  tasks.o(.data)
    xTickCount                               0x20000054   Data           4  tasks.o(.data)
    uxTopReadyPriority                       0x20000058   Data           4  tasks.o(.data)
    xSchedulerRunning                        0x2000005c   Data           4  tasks.o(.data)
    xPendedTicks                             0x20000060   Data           4  tasks.o(.data)
    xYieldPending                            0x20000064   Data           4  tasks.o(.data)
    xNumOfOverflows                          0x20000068   Data           4  tasks.o(.data)
    uxTaskNumber                             0x2000006c   Data           4  tasks.o(.data)
    xNextTaskUnblockTime                     0x20000070   Data           4  tasks.o(.data)
    xIdleTaskHandle                          0x20000074   Data           4  tasks.o(.data)
    uxSchedulerSuspended                     0x2000007c   Data           4  tasks.o(.data)
    .data                                    0x20000080   Section       20  timers.o(.data)
    pxCurrentTimerList                       0x20000080   Data           4  timers.o(.data)
    pxOverflowTimerList                      0x20000084   Data           4  timers.o(.data)
    xTimerQueue                              0x20000088   Data           4  timers.o(.data)
    xTimerTaskHandle                         0x2000008c   Data           4  timers.o(.data)
    xLastTime                                0x20000090   Data           4  timers.o(.data)
    .data                                    0x20000094   Section       32  heap_4.o(.data)
    xStart                                   0x20000094   Data           8  heap_4.o(.data)
    pxEnd                                    0x2000009c   Data           4  heap_4.o(.data)
    xFreeBytesRemaining                      0x200000a0   Data           4  heap_4.o(.data)
    xMinimumEverFreeBytesRemaining           0x200000a4   Data           4  heap_4.o(.data)
    xNumberOfSuccessfulAllocations           0x200000a8   Data           4  heap_4.o(.data)
    xNumberOfSuccessfulFrees                 0x200000ac   Data           4  heap_4.o(.data)
    xBlockAllocatedBit                       0x200000b0   Data           4  heap_4.o(.data)
    .data                                    0x200000b4   Section       12  port.o(.data)
    uxCriticalNesting                        0x200000b4   Data           4  port.o(.data)
    ucMaxSysCallPriority                     0x200000b8   Data           1  port.o(.data)
    ulMaxPRIGROUPValue                       0x200000bc   Data           4  port.o(.data)
    .bss                                     0x200000c0   Section      264  usart.o(.bss)
    .bss                                     0x200001c8   Section       72  btim.o(.bss)
    .bss                                     0x20000240   Section    32640  malloc.o(.bss)
    mem1base                                 0x20000240   Data       30720  malloc.o(.bss)
    mem1mapbase                              0x20007a40   Data        1920  malloc.o(.bss)
    .bss                                     0x200081c0   Section       64  queue.o(.bss)
    .bss                                     0x20008200   Section      740  tasks.o(.bss)
    pxReadyTasksLists                        0x20008200   Data         640  tasks.o(.bss)
    xDelayedTaskList1                        0x20008480   Data          20  tasks.o(.bss)
    xDelayedTaskList2                        0x20008494   Data          20  tasks.o(.bss)
    xPendingReadyList                        0x200084a8   Data          20  tasks.o(.bss)
    xTasksWaitingTermination                 0x200084bc   Data          20  tasks.o(.bss)
    xSuspendedTaskList                       0x200084d0   Data          20  tasks.o(.bss)
    .bss                                     0x200084e4   Section       40  timers.o(.bss)
    xActiveTimerList1                        0x200084e4   Data          20  timers.o(.bss)
    xActiveTimerList2                        0x200084f8   Data          20  timers.o(.bss)
    .bss                                     0x2000850c   Section    10240  heap_4.o(.bss)
    ucHeap                                   0x2000850c   Data       10240  heap_4.o(.bss)
    .bss                                     0x2000ad0c   Section       96  libspace.o(.bss)
    HEAP                                     0x2000ad70   Section      512  startup_stm32f103xe.o(HEAP)
    Heap_Mem                                 0x2000ad70   Data         512  startup_stm32f103xe.o(HEAP)
    STACK                                    0x2000af70   Section     1024  startup_stm32f103xe.o(STACK)
    Stack_Mem                                0x2000af70   Data        1024  startup_stm32f103xe.o(STACK)
    __initial_sp                             0x2000b370   Data           0  startup_stm32f103xe.o(STACK)

    Global Symbols

    Symbol Name                              Value     Ov Type        Size  Object(Section)

    BuildAttributes$$THM_ISAv4$P$D$K$B$S$PE$A:L22UL41UL21$X:L11$S22US41US21$IEEE1$IW$USESV6$~STKCKD$USESV7$~SHL$OSPACE$ROPI$EBA8$UX$STANDARDLIB$REQ8$PRES8$EABIv2 0x00000000   Number         0  anon$$obj.o ABSOLUTE
    __ARM_use_no_argv                        0x00000000   Number         0  main.o ABSOLUTE
    __ARM_exceptions_init                     - Undefined Weak Reference
    __alloca_initialize                       - Undefined Weak Reference
    __arm_preinit_                            - Undefined Weak Reference
    __cpp_initialize__aeabi_                  - Undefined Weak Reference
    __cxa_finalize                            - Undefined Weak Reference
    __rt_locale                               - Undefined Weak Reference
    __sigvec_lookup                           - Undefined Weak Reference
    _atexit_init                              - Undefined Weak Reference
    _call_atexit_fns                          - Undefined Weak Reference
    _clock_init                               - Undefined Weak Reference
    _fp_trap_init                             - Undefined Weak Reference
    _fp_trap_shutdown                         - Undefined Weak Reference
    _get_lc_collate                           - Undefined Weak Reference
    _get_lc_ctype                             - Undefined Weak Reference
    _get_lc_monetary                          - Undefined Weak Reference
    _get_lc_numeric                           - Undefined Weak Reference
    _get_lc_time                              - Undefined Weak Reference
    _getenv_init                              - Undefined Weak Reference
    _handle_redirection                       - Undefined Weak Reference
    _init_alloc                               - Undefined Weak Reference
    _init_user_alloc                          - Undefined Weak Reference
    _initio                                   - Undefined Weak Reference
    _mutex_acquire                            - Undefined Weak Reference
    _mutex_release                            - Undefined Weak Reference
    _printf_mbtowc                            - Undefined Weak Reference
    _printf_post_padding                      - Undefined Weak Reference
    _printf_pre_padding                       - Undefined Weak Reference
    _printf_truncate_signed                   - Undefined Weak Reference
    _printf_truncate_unsigned                 - Undefined Weak Reference
    _rand_init                                - Undefined Weak Reference
    _signal_finish                            - Undefined Weak Reference
    _signal_init                              - Undefined Weak Reference
    _terminate_alloc                          - Undefined Weak Reference
    _terminate_user_alloc                     - Undefined Weak Reference
    _terminateio                              - Undefined Weak Reference
    __Vectors_Size                           0x00000130   Number         0  startup_stm32f103xe.o ABSOLUTE
    __Vectors                                0x08000000   Data           4  startup_stm32f103xe.o(RESET)
    __Vectors_End                            0x08000130   Data           0  startup_stm32f103xe.o(RESET)
    __main                                   0x08000131   Thumb Code     8  __main.o(!!!main)
    __scatterload                            0x08000139   Thumb Code     0  __scatter.o(!!!scatter)
    __scatterload_rt2                        0x08000139   Thumb Code    44  __scatter.o(!!!scatter)
    __scatterload_rt2_thumb_only             0x08000139   Thumb Code     0  __scatter.o(!!!scatter)
    __scatterload_null                       0x08000147   Thumb Code     0  __scatter.o(!!!scatter)
    __scatterload_copy                       0x0800016d   Thumb Code    26  __scatter_copy.o(!!handler_copy)
    __scatterload_zeroinit                   0x08000189   Thumb Code    28  __scatter_zi.o(!!handler_zi)
    _printf_d                                0x080001a5   Thumb Code     0  _printf_d.o(.ARM.Collect$$_printf_percent$$00000009)
    _printf_percent                          0x080001a5   Thumb Code     0  _printf_percent.o(.ARM.Collect$$_printf_percent$$00000000)
    _printf_s                                0x080001ab   Thumb Code     0  _printf_s.o(.ARM.Collect$$_printf_percent$$00000014)
    _printf_percent_end                      0x080001b1   Thumb Code     0  _printf_percent_end.o(.ARM.Collect$$_printf_percent$$00000017)
    __rt_lib_init                            0x080001b5   Thumb Code     0  libinit.o(.ARM.Collect$$libinit$$00000000)
    __rt_lib_init_alloca_1                   0x080001b7   Thumb Code     0  libinit2.o(.ARM.Collect$$libinit$$0000002E)
    __rt_lib_init_argv_1                     0x080001b7   Thumb Code     0  libinit2.o(.ARM.Collect$$libinit$$0000002C)
    __rt_lib_init_atexit_1                   0x080001b7   Thumb Code     0  libinit2.o(.ARM.Collect$$libinit$$0000001B)
    __rt_lib_init_clock_1                    0x080001b7   Thumb Code     0  libinit2.o(.ARM.Collect$$libinit$$00000021)
    __rt_lib_init_cpp_1                      0x080001b7   Thumb Code     0  libinit2.o(.ARM.Collect$$libinit$$00000032)
    __rt_lib_init_exceptions_1               0x080001b7   Thumb Code     0  libinit2.o(.ARM.Collect$$libinit$$00000030)
    __rt_lib_init_fp_1                       0x080001b7   Thumb Code     0  libinit2.o(.ARM.Collect$$libinit$$00000002)
    __rt_lib_init_fp_trap_1                  0x080001b7   Thumb Code     0  libinit2.o(.ARM.Collect$$libinit$$0000001F)
    __rt_lib_init_getenv_1                   0x080001b7   Thumb Code     0  libinit2.o(.ARM.Collect$$libinit$$00000023)
    __rt_lib_init_heap_1                     0x080001b7   Thumb Code     0  libinit2.o(.ARM.Collect$$libinit$$0000000A)
    __rt_lib_init_lc_collate_1               0x080001b7   Thumb Code     0  libinit2.o(.ARM.Collect$$libinit$$00000011)
    __rt_lib_init_lc_ctype_1                 0x080001b7   Thumb Code     0  libinit2.o(.ARM.Collect$$libinit$$00000013)
    __rt_lib_init_lc_monetary_1              0x080001b7   Thumb Code     0  libinit2.o(.ARM.Collect$$libinit$$00000015)
    __rt_lib_init_lc_numeric_1               0x080001b7   Thumb Code     0  libinit2.o(.ARM.Collect$$libinit$$00000017)
    __rt_lib_init_lc_time_1                  0x080001b7   Thumb Code     0  libinit2.o(.ARM.Collect$$libinit$$00000019)
    __rt_lib_init_preinit_1                  0x080001b7   Thumb Code     0  libinit2.o(.ARM.Collect$$libinit$$00000004)
    __rt_lib_init_rand_1                     0x080001b7   Thumb Code     0  libinit2.o(.ARM.Collect$$libinit$$0000000E)
    __rt_lib_init_return                     0x080001b7   Thumb Code     0  libinit2.o(.ARM.Collect$$libinit$$00000033)
    __rt_lib_init_signal_1                   0x080001b7   Thumb Code     0  libinit2.o(.ARM.Collect$$libinit$$0000001D)
    __rt_lib_init_stdio_1                    0x080001b7   Thumb Code     0  libinit2.o(.ARM.Collect$$libinit$$00000025)
    __rt_lib_init_user_alloc_1               0x080001b7   Thumb Code     0  libinit2.o(.ARM.Collect$$libinit$$0000000C)
    __rt_lib_shutdown                        0x080001b9   Thumb Code     0  libshutdown.o(.ARM.Collect$$libshutdown$$00000000)
    __rt_lib_shutdown_cpp_1                  0x080001bb   Thumb Code     0  libshutdown2.o(.ARM.Collect$$libshutdown$$00000002)
    __rt_lib_shutdown_fp_trap_1              0x080001bb   Thumb Code     0  libshutdown2.o(.ARM.Collect$$libshutdown$$00000007)
    __rt_lib_shutdown_heap_1                 0x080001bb   Thumb Code     0  libshutdown2.o(.ARM.Collect$$libshutdown$$0000000F)
    __rt_lib_shutdown_return                 0x080001bb   Thumb Code     0  libshutdown2.o(.ARM.Collect$$libshutdown$$00000010)
    __rt_lib_shutdown_signal_1               0x080001bb   Thumb Code     0  libshutdown2.o(.ARM.Collect$$libshutdown$$0000000A)
    __rt_lib_shutdown_stdio_1                0x080001bb   Thumb Code     0  libshutdown2.o(.ARM.Collect$$libshutdown$$00000004)
    __rt_lib_shutdown_user_alloc_1           0x080001bb   Thumb Code     0  libshutdown2.o(.ARM.Collect$$libshutdown$$0000000C)
    __rt_entry                               0x080001bd   Thumb Code     0  __rtentry.o(.ARM.Collect$$rtentry$$00000000)
    __rt_entry_presh_1                       0x080001bd   Thumb Code     0  __rtentry2.o(.ARM.Collect$$rtentry$$00000002)
    __rt_entry_sh                            0x080001bd   Thumb Code     0  __rtentry4.o(.ARM.Collect$$rtentry$$00000004)
    __rt_entry_li                            0x080001c3   Thumb Code     0  __rtentry2.o(.ARM.Collect$$rtentry$$0000000A)
    __rt_entry_postsh_1                      0x080001c3   Thumb Code     0  __rtentry2.o(.ARM.Collect$$rtentry$$00000009)
    __rt_entry_main                          0x080001c7   Thumb Code     0  __rtentry2.o(.ARM.Collect$$rtentry$$0000000D)
    __rt_entry_postli_1                      0x080001c7   Thumb Code     0  __rtentry2.o(.ARM.Collect$$rtentry$$0000000C)
    __rt_exit                                0x080001cf   Thumb Code     0  rtexit.o(.ARM.Collect$$rtexit$$00000000)
    __rt_exit_ls                             0x080001d1   Thumb Code     0  rtexit2.o(.ARM.Collect$$rtexit$$00000003)
    __rt_exit_prels_1                        0x080001d1   Thumb Code     0  rtexit2.o(.ARM.Collect$$rtexit$$00000002)
    __rt_exit_exit                           0x080001d5   Thumb Code     0  rtexit2.o(.ARM.Collect$$rtexit$$00000004)
    SVC_Handler                              0x080001dd   Thumb Code    32  port.o(.emb_text)
    __asm___6_port_c_39a90d8d__prvStartFirstTask 0x08000201   Thumb Code    28  port.o(.emb_text)
    PendSV_Handler                           0x08000221   Thumb Code    72  port.o(.emb_text)
    vPortGetIPSR                             0x0800026d   Thumb Code     6  port.o(.emb_text)
    Reset_Handler                            0x08000275   Thumb Code     8  startup_stm32f103xe.o(.text)
    ADC1_2_IRQHandler                        0x0800028f   Thumb Code     0  startup_stm32f103xe.o(.text)
    ADC3_IRQHandler                          0x0800028f   Thumb Code     0  startup_stm32f103xe.o(.text)
    CAN1_RX1_IRQHandler                      0x0800028f   Thumb Code     0  startup_stm32f103xe.o(.text)
    CAN1_SCE_IRQHandler                      0x0800028f   Thumb Code     0  startup_stm32f103xe.o(.text)
    DMA1_Channel1_IRQHandler                 0x0800028f   Thumb Code     0  startup_stm32f103xe.o(.text)
    DMA1_Channel2_IRQHandler                 0x0800028f   Thumb Code     0  startup_stm32f103xe.o(.text)
    DMA1_Channel3_IRQHandler                 0x0800028f   Thumb Code     0  startup_stm32f103xe.o(.text)
    DMA1_Channel4_IRQHandler                 0x0800028f   Thumb Code     0  startup_stm32f103xe.o(.text)
    DMA1_Channel5_IRQHandler                 0x0800028f   Thumb Code     0  startup_stm32f103xe.o(.text)
    DMA1_Channel6_IRQHandler                 0x0800028f   Thumb Code     0  startup_stm32f103xe.o(.text)
    DMA1_Channel7_IRQHandler                 0x0800028f   Thumb Code     0  startup_stm32f103xe.o(.text)
    DMA2_Channel1_IRQHandler                 0x0800028f   Thumb Code     0  startup_stm32f103xe.o(.text)
    DMA2_Channel2_IRQHandler                 0x0800028f   Thumb Code     0  startup_stm32f103xe.o(.text)
    DMA2_Channel3_IRQHandler                 0x0800028f   Thumb Code     0  startup_stm32f103xe.o(.text)
    DMA2_Channel4_5_IRQHandler               0x0800028f   Thumb Code     0  startup_stm32f103xe.o(.text)
    EXTI0_IRQHandler                         0x0800028f   Thumb Code     0  startup_stm32f103xe.o(.text)
    EXTI15_10_IRQHandler                     0x0800028f   Thumb Code     0  startup_stm32f103xe.o(.text)
    EXTI1_IRQHandler                         0x0800028f   Thumb Code     0  startup_stm32f103xe.o(.text)
    EXTI2_IRQHandler                         0x0800028f   Thumb Code     0  startup_stm32f103xe.o(.text)
    EXTI3_IRQHandler                         0x0800028f   Thumb Code     0  startup_stm32f103xe.o(.text)
    EXTI4_IRQHandler                         0x0800028f   Thumb Code     0  startup_stm32f103xe.o(.text)
    EXTI9_5_IRQHandler                       0x0800028f   Thumb Code     0  startup_stm32f103xe.o(.text)
    FLASH_IRQHandler                         0x0800028f   Thumb Code     0  startup_stm32f103xe.o(.text)
    FSMC_IRQHandler                          0x0800028f   Thumb Code     0  startup_stm32f103xe.o(.text)
    I2C1_ER_IRQHandler                       0x0800028f   Thumb Code     0  startup_stm32f103xe.o(.text)
    I2C1_EV_IRQHandler                       0x0800028f   Thumb Code     0  startup_stm32f103xe.o(.text)
    I2C2_ER_IRQHandler                       0x0800028f   Thumb Code     0  startup_stm32f103xe.o(.text)
    I2C2_EV_IRQHandler                       0x0800028f   Thumb Code     0  startup_stm32f103xe.o(.text)
    PVD_IRQHandler                           0x0800028f   Thumb Code     0  startup_stm32f103xe.o(.text)
    RCC_IRQHandler                           0x0800028f   Thumb Code     0  startup_stm32f103xe.o(.text)
    RTC_Alarm_IRQHandler                     0x0800028f   Thumb Code     0  startup_stm32f103xe.o(.text)
    RTC_IRQHandler                           0x0800028f   Thumb Code     0  startup_stm32f103xe.o(.text)
    SDIO_IRQHandler                          0x0800028f   Thumb Code     0  startup_stm32f103xe.o(.text)
    SPI1_IRQHandler                          0x0800028f   Thumb Code     0  startup_stm32f103xe.o(.text)
    SPI2_IRQHandler                          0x0800028f   Thumb Code     0  startup_stm32f103xe.o(.text)
    SPI3_IRQHandler                          0x0800028f   Thumb Code     0  startup_stm32f103xe.o(.text)
    TAMPER_IRQHandler                        0x0800028f   Thumb Code     0  startup_stm32f103xe.o(.text)
    TIM1_BRK_IRQHandler                      0x0800028f   Thumb Code     0  startup_stm32f103xe.o(.text)
    TIM1_CC_IRQHandler                       0x0800028f   Thumb Code     0  startup_stm32f103xe.o(.text)
    TIM1_TRG_COM_IRQHandler                  0x0800028f   Thumb Code     0  startup_stm32f103xe.o(.text)
    TIM1_UP_IRQHandler                       0x0800028f   Thumb Code     0  startup_stm32f103xe.o(.text)
    TIM2_IRQHandler                          0x0800028f   Thumb Code     0  startup_stm32f103xe.o(.text)
    TIM3_IRQHandler                          0x0800028f   Thumb Code     0  startup_stm32f103xe.o(.text)
    TIM4_IRQHandler                          0x0800028f   Thumb Code     0  startup_stm32f103xe.o(.text)
    TIM5_IRQHandler                          0x0800028f   Thumb Code     0  startup_stm32f103xe.o(.text)
    TIM7_IRQHandler                          0x0800028f   Thumb Code     0  startup_stm32f103xe.o(.text)
    TIM8_BRK_IRQHandler                      0x0800028f   Thumb Code     0  startup_stm32f103xe.o(.text)
    TIM8_CC_IRQHandler                       0x0800028f   Thumb Code     0  startup_stm32f103xe.o(.text)
    TIM8_TRG_COM_IRQHandler                  0x0800028f   Thumb Code     0  startup_stm32f103xe.o(.text)
    TIM8_UP_IRQHandler                       0x0800028f   Thumb Code     0  startup_stm32f103xe.o(.text)
    UART4_IRQHandler                         0x0800028f   Thumb Code     0  startup_stm32f103xe.o(.text)
    UART5_IRQHandler                         0x0800028f   Thumb Code     0  startup_stm32f103xe.o(.text)
    USART2_IRQHandler                        0x0800028f   Thumb Code     0  startup_stm32f103xe.o(.text)
    USART3_IRQHandler                        0x0800028f   Thumb Code     0  startup_stm32f103xe.o(.text)
    USBWakeUp_IRQHandler                     0x0800028f   Thumb Code     0  startup_stm32f103xe.o(.text)
    USB_HP_CAN1_TX_IRQHandler                0x0800028f   Thumb Code     0  startup_stm32f103xe.o(.text)
    USB_LP_CAN1_RX0_IRQHandler               0x0800028f   Thumb Code     0  startup_stm32f103xe.o(.text)
    WWDG_IRQHandler                          0x0800028f   Thumb Code     0  startup_stm32f103xe.o(.text)
    __user_initial_stackheap                 0x08000291   Thumb Code     0  startup_stm32f103xe.o(.text)
    __use_no_semihosting                     0x080002b5   Thumb Code     2  use_no_semi_2.o(.text)
    __2printf                                0x080002b9   Thumb Code    20  noretval__2printf.o(.text)
    __printf                                 0x080002d1   Thumb Code   104  __printf.o(.text)
    _printf_str                              0x08000339   Thumb Code    82  _printf_str.o(.text)
    _printf_int_dec                          0x0800038d   Thumb Code   104  _printf_dec.o(.text)
    __aeabi_memcpy                           0x08000405   Thumb Code     0  rt_memcpy_v6.o(.text)
    __rt_memcpy                              0x08000405   Thumb Code   138  rt_memcpy_v6.o(.text)
    _memcpy_lastbytes                        0x0800046b   Thumb Code     0  rt_memcpy_v6.o(.text)
    __aeabi_memset                           0x0800048f   Thumb Code    16  aeabi_memset.o(.text)
    __aeabi_memclr4                          0x0800049f   Thumb Code     0  rt_memclr_w.o(.text)
    __aeabi_memclr8                          0x0800049f   Thumb Code     0  rt_memclr_w.o(.text)
    __rt_memclr_w                            0x0800049f   Thumb Code    78  rt_memclr_w.o(.text)
    _memset_w                                0x080004a3   Thumb Code     0  rt_memclr_w.o(.text)
    __use_two_region_memory                  0x080004ed   Thumb Code     2  heapauxi.o(.text)
    __rt_heap_escrow$2region                 0x080004ef   Thumb Code     2  heapauxi.o(.text)
    __rt_heap_expand$2region                 0x080004f1   Thumb Code     2  heapauxi.o(.text)
    __semihosting$guard                      0x080004f3   Thumb Code     0  use_no_semi.o(.text)
    __use_no_semihosting_swi                 0x080004f3   Thumb Code     2  use_no_semi.o(.text)
    _printf_int_common                       0x080004f5   Thumb Code   178  _printf_intcommon.o(.text)
    _printf_char_common                      0x080005b3   Thumb Code    32  _printf_char_common.o(.text)
    _printf_cs_common                        0x080005d9   Thumb Code    20  _printf_char.o(.text)
    _printf_char                             0x080005ed   Thumb Code    16  _printf_char.o(.text)
    _printf_string                           0x080005fd   Thumb Code     8  _printf_char.o(.text)
    _printf_char_file                        0x08000605   Thumb Code    32  _printf_char_file.o(.text)
    __aeabi_memcpy4                          0x08000629   Thumb Code     0  rt_memcpy_w.o(.text)
    __aeabi_memcpy8                          0x08000629   Thumb Code     0  rt_memcpy_w.o(.text)
    __rt_memcpy_w                            0x08000629   Thumb Code   100  rt_memcpy_w.o(.text)
    _memcpy_lastbytes_aligned                0x08000671   Thumb Code     0  rt_memcpy_w.o(.text)
    __aeabi_memclr                           0x0800068d   Thumb Code     0  rt_memclr.o(.text)
    __rt_memclr                              0x0800068d   Thumb Code    68  rt_memclr.o(.text)
    _memset                                  0x08000691   Thumb Code     0  rt_memclr.o(.text)
    ferror                                   0x080006d1   Thumb Code     8  ferror.o(.text)
    __user_setup_stackheap                   0x080006d9   Thumb Code    74  sys_stackheap_outer.o(.text)
    exit                                     0x08000723   Thumb Code    18  exit.o(.text)
    __user_libspace                          0x08000735   Thumb Code     8  libspace.o(.text)
    __user_perproc_libspace                  0x08000735   Thumb Code     0  libspace.o(.text)
    __user_perthread_libspace                0x08000735   Thumb Code     0  libspace.o(.text)
    BusFault_Handler                         0x0800073d   Thumb Code     4  stm32f1xx_it.o(i.BusFault_Handler)
    DebugMon_Handler                         0x08000741   Thumb Code     2  stm32f1xx_it.o(i.DebugMon_Handler)
    HAL_DMA_Abort_IT                         0x08000745   Thumb Code   414  stm32f1xx_hal_dma.o(i.HAL_DMA_Abort_IT)
    HAL_GPIO_Init                            0x080008ed   Thumb Code   792  stm32f1xx_hal_gpio.o(i.HAL_GPIO_Init)
    HAL_GPIO_ReadPin                         0x08000c2d   Thumb Code    16  stm32f1xx_hal_gpio.o(i.HAL_GPIO_ReadPin)
    HAL_GPIO_TogglePin                       0x08000c3d   Thumb Code    20  stm32f1xx_hal_gpio.o(i.HAL_GPIO_TogglePin)
    HAL_GPIO_WritePin                        0x08000c51   Thumb Code    12  stm32f1xx_hal_gpio.o(i.HAL_GPIO_WritePin)
    HAL_GetTick                              0x08000c5d   Thumb Code     6  stm32f1xx_hal.o(i.HAL_GetTick)
    HAL_IncTick                              0x08000c69   Thumb Code    16  stm32f1xx_hal.o(i.HAL_IncTick)
    HAL_Init                                 0x08000c81   Thumb Code    34  stm32f1xx_hal.o(i.HAL_Init)
    HAL_InitTick                             0x08000ca9   Thumb Code    64  stm32f1xx_hal.o(i.HAL_InitTick)
    HAL_MspInit                              0x08000cf5   Thumb Code     2  stm32f1xx_hal.o(i.HAL_MspInit)
    HAL_NVIC_EnableIRQ                       0x08000cf7   Thumb Code    32  stm32f1xx_hal_cortex.o(i.HAL_NVIC_EnableIRQ)
    HAL_NVIC_SetPriority                     0x08000d17   Thumb Code   124  stm32f1xx_hal_cortex.o(i.HAL_NVIC_SetPriority)
    HAL_NVIC_SetPriorityGrouping             0x08000d95   Thumb Code    32  stm32f1xx_hal_cortex.o(i.HAL_NVIC_SetPriorityGrouping)
    HAL_RCC_ClockConfig                      0x08000dbd   Thumb Code   376  stm32f1xx_hal_rcc.o(i.HAL_RCC_ClockConfig)
    HAL_RCC_GetHCLKFreq                      0x08000f49   Thumb Code     6  stm32f1xx_hal_rcc.o(i.HAL_RCC_GetHCLKFreq)
    HAL_RCC_GetPCLK1Freq                     0x08000f55   Thumb Code    22  stm32f1xx_hal_rcc.o(i.HAL_RCC_GetPCLK1Freq)
    HAL_RCC_GetPCLK2Freq                     0x08000f75   Thumb Code    22  stm32f1xx_hal_rcc.o(i.HAL_RCC_GetPCLK2Freq)
    HAL_RCC_GetSysClockFreq                  0x08000f95   Thumb Code   116  stm32f1xx_hal_rcc.o(i.HAL_RCC_GetSysClockFreq)
    HAL_RCC_OscConfig                        0x08001029   Thumb Code  1114  stm32f1xx_hal_rcc.o(i.HAL_RCC_OscConfig)
    HAL_SYSTICK_CLKSourceConfig              0x0800148d   Thumb Code    40  stm32f1xx_hal_cortex.o(i.HAL_SYSTICK_CLKSourceConfig)
    HAL_SYSTICK_Config                       0x080014b5   Thumb Code    52  stm32f1xx_hal_cortex.o(i.HAL_SYSTICK_Config)
    HAL_TIMEx_BreakCallback                  0x080014e9   Thumb Code     2  stm32f1xx_hal_tim_ex.o(i.HAL_TIMEx_BreakCallback)
    HAL_TIMEx_CommutCallback                 0x080014eb   Thumb Code     2  stm32f1xx_hal_tim_ex.o(i.HAL_TIMEx_CommutCallback)
    HAL_TIM_IC_CaptureCallback               0x080014ed   Thumb Code     2  stm32f1xx_hal_tim.o(i.HAL_TIM_IC_CaptureCallback)
    HAL_TIM_IRQHandler                       0x080014ef   Thumb Code   406  stm32f1xx_hal_tim.o(i.HAL_TIM_IRQHandler)
    HAL_TIM_OC_DelayElapsedCallback          0x08001685   Thumb Code     2  stm32f1xx_hal_tim.o(i.HAL_TIM_OC_DelayElapsedCallback)
    HAL_TIM_PWM_PulseFinishedCallback        0x08001687   Thumb Code     2  stm32f1xx_hal_tim.o(i.HAL_TIM_PWM_PulseFinishedCallback)
    HAL_TIM_PeriodElapsedCallback            0x08001689   Thumb Code    24  btim.o(i.HAL_TIM_PeriodElapsedCallback)
    HAL_TIM_TriggerCallback                  0x080016a9   Thumb Code     2  stm32f1xx_hal_tim.o(i.HAL_TIM_TriggerCallback)
    HAL_UART_ErrorCallback                   0x080016ab   Thumb Code     2  stm32f1xx_hal_uart.o(i.HAL_UART_ErrorCallback)
    HAL_UART_IRQHandler                      0x080016ad   Thumb Code   334  stm32f1xx_hal_uart.o(i.HAL_UART_IRQHandler)
    HAL_UART_Init                            0x08001801   Thumb Code   114  stm32f1xx_hal_uart.o(i.HAL_UART_Init)
    HAL_UART_MspInit                         0x08001875   Thumb Code   152  usart.o(i.HAL_UART_MspInit)
    HAL_UART_Receive_IT                      0x08001919   Thumb Code   112  stm32f1xx_hal_uart.o(i.HAL_UART_Receive_IT)
    HAL_UART_RxCpltCallback                  0x08001989   Thumb Code   134  usart.o(i.HAL_UART_RxCpltCallback)
    HAL_UART_TxCpltCallback                  0x08001a25   Thumb Code     2  stm32f1xx_hal_uart.o(i.HAL_UART_TxCpltCallback)
    HardFault_Handler                        0x08001a27   Thumb Code     4  stm32f1xx_it.o(i.HardFault_Handler)
    MemManage_Handler                        0x08001a2b   Thumb Code     4  stm32f1xx_it.o(i.MemManage_Handler)
    NMI_Handler                              0x08001a2f   Thumb Code     2  stm32f1xx_it.o(i.NMI_Handler)
    Start_Task                               0x08001a59   Thumb Code    80  freertos_demo.o(i.Start_Task)
    SysTick_Handler                          0x08001ad9   Thumb Code    20  delay.o(i.SysTick_Handler)
    SystemInit                               0x08001aed   Thumb Code     2  system_stm32f1xx.o(i.SystemInit)
    TIM6_IRQHandler                          0x08001af1   Thumb Code    10  btim.o(i.TIM6_IRQHandler)
    Task1                                    0x08001b01   Thumb Code    32  freertos_demo.o(i.Task1)
    Task2                                    0x08001b31   Thumb Code    30  freertos_demo.o(i.Task2)
    Task3                                    0x08001b61   Thumb Code    56  freertos_demo.o(i.Task3)
    USART1_IRQHandler                        0x08001e05   Thumb Code    10  usart.o(i.USART1_IRQHandler)
    UsageFault_Handler                       0x08001e15   Thumb Code     4  stm32f1xx_it.o(i.UsageFault_Handler)
    _sys_exit                                0x08001e51   Thumb Code     4  usart.o(i._sys_exit)
    delay_init                               0x08001e55   Thumb Code    74  delay.o(i.delay_init)
    delay_ms                                 0x08001ea5   Thumb Code    24  delay.o(i.delay_ms)
    delay_us                                 0x08001ebd   Thumb Code    68  delay.o(i.delay_us)
    fputc                                    0x08001f05   Thumb Code    24  usart.o(i.fputc)
    freertos_demo                            0x08001f21   Thumb Code    28  freertos_demo.o(i.freertos_demo)
    key_init                                 0x08001f51   Thumb Code   174  key.o(i.key_init)
    key_scan                                 0x0800200d   Thumb Code   152  key.o(i.key_scan)
    led_init                                 0x080020b1   Thumb Code   132  led.o(i.led_init)
    main                                     0x08002141   Thumb Code    50  main.o(i.main)
    my_mem_init                              0x08002175   Thumb Code    38  malloc.o(i.my_mem_init)
    my_mem_perused                           0x080021a5   Thumb Code    56  malloc.o(i.my_mem_perused)
    my_mem_set                               0x080021e5   Thumb Code    20  malloc.o(i.my_mem_set)
    pvPortMalloc                             0x08002d35   Thumb Code   306  heap_4.o(i.pvPortMalloc)
    pxPortInitialiseStack                    0x08002ec9   Thumb Code    30  port.o(i.pxPortInitialiseStack)
    sys_stm32_clock_init                     0x08002eed   Thumb Code    86  sys.o(i.sys_stm32_clock_init)
    usart_init                               0x08002f45   Thumb Code    60  usart.o(i.usart_init)
    uxListRemove                             0x08002f8d   Thumb Code    40  list.o(i.uxListRemove)
    vListInitialise                          0x08002fb5   Thumb Code    26  list.o(i.vListInitialise)
    vListInitialiseItem                      0x08002fcf   Thumb Code     6  list.o(i.vListInitialiseItem)
    vListInsert                              0x08002fd5   Thumb Code    52  list.o(i.vListInsert)
    vListInsertEnd                           0x08003009   Thumb Code    24  list.o(i.vListInsertEnd)
    vPortEnterCritical                       0x08003021   Thumb Code    68  port.o(i.vPortEnterCritical)
    vPortExitCritical                        0x080030b5   Thumb Code    48  port.o(i.vPortExitCritical)
    vPortFree                                0x08003131   Thumb Code   130  heap_4.o(i.vPortFree)
    vPortSetupTimerInterrupt                 0x08003209   Thumb Code    38  port.o(i.vPortSetupTimerInterrupt)
    vQueueAddToRegistry                      0x08003235   Thumb Code    84  queue.o(i.vQueueAddToRegistry)
    vQueueWaitForMessageRestricted           0x080032c1   Thumb Code    74  queue.o(i.vQueueWaitForMessageRestricted)
    vTaskDelay                               0x0800330d   Thumb Code    72  tasks.o(i.vTaskDelay)
    vTaskDelete                              0x08003391   Thumb Code   200  tasks.o(i.vTaskDelete)
    vTaskInternalSetTimeOutState             0x080034b5   Thumb Code    14  tasks.o(i.vTaskInternalSetTimeOutState)
    vTaskMissedYield                         0x080034cd   Thumb Code     8  tasks.o(i.vTaskMissedYield)
    vTaskPlaceOnEventList                    0x080034d9   Thumb Code    42  tasks.o(i.vTaskPlaceOnEventList)
    vTaskPlaceOnEventListRestricted          0x0800353d   Thumb Code    84  tasks.o(i.vTaskPlaceOnEventListRestricted)
    vTaskStartScheduler                      0x080035c9   Thumb Code   112  tasks.o(i.vTaskStartScheduler)
    vTaskSuspendAll                          0x0800368d   Thumb Code    12  tasks.o(i.vTaskSuspendAll)
    vTaskSwitchContext                       0x0800369d   Thumb Code   110  tasks.o(i.vTaskSwitchContext)
    xPortStartScheduler                      0x08003755   Thumb Code   240  port.o(i.xPortStartScheduler)
    xPortSysTickHandler                      0x080038a1   Thumb Code    46  port.o(i.xPortSysTickHandler)
    xQueueGenericCreate                      0x080038d5   Thumb Code    92  queue.o(i.xQueueGenericCreate)
    xQueueGenericReset                       0x08003965   Thumb Code   194  queue.o(i.xQueueGenericReset)
    xQueueReceive                            0x08003a61   Thumb Code   326  queue.o(i.xQueueReceive)
    xTaskCheckForTimeOut                     0x08003be1   Thumb Code   140  tasks.o(i.xTaskCheckForTimeOut)
    xTaskCreate                              0x08003cad   Thumb Code    96  tasks.o(i.xTaskCreate)
    xTaskGetSchedulerState                   0x08003d0d   Thumb Code    24  tasks.o(i.xTaskGetSchedulerState)
    xTaskGetTickCount                        0x08003d2d   Thumb Code     6  tasks.o(i.xTaskGetTickCount)
    xTaskIncrementTick                       0x08003d39   Thumb Code   390  tasks.o(i.xTaskIncrementTick)
    xTaskPriorityDisinherit                  0x08003f21   Thumb Code   206  tasks.o(i.xTaskPriorityDisinherit)
    xTaskRemoveFromEventList                 0x08004031   Thumb Code   254  tasks.o(i.xTaskRemoveFromEventList)
    xTaskResumeAll                           0x0800417d   Thumb Code   328  tasks.o(i.xTaskResumeAll)
    xTimerCreateTimerTask                    0x0800431d   Thumb Code    56  timers.o(i.xTimerCreateTimerTask)
    AHBPrescTable                            0x0800439c   Data          16  system_stm32f1xx.o(.constdata)
    APBPrescTable                            0x080043ac   Data           8  system_stm32f1xx.o(.constdata)
    memtblsize                               0x080043b4   Data           4  malloc.o(.constdata)
    memblksize                               0x080043b8   Data           4  malloc.o(.constdata)
    memsize                                  0x080043bc   Data           4  malloc.o(.constdata)
    Region$$Table$$Base                      0x080043c0   Number         0  anon$$obj.o(Region$$Table)
    Region$$Table$$Limit                     0x080043e0   Number         0  anon$$obj.o(Region$$Table)
    SystemCoreClock                          0x20000000   Data           4  system_stm32f1xx.o(.data)
    start_task_handler                       0x20000004   Data           4  freertos_demo.o(.data)
    task1_handler                            0x20000008   Data           4  freertos_demo.o(.data)
    task2_handler                            0x2000000c   Data           4  freertos_demo.o(.data)
    task3_handler                            0x20000010   Data           4  freertos_demo.o(.data)
    __stdout                                 0x20000018   Data           4  usart.o(.data)
    g_usart_rx_sta                           0x2000001c   Data           2  usart.o(.data)
    aRxBuffer                                0x2000001e   Data           1  usart.o(.data)
    uwTick                                   0x20000020   Data           4  stm32f1xx_hal.o(.data)
    uwTickPrio                               0x20000024   Data           4  stm32f1xx_hal.o(.data)
    uwTickFreq                               0x20000028   Data           1  stm32f1xx_hal.o(.data)
    mallco_dev                               0x2000002c   Data          20  malloc.o(.data)
    pxCurrentTCB                             0x20000040   Data           4  tasks.o(.data)
    uxTopUsedPriority                        0x20000078   Data           4  tasks.o(.data)
    g_usart_rx_buf                           0x200000c0   Data         200  usart.o(.bss)
    uartx_handler                            0x20000188   Data          64  usart.o(.bss)
    g_timx_handle                            0x200001c8   Data          72  btim.o(.bss)
    xQueueRegistry                           0x200081c0   Data          64  queue.o(.bss)
    __libspace_start                         0x2000ad0c   Data          96  libspace.o(.bss)
    __temporary_stack_top$libspace           0x2000ad6c   Data           0  libspace.o(.bss)



==============================================================================

Memory Map of the image

  Image Entry point : 0x08000131

  Load Region LR_IROM1 (Base: 0x08000000, Size: 0x000044a0, Max: 0x00040000, ABSOLUTE)

    Execution Region ER_IROM1 (Exec base: 0x08000000, Load base: 0x08000000, Size: 0x000043e0, Max: 0x00040000, ABSOLUTE)

    Exec Addr    Load Addr    Size         Type   Attr      Idx    E Section Name        Object

    0x08000000   0x08000000   0x00000130   Data   RO            3    RESET               startup_stm32f103xe.o
    0x08000130   0x08000130   0x00000008   Code   RO         5206  * !!!main             c_w.l(__main.o)
    0x08000138   0x08000138   0x00000034   Code   RO         5394    !!!scatter          c_w.l(__scatter.o)
    0x0800016c   0x0800016c   0x0000001a   Code   RO         5396    !!handler_copy      c_w.l(__scatter_copy.o)
    0x08000186   0x08000186   0x00000002   PAD
    0x08000188   0x08000188   0x0000001c   Code   RO         5398    !!handler_zi        c_w.l(__scatter_zi.o)
    0x080001a4   0x080001a4   0x00000000   Code   RO         5191    .ARM.Collect$$_printf_percent$$00000000  c_w.l(_printf_percent.o)
    0x080001a4   0x080001a4   0x00000006   Code   RO         5189    .ARM.Collect$$_printf_percent$$00000009  c_w.l(_printf_d.o)
    0x080001aa   0x080001aa   0x00000006   Code   RO         5187    .ARM.Collect$$_printf_percent$$00000014  c_w.l(_printf_s.o)
    0x080001b0   0x080001b0   0x00000004   Code   RO         5233    .ARM.Collect$$_printf_percent$$00000017  c_w.l(_printf_percent_end.o)
    0x080001b4   0x080001b4   0x00000002   Code   RO         5273    .ARM.Collect$$libinit$$00000000  c_w.l(libinit.o)
    0x080001b6   0x080001b6   0x00000000   Code   RO         5280    .ARM.Collect$$libinit$$00000002  c_w.l(libinit2.o)
    0x080001b6   0x080001b6   0x00000000   Code   RO         5282    .ARM.Collect$$libinit$$00000004  c_w.l(libinit2.o)
    0x080001b6   0x080001b6   0x00000000   Code   RO         5285    .ARM.Collect$$libinit$$0000000A  c_w.l(libinit2.o)
    0x080001b6   0x080001b6   0x00000000   Code   RO         5287    .ARM.Collect$$libinit$$0000000C  c_w.l(libinit2.o)
    0x080001b6   0x080001b6   0x00000000   Code   RO         5289    .ARM.Collect$$libinit$$0000000E  c_w.l(libinit2.o)
    0x080001b6   0x080001b6   0x00000000   Code   RO         5292    .ARM.Collect$$libinit$$00000011  c_w.l(libinit2.o)
    0x080001b6   0x080001b6   0x00000000   Code   RO         5294    .ARM.Collect$$libinit$$00000013  c_w.l(libinit2.o)
    0x080001b6   0x080001b6   0x00000000   Code   RO         5296    .ARM.Collect$$libinit$$00000015  c_w.l(libinit2.o)
    0x080001b6   0x080001b6   0x00000000   Code   RO         5298    .ARM.Collect$$libinit$$00000017  c_w.l(libinit2.o)
    0x080001b6   0x080001b6   0x00000000   Code   RO         5300    .ARM.Collect$$libinit$$00000019  c_w.l(libinit2.o)
    0x080001b6   0x080001b6   0x00000000   Code   RO         5302    .ARM.Collect$$libinit$$0000001B  c_w.l(libinit2.o)
    0x080001b6   0x080001b6   0x00000000   Code   RO         5304    .ARM.Collect$$libinit$$0000001D  c_w.l(libinit2.o)
    0x080001b6   0x080001b6   0x00000000   Code   RO         5306    .ARM.Collect$$libinit$$0000001F  c_w.l(libinit2.o)
    0x080001b6   0x080001b6   0x00000000   Code   RO         5308    .ARM.Collect$$libinit$$00000021  c_w.l(libinit2.o)
    0x080001b6   0x080001b6   0x00000000   Code   RO         5310    .ARM.Collect$$libinit$$00000023  c_w.l(libinit2.o)
    0x080001b6   0x080001b6   0x00000000   Code   RO         5312    .ARM.Collect$$libinit$$00000025  c_w.l(libinit2.o)
    0x080001b6   0x080001b6   0x00000000   Code   RO         5316    .ARM.Collect$$libinit$$0000002C  c_w.l(libinit2.o)
    0x080001b6   0x080001b6   0x00000000   Code   RO         5318    .ARM.Collect$$libinit$$0000002E  c_w.l(libinit2.o)
    0x080001b6   0x080001b6   0x00000000   Code   RO         5320    .ARM.Collect$$libinit$$00000030  c_w.l(libinit2.o)
    0x080001b6   0x080001b6   0x00000000   Code   RO         5322    .ARM.Collect$$libinit$$00000032  c_w.l(libinit2.o)
    0x080001b6   0x080001b6   0x00000002   Code   RO         5323    .ARM.Collect$$libinit$$00000033  c_w.l(libinit2.o)
    0x080001b8   0x080001b8   0x00000002   Code   RO         5341    .ARM.Collect$$libshutdown$$00000000  c_w.l(libshutdown.o)
    0x080001ba   0x080001ba   0x00000000   Code   RO         5349    .ARM.Collect$$libshutdown$$00000002  c_w.l(libshutdown2.o)
    0x080001ba   0x080001ba   0x00000000   Code   RO         5351    .ARM.Collect$$libshutdown$$00000004  c_w.l(libshutdown2.o)
    0x080001ba   0x080001ba   0x00000000   Code   RO         5354    .ARM.Collect$$libshutdown$$00000007  c_w.l(libshutdown2.o)
    0x080001ba   0x080001ba   0x00000000   Code   RO         5357    .ARM.Collect$$libshutdown$$0000000A  c_w.l(libshutdown2.o)
    0x080001ba   0x080001ba   0x00000000   Code   RO         5359    .ARM.Collect$$libshutdown$$0000000C  c_w.l(libshutdown2.o)
    0x080001ba   0x080001ba   0x00000000   Code   RO         5362    .ARM.Collect$$libshutdown$$0000000F  c_w.l(libshutdown2.o)
    0x080001ba   0x080001ba   0x00000002   Code   RO         5363    .ARM.Collect$$libshutdown$$00000010  c_w.l(libshutdown2.o)
    0x080001bc   0x080001bc   0x00000000   Code   RO         5222    .ARM.Collect$$rtentry$$00000000  c_w.l(__rtentry.o)
    0x080001bc   0x080001bc   0x00000000   Code   RO         5244    .ARM.Collect$$rtentry$$00000002  c_w.l(__rtentry2.o)
    0x080001bc   0x080001bc   0x00000006   Code   RO         5256    .ARM.Collect$$rtentry$$00000004  c_w.l(__rtentry4.o)
    0x080001c2   0x080001c2   0x00000000   Code   RO         5246    .ARM.Collect$$rtentry$$00000009  c_w.l(__rtentry2.o)
    0x080001c2   0x080001c2   0x00000004   Code   RO         5247    .ARM.Collect$$rtentry$$0000000A  c_w.l(__rtentry2.o)
    0x080001c6   0x080001c6   0x00000000   Code   RO         5249    .ARM.Collect$$rtentry$$0000000C  c_w.l(__rtentry2.o)
    0x080001c6   0x080001c6   0x00000008   Code   RO         5250    .ARM.Collect$$rtentry$$0000000D  c_w.l(__rtentry2.o)
    0x080001ce   0x080001ce   0x00000002   Code   RO         5277    .ARM.Collect$$rtexit$$00000000  c_w.l(rtexit.o)
    0x080001d0   0x080001d0   0x00000000   Code   RO         5325    .ARM.Collect$$rtexit$$00000002  c_w.l(rtexit2.o)
    0x080001d0   0x080001d0   0x00000004   Code   RO         5326    .ARM.Collect$$rtexit$$00000003  c_w.l(rtexit2.o)
    0x080001d4   0x080001d4   0x00000006   Code   RO         5327    .ARM.Collect$$rtexit$$00000004  c_w.l(rtexit2.o)
    0x080001da   0x080001da   0x00000002   PAD
    0x080001dc   0x080001dc   0x00000096   Code   RO         5041    .emb_text           port.o
    0x08000272   0x08000272   0x00000002   PAD
    0x08000274   0x08000274   0x00000040   Code   RO            4    .text               startup_stm32f103xe.o
    0x080002b4   0x080002b4   0x00000002   Code   RO         5129    .text               c_w.l(use_no_semi_2.o)
    0x080002b6   0x080002b6   0x00000002   PAD
    0x080002b8   0x080002b8   0x00000018   Code   RO         5135    .text               c_w.l(noretval__2printf.o)
    0x080002d0   0x080002d0   0x00000068   Code   RO         5139    .text               c_w.l(__printf.o)
    0x08000338   0x08000338   0x00000052   Code   RO         5141    .text               c_w.l(_printf_str.o)
    0x0800038a   0x0800038a   0x00000002   PAD
    0x0800038c   0x0800038c   0x00000078   Code   RO         5143    .text               c_w.l(_printf_dec.o)
    0x08000404   0x08000404   0x0000008a   Code   RO         5196    .text               c_w.l(rt_memcpy_v6.o)
    0x0800048e   0x0800048e   0x00000010   Code   RO         5200    .text               c_w.l(aeabi_memset.o)
    0x0800049e   0x0800049e   0x0000004e   Code   RO         5202    .text               c_w.l(rt_memclr_w.o)
    0x080004ec   0x080004ec   0x00000006   Code   RO         5204    .text               c_w.l(heapauxi.o)
    0x080004f2   0x080004f2   0x00000002   Code   RO         5220    .text               c_w.l(use_no_semi.o)
    0x080004f4   0x080004f4   0x000000b2   Code   RO         5223    .text               c_w.l(_printf_intcommon.o)
    0x080005a6   0x080005a6   0x00000002   PAD
    0x080005a8   0x080005a8   0x00000030   Code   RO         5225    .text               c_w.l(_printf_char_common.o)
    0x080005d8   0x080005d8   0x0000002c   Code   RO         5229    .text               c_w.l(_printf_char.o)
    0x08000604   0x08000604   0x00000024   Code   RO         5231    .text               c_w.l(_printf_char_file.o)
    0x08000628   0x08000628   0x00000064   Code   RO         5234    .text               c_w.l(rt_memcpy_w.o)
    0x0800068c   0x0800068c   0x00000044   Code   RO         5236    .text               c_w.l(rt_memclr.o)
    0x080006d0   0x080006d0   0x00000008   Code   RO         5260    .text               c_w.l(ferror.o)
    0x080006d8   0x080006d8   0x0000004a   Code   RO         5264    .text               c_w.l(sys_stackheap_outer.o)
    0x08000722   0x08000722   0x00000012   Code   RO         5266    .text               c_w.l(exit.o)
    0x08000734   0x08000734   0x00000008   Code   RO         5274    .text               c_w.l(libspace.o)
    0x0800073c   0x0800073c   0x00000004   Code   RO          447    i.BusFault_Handler  stm32f1xx_it.o
    0x08000740   0x08000740   0x00000002   Code   RO          448    i.DebugMon_Handler  stm32f1xx_it.o
    0x08000742   0x08000742   0x00000002   PAD
    0x08000744   0x08000744   0x000001a8   Code   RO         1253    i.HAL_DMA_Abort_IT  stm32f1xx_hal_dma.o
    0x080008ec   0x080008ec   0x00000340   Code   RO         1349    i.HAL_GPIO_Init     stm32f1xx_hal_gpio.o
    0x08000c2c   0x08000c2c   0x00000010   Code   RO         1351    i.HAL_GPIO_ReadPin  stm32f1xx_hal_gpio.o
    0x08000c3c   0x08000c3c   0x00000014   Code   RO         1352    i.HAL_GPIO_TogglePin  stm32f1xx_hal_gpio.o
    0x08000c50   0x08000c50   0x0000000c   Code   RO         1353    i.HAL_GPIO_WritePin  stm32f1xx_hal_gpio.o
    0x08000c5c   0x08000c5c   0x0000000c   Code   RO          966    i.HAL_GetTick       stm32f1xx_hal.o
    0x08000c68   0x08000c68   0x00000018   Code   RO          972    i.HAL_IncTick       stm32f1xx_hal.o
    0x08000c80   0x08000c80   0x00000028   Code   RO          973    i.HAL_Init          stm32f1xx_hal.o
    0x08000ca8   0x08000ca8   0x0000004c   Code   RO          974    i.HAL_InitTick      stm32f1xx_hal.o
    0x08000cf4   0x08000cf4   0x00000002   Code   RO          976    i.HAL_MspInit       stm32f1xx_hal.o
    0x08000cf6   0x08000cf6   0x00000020   Code   RO         1131    i.HAL_NVIC_EnableIRQ  stm32f1xx_hal_cortex.o
    0x08000d16   0x08000d16   0x0000007c   Code   RO         1137    i.HAL_NVIC_SetPriority  stm32f1xx_hal_cortex.o
    0x08000d92   0x08000d92   0x00000002   PAD
    0x08000d94   0x08000d94   0x00000028   Code   RO         1138    i.HAL_NVIC_SetPriorityGrouping  stm32f1xx_hal_cortex.o
    0x08000dbc   0x08000dbc   0x0000018c   Code   RO         1574    i.HAL_RCC_ClockConfig  stm32f1xx_hal_rcc.o
    0x08000f48   0x08000f48   0x0000000c   Code   RO         1579    i.HAL_RCC_GetHCLKFreq  stm32f1xx_hal_rcc.o
    0x08000f54   0x08000f54   0x00000020   Code   RO         1581    i.HAL_RCC_GetPCLK1Freq  stm32f1xx_hal_rcc.o
    0x08000f74   0x08000f74   0x00000020   Code   RO         1582    i.HAL_RCC_GetPCLK2Freq  stm32f1xx_hal_rcc.o
    0x08000f94   0x08000f94   0x00000094   Code   RO         1583    i.HAL_RCC_GetSysClockFreq  stm32f1xx_hal_rcc.o
    0x08001028   0x08001028   0x00000464   Code   RO         1586    i.HAL_RCC_OscConfig  stm32f1xx_hal_rcc.o
    0x0800148c   0x0800148c   0x00000028   Code   RO         1140    i.HAL_SYSTICK_CLKSourceConfig  stm32f1xx_hal_cortex.o
    0x080014b4   0x080014b4   0x00000034   Code   RO         1142    i.HAL_SYSTICK_Config  stm32f1xx_hal_cortex.o
    0x080014e8   0x080014e8   0x00000002   Code   RO         3030    i.HAL_TIMEx_BreakCallback  stm32f1xx_hal_tim_ex.o
    0x080014ea   0x080014ea   0x00000002   Code   RO         3031    i.HAL_TIMEx_CommutCallback  stm32f1xx_hal_tim_ex.o
    0x080014ec   0x080014ec   0x00000002   Code   RO         2349    i.HAL_TIM_IC_CaptureCallback  stm32f1xx_hal_tim.o
    0x080014ee   0x080014ee   0x00000196   Code   RO         2363    i.HAL_TIM_IRQHandler  stm32f1xx_hal_tim.o
    0x08001684   0x08001684   0x00000002   Code   RO         2366    i.HAL_TIM_OC_DelayElapsedCallback  stm32f1xx_hal_tim.o
    0x08001686   0x08001686   0x00000002   Code   RO         2393    i.HAL_TIM_PWM_PulseFinishedCallback  stm32f1xx_hal_tim.o
    0x08001688   0x08001688   0x00000020   Code   RO         3617    i.HAL_TIM_PeriodElapsedCallback  btim.o
    0x080016a8   0x080016a8   0x00000002   Code   RO         2406    i.HAL_TIM_TriggerCallback  stm32f1xx_hal_tim.o
    0x080016aa   0x080016aa   0x00000002   Code   RO         1737    i.HAL_UART_ErrorCallback  stm32f1xx_hal_uart.o
    0x080016ac   0x080016ac   0x00000154   Code   RO         1740    i.HAL_UART_IRQHandler  stm32f1xx_hal_uart.o
    0x08001800   0x08001800   0x00000072   Code   RO         1741    i.HAL_UART_Init     stm32f1xx_hal_uart.o
    0x08001872   0x08001872   0x00000002   PAD
    0x08001874   0x08001874   0x000000a4   Code   RO          878    i.HAL_UART_MspInit  usart.o
    0x08001918   0x08001918   0x00000070   Code   RO         1746    i.HAL_UART_Receive_IT  stm32f1xx_hal_uart.o
    0x08001988   0x08001988   0x0000009c   Code   RO          879    i.HAL_UART_RxCpltCallback  usart.o
    0x08001a24   0x08001a24   0x00000002   Code   RO         1752    i.HAL_UART_TxCpltCallback  stm32f1xx_hal_uart.o
    0x08001a26   0x08001a26   0x00000004   Code   RO          449    i.HardFault_Handler  stm32f1xx_it.o
    0x08001a2a   0x08001a2a   0x00000004   Code   RO          450    i.MemManage_Handler  stm32f1xx_it.o
    0x08001a2e   0x08001a2e   0x00000002   Code   RO          451    i.NMI_Handler       stm32f1xx_it.o
    0x08001a30   0x08001a30   0x00000028   Code   RO         1587    i.RCC_Delay         stm32f1xx_hal_rcc.o
    0x08001a58   0x08001a58   0x00000080   Code   RO          639    i.Start_Task        freertos_demo.o
    0x08001ad8   0x08001ad8   0x00000014   Code   RO          727    i.SysTick_Handler   delay.o
    0x08001aec   0x08001aec   0x00000002   Code   RO          247    i.SystemInit        system_stm32f1xx.o
    0x08001aee   0x08001aee   0x00000002   PAD
    0x08001af0   0x08001af0   0x00000010   Code   RO         3618    i.TIM6_IRQHandler   btim.o
    0x08001b00   0x08001b00   0x00000030   Code   RO          640    i.Task1             freertos_demo.o
    0x08001b30   0x08001b30   0x00000030   Code   RO          641    i.Task2             freertos_demo.o
    0x08001b60   0x08001b60   0x00000054   Code   RO          642    i.Task3             freertos_demo.o
    0x08001bb4   0x08001bb4   0x00000014   Code   RO         1754    i.UART_DMAAbortOnError  stm32f1xx_hal_uart.o
    0x08001bc8   0x08001bc8   0x00000020   Code   RO         1764    i.UART_EndRxTransfer  stm32f1xx_hal_uart.o
    0x08001be8   0x08001be8   0x00000020   Code   RO         1765    i.UART_EndTransmit_IT  stm32f1xx_hal_uart.o
    0x08001c08   0x08001c08   0x000000a0   Code   RO         1767    i.UART_Receive_IT   stm32f1xx_hal_uart.o
    0x08001ca8   0x08001ca8   0x000000fc   Code   RO         1768    i.UART_SetConfig    stm32f1xx_hal_uart.o
    0x08001da4   0x08001da4   0x00000060   Code   RO         1769    i.UART_Transmit_IT  stm32f1xx_hal_uart.o
    0x08001e04   0x08001e04   0x00000010   Code   RO          880    i.USART1_IRQHandler  usart.o
    0x08001e14   0x08001e14   0x00000004   Code   RO          452    i.UsageFault_Handler  stm32f1xx_it.o
    0x08001e18   0x08001e18   0x00000010   Code   RO         1144    i.__NVIC_GetPriorityGrouping  stm32f1xx_hal_cortex.o
    0x08001e28   0x08001e28   0x00000028   Code   RO         1145    i.__NVIC_SetPriority  stm32f1xx_hal_cortex.o
    0x08001e50   0x08001e50   0x00000004   Code   RO          882    i._sys_exit         usart.o
    0x08001e54   0x08001e54   0x00000050   Code   RO          728    i.delay_init        delay.o
    0x08001ea4   0x08001ea4   0x00000018   Code   RO          729    i.delay_ms          delay.o
    0x08001ebc   0x08001ebc   0x00000048   Code   RO          730    i.delay_us          delay.o
    0x08001f04   0x08001f04   0x0000001c   Code   RO          884    i.fputc             usart.o
    0x08001f20   0x08001f20   0x00000030   Code   RO          643    i.freertos_demo     freertos_demo.o
    0x08001f50   0x08001f50   0x000000bc   Code   RO         3583    i.key_init          key.o
    0x0800200c   0x0800200c   0x000000a4   Code   RO         3584    i.key_scan          key.o
    0x080020b0   0x080020b0   0x00000090   Code   RO         3297    i.led_init          led.o
    0x08002140   0x08002140   0x00000032   Code   RO           13    i.main              main.o
    0x08002172   0x08002172   0x00000002   PAD
    0x08002174   0x08002174   0x00000030   Code   RO         3661    i.my_mem_init       malloc.o
    0x080021a4   0x080021a4   0x00000040   Code   RO         3663    i.my_mem_perused    malloc.o
    0x080021e4   0x080021e4   0x00000014   Code   RO         3664    i.my_mem_set        malloc.o
    0x080021f8   0x080021f8   0x000000cc   Code   RO         4372    i.prvAddCurrentTaskToDelayedList  tasks.o
    0x080022c4   0x080022c4   0x000000ec   Code   RO         4373    i.prvAddNewTaskToReadyList  tasks.o
    0x080023b0   0x080023b0   0x00000064   Code   RO         4797    i.prvCheckForValidListAndQueue  timers.o
    0x08002414   0x08002414   0x00000048   Code   RO         4374    i.prvCheckTasksWaitingTermination  tasks.o
    0x0800245c   0x0800245c   0x0000002a   Code   RO         3932    i.prvCopyDataFromQueue  queue.o
    0x08002486   0x08002486   0x0000007e   Code   RO         3933    i.prvCopyDataToQueue  queue.o
    0x08002504   0x08002504   0x00000012   Code   RO         4375    i.prvDeleteTCB      tasks.o
    0x08002516   0x08002516   0x00000002   PAD
    0x08002518   0x08002518   0x00000028   Code   RO         4798    i.prvGetNextExpireTime  timers.o
    0x08002540   0x08002540   0x0000007c   Code   RO         4974    i.prvHeapInit       heap_4.o
    0x080025bc   0x080025bc   0x00000028   Code   RO         4376    i.prvIdleTask       tasks.o
    0x080025e4   0x080025e4   0x0000002e   Code   RO         3936    i.prvInitialiseNewQueue  queue.o
    0x08002612   0x08002612   0x00000002   PAD
    0x08002614   0x08002614   0x00000104   Code   RO         4377    i.prvInitialiseNewTask  tasks.o
    0x08002718   0x08002718   0x00000068   Code   RO         4378    i.prvInitialiseTaskLists  tasks.o
    0x08002780   0x08002780   0x00000068   Code   RO         4975    i.prvInsertBlockIntoFreeList  heap_4.o
    0x080027e8   0x080027e8   0x00000058   Code   RO         4800    i.prvInsertTimerInActiveList  timers.o
    0x08002840   0x08002840   0x0000001a   Code   RO         3937    i.prvIsQueueEmpty   queue.o
    0x0800285a   0x0800285a   0x00000002   PAD
    0x0800285c   0x0800285c   0x000000c4   Code   RO         3939    i.prvNotifyQueueSetContainer  queue.o
    0x08002920   0x08002920   0x00000044   Code   RO         4801    i.prvProcessExpiredTimer  timers.o
    0x08002964   0x08002964   0x0000016c   Code   RO         4802    i.prvProcessReceivedCommands  timers.o
    0x08002ad0   0x08002ad0   0x00000074   Code   RO         4803    i.prvProcessTimerOrBlockTask  timers.o
    0x08002b44   0x08002b44   0x00000028   Code   RO         4804    i.prvReloadTimer    timers.o
    0x08002b6c   0x08002b6c   0x00000030   Code   RO         4380    i.prvResetNextTaskUnblockTime  tasks.o
    0x08002b9c   0x08002b9c   0x0000002c   Code   RO         4805    i.prvSampleTimeNow  timers.o
    0x08002bc8   0x08002bc8   0x00000044   Code   RO         4806    i.prvSwitchTimerLists  timers.o
    0x08002c0c   0x08002c0c   0x0000007c   Code   RO         5042    i.prvTaskExitError  port.o
    0x08002c88   0x08002c88   0x0000001a   Code   RO         4807    i.prvTimerTask      timers.o
    0x08002ca2   0x08002ca2   0x00000090   Code   RO         3940    i.prvUnlockQueue    queue.o
    0x08002d32   0x08002d32   0x00000002   PAD
    0x08002d34   0x08002d34   0x00000194   Code   RO         4976    i.pvPortMalloc      heap_4.o
    0x08002ec8   0x08002ec8   0x00000024   Code   RO         5043    i.pxPortInitialiseStack  port.o
    0x08002eec   0x08002eec   0x00000056   Code   RO          811    i.sys_stm32_clock_init  sys.o
    0x08002f42   0x08002f42   0x00000002   PAD
    0x08002f44   0x08002f44   0x00000048   Code   RO          885    i.usart_init        usart.o
    0x08002f8c   0x08002f8c   0x00000028   Code   RO         3880    i.uxListRemove      list.o
    0x08002fb4   0x08002fb4   0x0000001a   Code   RO         3881    i.vListInitialise   list.o
    0x08002fce   0x08002fce   0x00000006   Code   RO         3882    i.vListInitialiseItem  list.o
    0x08002fd4   0x08002fd4   0x00000034   Code   RO         3883    i.vListInsert       list.o
    0x08003008   0x08003008   0x00000018   Code   RO         3884    i.vListInsertEnd    list.o
    0x08003020   0x08003020   0x00000094   Code   RO         5045    i.vPortEnterCritical  port.o
    0x080030b4   0x080030b4   0x0000007c   Code   RO         5046    i.vPortExitCritical  port.o
    0x08003130   0x08003130   0x000000d8   Code   RO         4977    i.vPortFree         heap_4.o
    0x08003208   0x08003208   0x0000002c   Code   RO         5047    i.vPortSetupTimerInterrupt  port.o
    0x08003234   0x08003234   0x0000008c   Code   RO         3946    i.vQueueAddToRegistry  queue.o
    0x080032c0   0x080032c0   0x0000004a   Code   RO         3950    i.vQueueWaitForMessageRestricted  queue.o
    0x0800330a   0x0800330a   0x00000002   PAD
    0x0800330c   0x0800330c   0x00000084   Code   RO         4395    i.vTaskDelay        tasks.o
    0x08003390   0x08003390   0x00000124   Code   RO         4396    i.vTaskDelete       tasks.o
    0x080034b4   0x080034b4   0x00000018   Code   RO         4400    i.vTaskInternalSetTimeOutState  tasks.o
    0x080034cc   0x080034cc   0x0000000c   Code   RO         4402    i.vTaskMissedYield  tasks.o
    0x080034d8   0x080034d8   0x00000064   Code   RO         4403    i.vTaskPlaceOnEventList  tasks.o
    0x0800353c   0x0800353c   0x0000008c   Code   RO         4404    i.vTaskPlaceOnEventListRestricted  tasks.o
    0x080035c8   0x080035c8   0x000000c4   Code   RO         4412    i.vTaskStartScheduler  tasks.o
    0x0800368c   0x0800368c   0x00000010   Code   RO         4414    i.vTaskSuspendAll   tasks.o
    0x0800369c   0x0800369c   0x000000b8   Code   RO         4415    i.vTaskSwitchContext  tasks.o
    0x08003754   0x08003754   0x0000014c   Code   RO         5049    i.xPortStartScheduler  port.o
    0x080038a0   0x080038a0   0x00000034   Code   RO         5050    i.xPortSysTickHandler  port.o
    0x080038d4   0x080038d4   0x00000090   Code   RO         3955    i.xQueueGenericCreate  queue.o
    0x08003964   0x08003964   0x000000fc   Code   RO         3956    i.xQueueGenericReset  queue.o
    0x08003a60   0x08003a60   0x00000180   Code   RO         3965    i.xQueueReceive     queue.o
    0x08003be0   0x08003be0   0x000000cc   Code   RO         4418    i.xTaskCheckForTimeOut  tasks.o
    0x08003cac   0x08003cac   0x00000060   Code   RO         4419    i.xTaskCreate       tasks.o
    0x08003d0c   0x08003d0c   0x00000020   Code   RO         4428    i.xTaskGetSchedulerState  tasks.o
    0x08003d2c   0x08003d2c   0x0000000c   Code   RO         4429    i.xTaskGetTickCount  tasks.o
    0x08003d38   0x08003d38   0x000001e8   Code   RO         4431    i.xTaskIncrementTick  tasks.o
    0x08003f20   0x08003f20   0x00000110   Code   RO         4432    i.xTaskPriorityDisinherit  tasks.o
    0x08004030   0x08004030   0x0000014c   Code   RO         4434    i.xTaskRemoveFromEventList  tasks.o
    0x0800417c   0x0800417c   0x000001a0   Code   RO         4435    i.xTaskResumeAll    tasks.o
    0x0800431c   0x0800431c   0x00000080   Code   RO         4815    i.xTimerCreateTimerTask  timers.o
    0x0800439c   0x0800439c   0x00000018   Data   RO          248    .constdata          system_stm32f1xx.o
    0x080043b4   0x080043b4   0x0000000c   Data   RO         3669    .constdata          malloc.o
    0x080043c0   0x080043c0   0x00000020   Data   RO         5392    Region$$Table       anon$$obj.o


    Execution Region RW_IRAM1 (Exec base: 0x20000000, Load base: 0x080043e0, Size: 0x0000b370, Max: 0x0000c000, ABSOLUTE)

    Exec Addr    Load Addr    Size         Type   Attr      Idx    E Section Name        Object

    0x20000000   0x080043e0   0x00000004   Data   RW          249    .data               system_stm32f1xx.o
    0x20000004   0x080043e4   0x00000010   Data   RW          644    .data               freertos_demo.o
    0x20000014   0x080043f4   0x00000002   Data   RW          731    .data               delay.o
    0x20000016   0x080043f6   0x00000002   PAD
    0x20000018   0x080043f8   0x00000007   Data   RW          887    .data               usart.o
    0x2000001f   0x080043ff   0x00000001   PAD
    0x20000020   0x08004400   0x00000009   Data   RW          980    .data               stm32f1xx_hal.o
    0x20000029   0x08004409   0x00000001   Data   RW         3585    .data               key.o
    0x2000002a   0x0800440a   0x00000002   PAD
    0x2000002c   0x0800440c   0x00000014   Data   RW         3670    .data               malloc.o
    0x20000040   0x08004420   0x00000040   Data   RW         4438    .data               tasks.o
    0x20000080   0x08004460   0x00000014   Data   RW         4824    .data               timers.o
    0x20000094   0x08004474   0x00000020   Data   RW         4983    .data               heap_4.o
    0x200000b4   0x08004494   0x0000000c   Data   RW         5051    .data               port.o
    0x200000c0        -       0x00000108   Zero   RW          886    .bss                usart.o
    0x200001c8        -       0x00000048   Zero   RW         3620    .bss                btim.o
    0x20000210   0x080044a0   0x00000030   PAD
    0x20000240        -       0x00007f80   Zero   RW         3668    .bss                malloc.o
    0x200081c0        -       0x00000040   Zero   RW         3972    .bss                queue.o
    0x20008200        -       0x000002e4   Zero   RW         4437    .bss                tasks.o
    0x200084e4        -       0x00000028   Zero   RW         4823    .bss                timers.o
    0x2000850c        -       0x00002800   Zero   RW         4982    .bss                heap_4.o
    0x2000ad0c        -       0x00000060   Zero   RW         5275    .bss                c_w.l(libspace.o)
    0x2000ad6c   0x080044a0   0x00000004   PAD
    0x2000ad70        -       0x00000200   Zero   RW            2    HEAP                startup_stm32f103xe.o
    0x2000af70        -       0x00000400   Zero   RW            1    STACK               startup_stm32f103xe.o


==============================================================================

Image component sizes


      Code (inc. data)   RO Data    RW Data    ZI Data      Debug   Object Name

        48         14          0          0         72       2086   btim.o
       196         10          0          2          0      17905   delay.o
         0          0          0          0          0      13692   event_groups.o
       356        130          0         16          0      13764   freertos_demo.o
       848        218          0         32      10240       4839   heap_4.o
       352         26          0          1          0       2022   key.o
         0          0          0          0          0       1472   lcd.o
       144         12          0          0          0       1151   led.o
       148          0          0          0          0       4010   list.o
        50          0          0          0          0       4979   main.o
       132         18         12         20      32640       3907   malloc.o
      1010        354          0         12          0      11040   port.o
      1574        278          0          0         64      14323   queue.o
        64         26        304          0       1536       1024   startup_stm32f103xe.o
       154         32          0          9          0       7379   stm32f1xx_hal.o
       344         22          0          0          0      31021   stm32f1xx_hal_cortex.o
       424         10          0          0          0       1487   stm32f1xx_hal_dma.o
       880         40          0          0          0       4592   stm32f1xx_hal_gpio.o
      1784        110          0          0          0       7040   stm32f1xx_hal_rcc.o
       414          0          0          0          0       4258   stm32f1xx_hal_tim.o
         4          0          0          0          0       1901   stm32f1xx_hal_tim_ex.o
      1162         10          0          0          0       9239   stm32f1xx_hal_uart.o
        20          0          0          0          0       3325   stm32f1xx_it.o
        86          0          0          0          0        839   sys.o
         2          0         24          4          0     482559   system_stm32f1xx.o
      3930       1024          0         64        740      36910   tasks.o
      1082        214          0         20         40      15172   timers.o
       440         56          0          7        264       6382   usart.o

    ----------------------------------------------------------------------
     15672       2604        372        192      45644     708318   Object Totals
         0          0         32          0          0          0   (incl. Generated)
        24          0          0          5         48          0   (incl. Padding)

    ----------------------------------------------------------------------

      Code (inc. data)   RO Data    RW Data    ZI Data      Debug   Library Member Name

         8          0          0          0          0         68   __main.o
       104          0          0          0          0         84   __printf.o
         0          0          0          0          0          0   __rtentry.o
        12          0          0          0          0          0   __rtentry2.o
         6          0          0          0          0          0   __rtentry4.o
        52          8          0          0          0          0   __scatter.o
        26          0          0          0          0          0   __scatter_copy.o
        28          0          0          0          0          0   __scatter_zi.o
        44          0          0          0          0        108   _printf_char.o
        48          6          0          0          0         96   _printf_char_common.o
        36          4          0          0          0         80   _printf_char_file.o
         6          0          0          0          0          0   _printf_d.o
       120         16          0          0          0         92   _printf_dec.o
       178          0          0          0          0         88   _printf_intcommon.o
         0          0          0          0          0          0   _printf_percent.o
         4          0          0          0          0          0   _printf_percent_end.o
         6          0          0          0          0          0   _printf_s.o
        82          0          0          0          0         80   _printf_str.o
        16          0          0          0          0         68   aeabi_memset.o
        18          0          0          0          0         80   exit.o
         8          0          0          0          0         68   ferror.o
         6          0          0          0          0        152   heapauxi.o
         2          0          0          0          0          0   libinit.o
         2          0          0          0          0          0   libinit2.o
         2          0          0          0          0          0   libshutdown.o
         2          0          0          0          0          0   libshutdown2.o
         8          4          0          0         96         68   libspace.o
        24          4          0          0          0         84   noretval__2printf.o
        68          0          0          0          0         68   rt_memclr.o
        78          0          0          0          0         80   rt_memclr_w.o
       138          0          0          0          0         68   rt_memcpy_v6.o
       100          0          0          0          0         80   rt_memcpy_w.o
         2          0          0          0          0          0   rtexit.o
        10          0          0          0          0          0   rtexit2.o
        74          0          0          0          0         80   sys_stackheap_outer.o
         2          0          0          0          0         68   use_no_semi.o
         2          0          0          0          0         68   use_no_semi_2.o

    ----------------------------------------------------------------------
      1332         42          0          0        100       1728   Library Totals
        10          0          0          0          4          0   (incl. Padding)

    ----------------------------------------------------------------------

      Code (inc. data)   RO Data    RW Data    ZI Data      Debug   Library Name

      1322         42          0          0         96       1728   c_w.l

    ----------------------------------------------------------------------
      1332         42          0          0        100       1728   Library Totals

    ----------------------------------------------------------------------

==============================================================================


      Code (inc. data)   RO Data    RW Data    ZI Data      Debug   

     17004       2646        372        192      45744     702242   Grand Totals
     17004       2646        372        192      45744     702242   ELF Image Totals
     17004       2646        372        192          0          0   ROM Totals

==============================================================================

    Total RO  Size (Code + RO Data)                17376 (  16.97kB)
    Total RW  Size (RW Data + ZI Data)             45936 (  44.86kB)
    Total ROM Size (Code + RO Data + RW Data)      17568 (  17.16kB)

==============================================================================

