Component: ARM Compiler 5.06 update 3 (build 300) Tool: armlink [4d35c9]

==============================================================================

Section Cross References

    main.o(i.GPIO_Configuration) refers to stm32f10x_gpio.o(i.GPIO_Init) for GPIO_Init
    main.o(i.GPIO_Configuration) refers to stm32f10x_gpio.o(i.GPIO_SetBits) for GPIO_SetBits
    main.o(i.RCC_Configuration) refers to stm32f10x_rcc.o(i.RCC_DeInit) for RCC_DeInit
    main.o(i.RCC_Configuration) refers to stm32f10x_rcc.o(i.RCC_HSEConfig) for RCC_HSEConfig
    main.o(i.RCC_Configuration) refers to stm32f10x_rcc.o(i.RCC_GetFlagStatus) for RCC_GetFlagStatus
    main.o(i.RCC_Configuration) refers to stm32f10x_flash.o(i.FLASH_PrefetchBufferCmd) for FLASH_PrefetchBufferCmd
    main.o(i.RCC_Configuration) refers to stm32f10x_flash.o(i.FLASH_SetLatency) for FLASH_SetLatency
    main.o(i.RCC_Configuration) refers to stm32f10x_rcc.o(i.RCC_HCLKConfig) for RCC_HCLKConfig
    main.o(i.RCC_Configuration) refers to stm32f10x_rcc.o(i.RCC_PCLK2Config) for RCC_PCLK2Config
    main.o(i.RCC_Configuration) refers to stm32f10x_rcc.o(i.RCC_PCLK1Config) for RCC_PCLK1Config
    main.o(i.RCC_Configuration) refers to stm32f10x_rcc.o(i.RCC_PLLConfig) for RCC_PLLConfig
    main.o(i.RCC_Configuration) refers to stm32f10x_rcc.o(i.RCC_PLLCmd) for RCC_PLLCmd
    main.o(i.RCC_Configuration) refers to stm32f10x_rcc.o(i.RCC_SYSCLKConfig) for RCC_SYSCLKConfig
    main.o(i.RCC_Configuration) refers to stm32f10x_rcc.o(i.RCC_GetSYSCLKSource) for RCC_GetSYSCLKSource
    main.o(i.RCC_Configuration) refers to stm32f10x_rcc.o(i.RCC_APB2PeriphClockCmd) for RCC_APB2PeriphClockCmd
    main.o(i.RCC_Configuration) refers to stm32f10x_rcc.o(i.RCC_APB1PeriphClockCmd) for RCC_APB1PeriphClockCmd
    main.o(i.fputc) refers to stm32f10x_usart.o(i.USART_SendData) for USART_SendData
    main.o(i.fputc) refers to stm32f10x_usart.o(i.USART_GetFlagStatus) for USART_GetFlagStatus
    main.o(i.main) refers to delay_by_systick.o(i.delay_init) for delay_init
    main.o(i.main) refers to main.o(i.RCC_Configuration) for RCC_Configuration
    main.o(i.main) refers to main.o(i.GPIO_Configuration) for GPIO_Configuration
    main.o(i.main) refers to tim_counter.o(i.TIM_Counter) for TIM_Counter
    main.o(i.main) refers to usart1_configuration.o(i.USART1_Configuration) for USART1_Configuration
    main.o(i.main) refers to hc_sr04.o(i.hc_sr04_init) for hc_sr04_init
    main.o(i.main) refers to stm32f10x_gpio.o(i.GPIO_ResetBits) for GPIO_ResetBits
    main.o(i.main) refers to hc_sr04.o(i.Get_hcsr04length) for Get_hcsr04length
    main.o(i.main) refers to fmul.o(.text) for __aeabi_fmul
    main.o(i.main) refers to fdiv.o(.text) for __aeabi_fdiv
    main.o(i.main) refers to f2d.o(.text) for __aeabi_f2d
    main.o(i.main) refers to printfa.o(i.__0printf) for __2printf
    main.o(i.main) refers to delay_by_systick.o(i.delay_ms) for delay_ms
    main.o(i.main) refers to main.o(.data) for Distance
    delay_by_systick.o(i.delay_init) refers to delay_by_systick.o(.data) for fac_us
    delay_by_systick.o(i.delay_ms) refers to delay_by_systick.o(.data) for fac_ms
    delay_by_systick.o(i.delay_us) refers to delay_by_systick.o(.data) for fac_us
    hc_sr04.o(i.Get_hcsr04length) refers to stm32f10x_gpio.o(i.GPIO_SetBits) for GPIO_SetBits
    hc_sr04.o(i.Get_hcsr04length) refers to delay_by_systick.o(i.delay_us) for delay_us
    hc_sr04.o(i.Get_hcsr04length) refers to stm32f10x_gpio.o(i.GPIO_ResetBits) for GPIO_ResetBits
    hc_sr04.o(i.Get_hcsr04length) refers to stm32f10x_tim.o(i.TIM_SetCounter) for TIM_SetCounter
    hc_sr04.o(i.Get_hcsr04length) refers to stm32f10x_tim.o(i.TIM_Cmd) for TIM_Cmd
    hc_sr04.o(i.Get_hcsr04length) refers to stm32f10x_tim.o(i.TIM_GetCounter) for TIM_GetCounter
    hc_sr04.o(i.Get_hcsr04length) refers to ffltui.o(.text) for __aeabi_ui2f
    hc_sr04.o(i.Get_hcsr04length) refers to hc_sr04.o(.data) for time
    hc_sr04.o(i.hc_sr04_init) refers to stm32f10x_rcc.o(i.RCC_APB2PeriphClockCmd) for RCC_APB2PeriphClockCmd
    hc_sr04.o(i.hc_sr04_init) refers to stm32f10x_gpio.o(i.GPIO_Init) for GPIO_Init
    hc_sr04.o(i.hc_sr04_init) refers to stm32f10x_gpio.o(i.GPIO_ResetBits) for GPIO_ResetBits
    usart1_configuration.o(i.USART1_Configuration) refers to stm32f10x_rcc.o(i.RCC_APB2PeriphClockCmd) for RCC_APB2PeriphClockCmd
    usart1_configuration.o(i.USART1_Configuration) refers to stm32f10x_gpio.o(i.GPIO_Init) for GPIO_Init
    usart1_configuration.o(i.USART1_Configuration) refers to stm32f10x_usart.o(i.USART_DeInit) for USART_DeInit
    usart1_configuration.o(i.USART1_Configuration) refers to stm32f10x_usart.o(i.USART_Init) for USART_Init
    usart1_configuration.o(i.USART1_Configuration) refers to stm32f10x_usart.o(i.USART_Cmd) for USART_Cmd
    usart1_configuration.o(i.USART1_Configuration) refers to stm32f10x_usart.o(i.USART_ITConfig) for USART_ITConfig
    usart1_configuration.o(i.USART1_Configuration) refers to stm32f10x_nvic.o(i.NVIC_DeInit) for NVIC_DeInit
[...]
    entry.o(.ARM.Collect$$$$00000000) refers (Special) to entry10a.o(.ARM.Collect$$$$0000000D) for __rt_final_cpp
    entry.o(.ARM.Collect$$$$00000000) refers (Special) to entry11a.o(.ARM.Collect$$$$0000000F) for __rt_final_exit
    entry.o(.ARM.Collect$$$$00000000) refers (Special) to entry7b.o(.ARM.Collect$$$$00000008) for _main_clock
    entry.o(.ARM.Collect$$$$00000000) refers (Special) to entry8b.o(.ARM.Collect$$$$0000000A) for _main_cpp_init
    entry.o(.ARM.Collect$$$$00000000) refers (Special) to entry9a.o(.ARM.Collect$$$$0000000B) for _main_init
    entry.o(.ARM.Collect$$$$00000000) refers (Special) to entry5.o(.ARM.Collect$$$$00000004) for _main_scatterload
    entry.o(.ARM.Collect$$$$00000000) refers (Special) to entry2.o(.ARM.Collect$$$$00000001) for _main_stk
    printfb.o(i.__0fprintf$bare) refers to printfb.o(i._printf_core) for _printf_core
    printfb.o(i.__0fprintf$bare) refers to main.o(i.fputc) for fputc
    printfb.o(i.__0printf$bare) refers to printfb.o(i._printf_core) for _printf_core
    printfb.o(i.__0printf$bare) refers to main.o(i.fputc) for fputc
    printfb.o(i.__0printf$bare) refers to stdout.o(.data) for __stdout
    printfb.o(i.__0snprintf$bare) refers to printfb.o(i._printf_core) for _printf_core
    printfb.o(i.__0snprintf$bare) refers to printfb.o(i._snputc) for _snputc
    printfb.o(i.__0sprintf$bare) refers to printfb.o(i._printf_core) for _printf_core
    printfb.o(i.__0sprintf$bare) refers to printfb.o(i._sputc) for _sputc
    printfb.o(i.__0vfprintf$bare) refers to printfb.o(i._printf_core) for _printf_core
    printfb.o(i.__0vfprintf$bare) refers to main.o(i.fputc) for fputc
    printfb.o(i.__0vprintf$bare) refers to printfb.o(i._printf_core) for _printf_core
    printfb.o(i.__0vprintf$bare) refers to main.o(i.fputc) for fputc
    printfb.o(i.__0vprintf$bare) refers to stdout.o(.data) for __stdout
    printfb.o(i.__0vsnprintf$bare) refers to printfb.o(i._printf_core) for _printf_core
    printfb.o(i.__0vsnprintf$bare) refers to printfb.o(i._snputc) for _snputc
    printfb.o(i.__0vsprintf$bare) refers to printfb.o(i._printf_core) for _printf_core
    printfb.o(i.__0vsprintf$bare) refers to printfb.o(i._sputc) for _sputc
    printf0.o(i.__0fprintf$0) refers to printf0.o(i._printf_core) for _printf_core
    printf0.o(i.__0fprintf$0) refers to main.o(i.fputc) for fputc
    printf0.o(i.__0printf$0) refers to printf0.o(i._printf_core) for _printf_core
    printf0.o(i.__0printf$0) refers to main.o(i.fputc) for fputc
    printf0.o(i.__0printf$0) refers to stdout.o(.data) for __stdout
    printf0.o(i.__0snprintf$0) refers to printf0.o(i._printf_core) for _printf_core
    printf0.o(i.__0snprintf$0) refers to printf0.o(i._snputc) for _snputc
    printf0.o(i.__0sprintf$0) refers to printf0.o(i._printf_core) for _printf_core
    printf0.o(i.__0sprintf$0) refers to printf0.o(i._sputc) for _sputc
    printf0.o(i.__0vfprintf$0) refers to printf0.o(i._printf_core) for _printf_core
    printf0.o(i.__0vfprintf$0) refers to main.o(i.fputc) for fputc
    printf0.o(i.__0vprintf$0) refers to printf0.o(i._printf_core) for _printf_core
    printf0.o(i.__0vprintf$0) refers to main.o(i.fputc) for fputc
    printf0.o(i.__0vprintf$0) refers to stdout.o(.data) for __stdout
    printf0.o(i.__0vsnprintf$0) refers to printf0.o(i._printf_core) for _printf_core
    printf0.o(i.__0vsnprintf$0) refers to printf0.o(i._snputc) for _snputc
    printf0.o(i.__0vsprintf$0) refers to printf0.o(i._printf_core) for _printf_core
    printf0.o(i.__0vsprintf$0) refers to printf0.o(i._sputc) for _sputc
    printf1.o(i.__0fprintf$1) refers to printf1.o(i._printf_core) for _printf_core
    printf1.o(i.__0fprintf$1) refers to main.o(i.fputc) for fputc
    printf1.o(i.__0printf$1) refers to printf1.o(i._printf_core) for _printf_core
    printf1.o(i.__0printf$1) refers to main.o(i.fputc) for fputc
    printf1.o(i.__0printf$1) refers to stdout.o(.data) for __stdout
    printf1.o(i.__0snprintf$1) refers to printf1.o(i._printf_core) for _printf_core
    printf1.o(i.__0snprintf$1) refers to printf1.o(i._snputc) for _snputc
    printf1.o(i.__0sprintf$1) refers to printf1.o(i._printf_core) for _printf_core
    printf1.o(i.__0sprintf$1) refers to printf1.o(i._sputc) for _sputc
    printf1.o(i.__0vfprintf$1) refers to printf1.o(i._printf_core) for _printf_core
    printf1.o(i.__0vfprintf$1) refers to main.o(i.fputc) for fputc
    printf1.o(i.__0vprintf$1) refers to printf1.o(i._printf_core) for _printf_core
    printf1.o(i.__0vprintf$1) refers to main.o(i.fputc) for fputc
    printf1.o(i.__0vprintf$1) refers to stdout.o(.data) for __stdout
    printf1.o(i.__0vsnprintf$1) refers to printf1.o(i._printf_core) for _printf_core
    printf1.o(i.__0vsnprintf$1) refers to printf1.o(i._snputc) for _snputc
    printf1.o(i.__0vsprintf$1) refers to printf1.o(i._printf_core) for _printf_core
    printf1.o(i.__0vsprintf$1) refers to printf1.o(i._sputc) for _sputc
    printf1.o(i._printf_core) refers to uidiv.o(.text) for __aeabi_uidivmod
    printf2.o(i.__0fprintf$2) refers to printf2.o(i._printf_core) for _printf_core
    printf2.o(i.__0fprintf$2) refers to main.o(i.fputc) for fputc
    printf2.o(i.__0printf$2) refers to printf2.o(i._printf_core) for _printf_core
    printf2.o(i.__0printf$2) refers to main.o(i.fputc) for fputc
    printf2.o(i.__0printf$2) refers to stdout.o(.data) for __stdout
    printf2.o(i.__0snprintf$2) refers to printf2.o(i._printf_core) for _printf_core
    printf2.o(i.__0snprintf$2) refers to printf2.o(i._snputc) for _snputc
    printf2.o(i.__0sprintf$2) refers to printf2.o(i._printf_core) for _printf_core
    printf2.o(i.__0sprintf$2) refers to printf2.o(i._sputc) for _sputc
    printf2.o(i.__0vfprintf$2) refers to printf2.o(i._printf_core) for _printf_core
    printf2.o(i.__0vfprintf$2) refers to main.o(i.fputc) for fputc
    printf2.o(i.__0vprintf$2) refers to printf2.o(i._printf_core) for _printf_core
    printf2.o(i.__0vprintf$2) refers to main.o(i.fputc) for fputc
    printf2.o(i.__0vprintf$2) refers to stdout.o(.data) for __stdout
    printf2.o(i.__0vsnprintf$2) refers to printf2.o(i._printf_core) for _printf_core
    printf2.o(i.__0vsnprintf$2) refers to printf2.o(i._snputc) for _snputc
    printf2.o(i.__0vsprintf$2) refers to printf2.o(i._printf_core) for _printf_core
    printf2.o(i.__0vsprintf$2) refers to printf2.o(i._sputc) for _sputc
    printf3.o(i.__0fprintf$3) refers to printf3.o(i._printf_core) for _printf_core
    printf3.o(i.__0fprintf$3) refers to main.o(i.fputc) for fputc
    printf3.o(i.__0printf$3) refers to printf3.o(i._printf_core) for _printf_core
    printf3.o(i.__0printf$3) refers to main.o(i.fputc) for fputc
    printf3.o(i.__0printf$3) refers to stdout.o(.data) for __stdout
    printf3.o(i.__0snprintf$3) refers to printf3.o(i._printf_core) for _printf_core
    printf3.o(i.__0snprintf$3) refers to printf3.o(i._snputc) for _snputc
    printf3.o(i.__0sprintf$3) refers to printf3.o(i._printf_core) for _printf_core
    printf3.o(i.__0sprintf$3) refers to printf3.o(i._sputc) for _sputc
    printf3.o(i.__0vfprintf$3) refers to printf3.o(i._printf_core) for _printf_core
    printf3.o(i.__0vfprintf$3) refers to main.o(i.fputc) for fputc
    printf3.o(i.__0vprintf$3) refers to printf3.o(i._printf_core) for _printf_core
    printf3.o(i.__0vprintf$3) refers to main.o(i.fputc) for fputc
    printf3.o(i.__0vprintf$3) refers to stdout.o(.data) for __stdout
    printf3.o(i.__0vsnprintf$3) refers to printf3.o(i._printf_core) for _printf_core
    printf3.o(i.__0vsnprintf$3) refers to printf3.o(i._snputc) for _snputc
    printf3.o(i.__0vsprintf$3) refers to printf3.o(i._printf_core) for _printf_core
    printf3.o(i.__0vsprintf$3) refers to printf3.o(i._sputc) for _sputc
    printf3.o(i._printf_core) refers to uidiv.o(.text) for __aeabi_uidivmod
    printf4.o(i.__0fprintf$4) refers to printf4.o(i._printf_core) for _printf_core
    printf4.o(i.__0fprintf$4) refers to main.o(i.fputc) for fputc
    printf4.o(i.__0printf$4) refers to printf4.o(i._printf_core) for _printf_core
    printf4.o(i.__0printf$4) refers to main.o(i.fputc) for fputc
    printf4.o(i.__0printf$4) refers to stdout.o(.data) for __stdout
    printf4.o(i.__0snprintf$4) refers to printf4.o(i._printf_core) for _printf_core
    printf4.o(i.__0snprintf$4) refers to printf4.o(i._snputc) for _snputc
    printf4.o(i.__0sprintf$4) refers to printf4.o(i._printf_core) for _printf_core
    printf4.o(i.__0sprintf$4) refers to printf4.o(i._sputc) for _sputc
    printf4.o(i.__0vfprintf$4) refers to printf4.o(i._printf_core) for _printf_core
    printf4.o(i.__0vfprintf$4) refers to main.o(i.fputc) for fputc
    printf4.o(i.__0vprintf$4) refers to printf4.o(i._printf_core) for _printf_core
    printf4.o(i.__0vprintf$4) refers to main.o(i.fputc) for fputc
    printf4.o(i.__0vprintf$4) refers to stdout.o(.data) for __stdout
    printf4.o(i.__0vsnprintf$4) refers to printf4.o(i._printf_core) for _printf_core
    printf4.o(i.__0vsnprintf$4) refers to printf4.o(i._snputc) for _snputc
    printf4.o(i.__0vsprintf$4) refers to printf4.o(i._printf_core) for _printf_core
    printf4.o(i.__0vsprintf$4) refers to printf4.o(i._sputc) for _sputc
    printf4.o(i._printf_core) refers to uldiv.o(.text) for __aeabi_uldivmod
    printf5.o(i.__0fprintf$5) refers to printf5.o(i._printf_core) for _printf_core
    printf5.o(i.__0fprintf$5) refers to main.o(i.fputc) for fputc
    printf5.o(i.__0printf$5) refers to printf5.o(i._printf_core) for _printf_core
    printf5.o(i.__0printf$5) refers to main.o(i.fputc) for fputc
    printf5.o(i.__0printf$5) refers to stdout.o(.data) for __stdout
    printf5.o(i.__0snprintf$5) refers to printf5.o(i._printf_core) for _printf_core
    printf5.o(i.__0snprintf$5) refers to printf5.o(i._snputc) for _snputc
    printf5.o(i.__0sprintf$5) refers to printf5.o(i._printf_core) for _printf_core
    printf5.o(i.__0sprintf$5) refers to printf5.o(i._sputc) for _sputc
    printf5.o(i.__0vfprintf$5) refers to printf5.o(i._printf_core) for _printf_core
    printf5.o(i.__0vfprintf$5) refers to main.o(i.fputc) for fputc
    printf5.o(i.__0vprintf$5) refers to printf5.o(i._printf_core) for _printf_core
    printf5.o(i.__0vprintf$5) refers to main.o(i.fputc) for fputc
    printf5.o(i.__0vprintf$5) refers to stdout.o(.data) for __stdout
    printf5.o(i.__0vsnprintf$5) refers to printf5.o(i._printf_core) for _printf_core
    printf5.o(i.__0vsnprintf$5) refers to printf5.o(i._snputc) for _snputc
    printf5.o(i.__0vsprintf$5) refers to printf5.o(i._printf_core) for _printf_core
    printf5.o(i.__0vsprintf$5) refers to printf5.o(i._sputc) for _sputc
    printf5.o(i._printf_core) refers to uldiv.o(.text) for __aeabi_uldivmod
    printf6.o(i.__0fprintf$6) refers to printf6.o(i._printf_core) for _printf_core
    printf6.o(i.__0fprintf$6) refers to main.o(i.fputc) for fputc
    printf6.o(i.__0printf$6) refers to printf6.o(i._printf_core) for _printf_core
    printf6.o(i.__0printf$6) refers to main.o(i.fputc) for fputc
    printf6.o(i.__0printf$6) refers to stdout.o(.data) for __stdout
    printf6.o(i.__0snprintf$6) refers to printf6.o(i._printf_core) for _printf_core
    printf6.o(i.__0snprintf$6) refers to printf6.o(i._snputc) for _snputc
    printf6.o(i.__0sprintf$6) refers to printf6.o(i._printf_core) for _printf_core
    printf6.o(i.__0sprintf$6) refers to printf6.o(i._sputc) for _sputc
    printf6.o(i.__0vfprintf$6) refers to printf6.o(i._printf_core) for _printf_core
    printf6.o(i.__0vfprintf$6) refers to main.o(i.fputc) for fputc
    printf6.o(i.__0vprintf$6) refers to printf6.o(i._printf_core) for _printf_core
    printf6.o(i.__0vprintf$6) refers to main.o(i.fputc) for fputc
    printf6.o(i.__0vprintf$6) refers to stdout.o(.data) for __stdout
    printf6.o(i.__0vsnprintf$6) refers to printf6.o(i._printf_core) for _printf_core
    printf6.o(i.__0vsnprintf$6) refers to printf6.o(i._snputc) for _snputc
    printf6.o(i.__0vsprintf$6) refers to printf6.o(i._printf_core) for _printf_core
    printf6.o(i.__0vsprintf$6) refers to printf6.o(i._sputc) for _sputc
    printf6.o(i._printf_core) refers to printf6.o(i._printf_pre_padding) for _printf_pre_padding
    printf6.o(i._printf_core) refers to uidiv.o(.text) for __aeabi_uidivmod
    printf6.o(i._printf_core) refers to printf6.o(i._printf_post_padding) for _printf_post_padding
    printf7.o(i.__0fprintf$7) refers to printf7.o(i._printf_core) for _printf_core
    printf7.o(i.__0fprintf$7) refers to main.o(i.fputc) for fputc
    printf7.o(i.__0printf$7) refers to printf7.o(i._printf_core) for _printf_core
    printf7.o(i.__0printf$7) refers to main.o(i.fputc) for fputc
    printf7.o(i.__0printf$7) refers to stdout.o(.data) for __stdout
    printf7.o(i.__0snprintf$7) refers to printf7.o(i._printf_core) for _printf_core
    printf7.o(i.__0snprintf$7) refers to printf7.o(i._snputc) for _snputc
    printf7.o(i.__0sprintf$7) refers to printf7.o(i._printf_core) for _printf_core
    printf7.o(i.__0sprintf$7) refers to printf7.o(i._sputc) for _sputc
    printf7.o(i.__0vfprintf$7) refers to printf7.o(i._printf_core) for _printf_core
    printf7.o(i.__0vfprintf$7) refers to main.o(i.fputc) for fputc
    printf7.o(i.__0vprintf$7) refers to printf7.o(i._printf_core) for _printf_core
    printf7.o(i.__0vprintf$7) refers to main.o(i.fputc) for fputc
    printf7.o(i.__0vprintf$7) refers to stdout.o(.data) for __stdout
    printf7.o(i.__0vsnprintf$7) refers to printf7.o(i._printf_core) for _printf_core
    printf7.o(i.__0vsnprintf$7) refers to printf7.o(i._snputc) for _snputc
    printf7.o(i.__0vsprintf$7) refers to printf7.o(i._printf_core) for _printf_core
    printf7.o(i.__0vsprintf$7) refers to printf7.o(i._sputc) for _sputc
    printf7.o(i._printf_core) refers to printf7.o(i._printf_pre_padding) for _printf_pre_padding
    printf7.o(i._printf_core) refers to uldiv.o(.text) for __aeabi_uldivmod
    printf7.o(i._printf_core) refers to printf7.o(i._printf_post_padding) for _printf_post_padding
    printf8.o(i.__0fprintf$8) refers to printf8.o(i._printf_core) for _printf_core
    printf8.o(i.__0fprintf$8) refers to main.o(i.fputc) for fputc
    printf8.o(i.__0printf$8) refers to printf8.o(i._printf_core) for _printf_core
    printf8.o(i.__0printf$8) refers to main.o(i.fputc) for fputc
    printf8.o(i.__0printf$8) refers to stdout.o(.data) for __stdout
    printf8.o(i.__0snprintf$8) refers to printf8.o(i._printf_core) for _printf_core
    printf8.o(i.__0snprintf$8) refers to printf8.o(i._snputc) for _snputc
    printf8.o(i.__0sprintf$8) refers to printf8.o(i._printf_core) for _printf_core
    printf8.o(i.__0sprintf$8) refers to printf8.o(i._sputc) for _sputc
    printf8.o(i.__0vfprintf$8) refers to printf8.o(i._printf_core) for _printf_core
    printf8.o(i.__0vfprintf$8) refers to main.o(i.fputc) for fputc
    printf8.o(i.__0vprintf$8) refers to printf8.o(i._printf_core) for _printf_core
    printf8.o(i.__0vprintf$8) refers to main.o(i.fputc) for fputc
    printf8.o(i.__0vprintf$8) refers to stdout.o(.data) for __stdout
    printf8.o(i.__0vsnprintf$8) refers to printf8.o(i._printf_core) for _printf_core
    printf8.o(i.__0vsnprintf$8) refers to printf8.o(i._snputc) for _snputc
    printf8.o(i.__0vsprintf$8) refers to printf8.o(i._printf_core) for _printf_core
    printf8.o(i.__0vsprintf$8) refers to printf8.o(i._sputc) for _sputc
    printf8.o(i._printf_core) refers to printf8.o(i._printf_pre_padding) for _printf_pre_padding
    printf8.o(i._printf_core) refers to uldiv.o(.text) for __aeabi_uldivmod
    printf8.o(i._printf_core) refers to printf8.o(i._printf_post_padding) for _printf_post_padding
    printfa.o(i.__0fprintf) refers (Special) to iusefp.o(.text) for __I$use$fp
    printfa.o(i.__0fprintf) refers to printfa.o(i._printf_core) for _printf_core
    printfa.o(i.__0fprintf) refers to main.o(i.fputc) for fputc
    printfa.o(i.__0printf) refers (Special) to iusefp.o(.text) for __I$use$fp
    printfa.o(i.__0printf) refers to printfa.o(i._printf_core) for _printf_core
    printfa.o(i.__0printf) refers to main.o(i.fputc) for fputc
    printfa.o(i.__0printf) refers to stdout.o(.data) for __stdout
    printfa.o(i.__0snprintf) refers (Special) to iusefp.o(.text) for __I$use$fp
    printfa.o(i.__0snprintf) refers to printfa.o(i._printf_core) for _printf_core
    printfa.o(i.__0snprintf) refers to printfa.o(i._snputc) for _snputc
    printfa.o(i.__0sprintf) refers (Special) to iusefp.o(.text) for __I$use$fp
    printfa.o(i.__0sprintf) refers to printfa.o(i._printf_core) for _printf_core
    printfa.o(i.__0sprintf) refers to printfa.o(i._sputc) for _sputc
    printfa.o(i.__0vfprintf) refers (Special) to iusefp.o(.text) for __I$use$fp
    printfa.o(i.__0vfprintf) refers to printfa.o(i._printf_core) for _printf_core
    printfa.o(i.__0vfprintf) refers to main.o(i.fputc) for fputc
    printfa.o(i.__0vprintf) refers (Special) to iusefp.o(.text) for __I$use$fp
    printfa.o(i.__0vprintf) refers to printfa.o(i._printf_core) for _printf_core
    printfa.o(i.__0vprintf) refers to main.o(i.fputc) for fputc
    printfa.o(i.__0vprintf) refers to stdout.o(.data) for __stdout
    printfa.o(i.__0vsnprintf) refers (Special) to iusefp.o(.text) for __I$use$fp
    printfa.o(i.__0vsnprintf) refers to printfa.o(i._printf_core) for _printf_core
    printfa.o(i.__0vsnprintf) refers to printfa.o(i._snputc) for _snputc
    printfa.o(i.__0vsprintf) refers (Special) to iusefp.o(.text) for __I$use$fp
    printfa.o(i.__0vsprintf) refers to printfa.o(i._printf_core) for _printf_core
    printfa.o(i.__0vsprintf) refers to printfa.o(i._sputc) for _sputc
    printfa.o(i._fp_digits) refers (Special) to iusefp.o(.text) for __I$use$fp
    printfa.o(i._fp_digits) refers to dmul.o(.text) for __aeabi_dmul
    printfa.o(i._fp_digits) refers to ddiv.o(.text) for __aeabi_ddiv
    printfa.o(i._fp_digits) refers to cdrcmple.o(.text) for __aeabi_cdrcmple
    printfa.o(i._fp_digits) refers to dadd.o(.text) for __aeabi_dadd
    printfa.o(i._fp_digits) refers to dfixul.o(.text) for __aeabi_d2ulz
    printfa.o(i._fp_digits) refers to uldiv.o(.text) for __aeabi_uldivmod
    printfa.o(i._printf_core) refers (Special) to iusefp.o(.text) for __I$use$fp
    printfa.o(i._printf_core) refers to printfa.o(i._printf_pre_padding) for _printf_pre_padding
    printfa.o(i._printf_core) refers to uldiv.o(.text) for __aeabi_uldivmod
    printfa.o(i._printf_core) refers to printfa.o(i._printf_post_padding) for _printf_post_padding
    printfa.o(i._printf_core) refers to printfa.o(i._fp_digits) for _fp_digits
    printfa.o(i._printf_core) refers to uidiv.o(.text) for __aeabi_uidivmod
    printfa.o(i._printf_post_padding) refers (Special) to iusefp.o(.text) for __I$use$fp
    printfa.o(i._printf_pre_padding) refers (Special) to iusefp.o(.text) for __I$use$fp
    printfa.o(i._snputc) refers (Special) to iusefp.o(.text) for __I$use$fp
    printfa.o(i._sputc) refers (Special) to iusefp.o(.text) for __I$use$fp
    fmul.o(.text) refers (Special) to iusefp.o(.text) for __I$use$fp
    fdiv.o(.text) refers (Special) to iusefp.o(.text) for __I$use$fp
    fdiv.o(.text) refers to fepilogue.o(.text) for _float_round
    ffltui.o(.text) refers (Special) to iusefp.o(.text) for __I$use$fp
    ffltui.o(.text) refers to fepilogue.o(.text) for _float_epilogue
    f2d.o(.text) refers (Special) to iusefp.o(.text) for __I$use$fp
    entry2.o(.ARM.Collect$$$$00000001) refers to entry2.o(.ARM.Collect$$$$00002712) for __lit__00000000
    entry2.o(.ARM.Collect$$$$00002712) refers to stm32f10x.o(STACK) for __initial_sp
    entry2.o(__vectab_stack_and_reset_area) refers to stm32f10x.o(STACK) for __initial_sp
    entry2.o(__vectab_stack_and_reset_area) refers to entry.o(.ARM.Collect$$$$00000000) for __main
    entry5.o(.ARM.Collect$$$$00000004) refers to init.o(.text) for __scatterload
    entry9a.o(.ARM.Collect$$$$0000000B) refers to main.o(i.main) for main
    entry9b.o(.ARM.Collect$$$$0000000C) refers to main.o(i.main) for main
    uldiv.o(.text) refers to llushr.o(.text) for __aeabi_llsr
    uldiv.o(.text) refers to llshl.o(.text) for __aeabi_llsl
    dadd.o(.text) refers to llshl.o(.text) for __aeabi_llsl
    dadd.o(.text) refers to llsshr.o(.text) for __aeabi_lasr
    dadd.o(.text) refers to depilogue.o(.text) for _double_epilogue
    dmul.o(.text) refers to depilogue.o(.text) for _double_epilogue
    ddiv.o(.text) refers to depilogue.o(.text) for _double_round
    dfixul.o(.text) refers to llushr.o(.text) for __aeabi_llsr
    dfixul.o(.text) refers to llshl.o(.text) for __aeabi_llsl
    init.o(.text) refers to entry5.o(.ARM.Collect$$$$00000004) for __main_after_scatterload
    depilogue.o(.text) refers to llshl.o(.text) for __aeabi_llsl
    depilogue.o(.text) refers to llushr.o(.text) for __aeabi_llsr


==============================================================================

Removing Unused input sections from the image.

    Removing cortexm3_macro.o(.text), (122 bytes).
    Removing stm32f10x.o(HEAP), (0 bytes).
    Removing stm32f10x_flash.o(i.FLASH_ClearFlag), (12 bytes).
    Removing stm32f10x_flash.o(i.FLASH_EnableWriteProtection), (196 bytes).
    Removing stm32f10x_flash.o(i.FLASH_EraseAllPages), (76 bytes).
    Removing stm32f10x_flash.o(i.FLASH_EraseOptionBytes), (160 bytes).
    Removing stm32f10x_flash.o(i.FLASH_ErasePage), (80 bytes).
    Removing stm32f10x_flash.o(i.FLASH_GetFlagStatus), (48 bytes).
    Removing stm32f10x_flash.o(i.FLASH_GetPrefetchBufferStatus), (24 bytes).
    Removing stm32f10x_flash.o(i.FLASH_GetReadOutProtectionStatus), (24 bytes).
    Removing stm32f10x_flash.o(i.FLASH_GetStatus), (52 bytes).
    Removing stm32f10x_flash.o(i.FLASH_GetUserOptionByte), (12 bytes).
    Removing stm32f10x_flash.o(i.FLASH_GetWriteProtectionOptionByte), (12 bytes).
    Removing stm32f10x_flash.o(i.FLASH_HalfCycleAccessCmd), (28 bytes).
    Removing stm32f10x_flash.o(i.FLASH_ITConfig), (32 bytes).
    Removing stm32f10x_flash.o(i.FLASH_Lock), (20 bytes).
    Removing stm32f10x_flash.o(i.FLASH_ProgramHalfWord), (68 bytes).
    Removing stm32f10x_flash.o(i.FLASH_ProgramOptionByteData), (84 bytes).
    Removing stm32f10x_flash.o(i.FLASH_ProgramWord), (104 bytes).
    Removing stm32f10x_flash.o(i.FLASH_ReadOutProtection), (172 bytes).
    Removing stm32f10x_flash.o(i.FLASH_Unlock), (24 bytes).
    Removing stm32f10x_flash.o(i.FLASH_UserOptionByteConfig), (108 bytes).
    Removing stm32f10x_flash.o(i.FLASH_WaitForLastOperation), (42 bytes).
    Removing stm32f10x_flash.o(i.delay), (26 bytes).
    Removing stm32f10x_gpio.o(i.GPIO_AFIODeInit), (20 bytes).
    Removing stm32f10x_gpio.o(i.GPIO_DeInit), (196 bytes).
    Removing stm32f10x_gpio.o(i.GPIO_EXTILineConfig), (64 bytes).
    Removing stm32f10x_gpio.o(i.GPIO_EventOutputCmd), (12 bytes).
    Removing stm32f10x_gpio.o(i.GPIO_EventOutputConfig), (32 bytes).
    Removing stm32f10x_gpio.o(i.GPIO_PinLockConfig), (18 bytes).
    Removing stm32f10x_gpio.o(i.GPIO_PinRemapConfig), (112 bytes).
    Removing stm32f10x_gpio.o(i.GPIO_ReadInputData), (8 bytes).
    Removing stm32f10x_gpio.o(i.GPIO_ReadInputDataBit), (18 bytes).
    Removing stm32f10x_gpio.o(i.GPIO_ReadOutputData), (8 bytes).
    Removing stm32f10x_gpio.o(i.GPIO_ReadOutputDataBit), (18 bytes).
    Removing stm32f10x_gpio.o(i.GPIO_StructInit), (16 bytes).
    Removing stm32f10x_gpio.o(i.GPIO_Write), (4 bytes).
    Removing stm32f10x_gpio.o(i.GPIO_WriteBit), (10 bytes).
    Removing stm32f10x_it.o(i.ADC1_2_IRQHandler), (2 bytes).
    Removing stm32f10x_it.o(i.ADC3_IRQHandler), (2 bytes).
    Removing stm32f10x_it.o(i.BusFaultException), (4 bytes).
    Removing stm32f10x_it.o(i.DMA1_Channel1_IRQHandler), (2 bytes).
    Removing stm32f10x_it.o(i.DMA1_Channel2_IRQHandler), (2 bytes).
    Removing stm32f10x_it.o(i.DMA1_Channel3_IRQHandler), (2 bytes).
    Removing stm32f10x_it.o(i.DMA1_Channel4_IRQHandler), (2 bytes).
    Removing stm32f10x_it.o(i.DMA1_Channel5_IRQHandler), (2 bytes).
    Removing stm32f10x_it.o(i.DMA1_Channel6_IRQHandler), (2 bytes).
    Removing stm32f10x_it.o(i.DMA1_Channel7_IRQHandler), (2 bytes).
    Removing stm32f10x_it.o(i.DMA2_Channel1_IRQHandler), (2 bytes).
    Removing stm32f10x_it.o(i.DMA2_Channel2_IRQHandler), (2 bytes).
    Removing stm32f10x_it.o(i.DMA2_Channel3_IRQHandler), (2 bytes).
    Removing stm32f10x_it.o(i.DMA2_Channel4_5_IRQHandler), (2 bytes).
    Removing stm32f10x_it.o(i.DebugMonitor), (2 bytes).
    Removing stm32f10x_it.o(i.FSMC_IRQHandler), (2 bytes).
    Removing stm32f10x_it.o(i.HardFaultException), (4 bytes).
    Removing stm32f10x_it.o(i.MemManageException), (4 bytes).
    Removing stm32f10x_it.o(i.NMIException), (2 bytes).
    Removing stm32f10x_it.o(i.PendSVC), (2 bytes).
    Removing stm32f10x_it.o(i.SDIO_IRQHandler), (2 bytes).
    Removing stm32f10x_it.o(i.SPI3_IRQHandler), (2 bytes).
    Removing stm32f10x_it.o(i.SVCHandler), (2 bytes).
    Removing stm32f10x_it.o(i.SysTickHandler), (2 bytes).
    Removing stm32f10x_it.o(i.TIM5_IRQHandler), (2 bytes).
    Removing stm32f10x_it.o(i.TIM6_IRQHandler), (2 bytes).
    Removing stm32f10x_it.o(i.TIM7_IRQHandler), (2 bytes).
    Removing stm32f10x_it.o(i.TIM8_BRK_IRQHandler), (2 bytes).
    Removing stm32f10x_it.o(i.TIM8_CC_IRQHandler), (2 bytes).
    Removing stm32f10x_it.o(i.TIM8_TRG_COM_IRQHandler), (2 bytes).
    Removing stm32f10x_it.o(i.TIM8_UP_IRQHandler), (2 bytes).
    Removing stm32f10x_it.o(i.UART4_IRQHandler), (2 bytes).
    Removing stm32f10x_it.o(i.UART5_IRQHandler), (2 bytes).
    Removing stm32f10x_it.o(i.UsageFaultException), (4 bytes).
    Removing stm32f10x_nvic.o(i.NVIC_BASEPRICONFIG), (12 bytes).
    Removing stm32f10x_nvic.o(i.NVIC_ClearIRQChannelPendingBit), (24 bytes).
    Removing stm32f10x_nvic.o(i.NVIC_ClearSystemHandlerPendingBit), (32 bytes).
    Removing stm32f10x_nvic.o(i.NVIC_GenerateCoreReset), (16 bytes).
    Removing stm32f10x_nvic.o(i.NVIC_GenerateSystemReset), (16 bytes).
    Removing stm32f10x_nvic.o(i.NVIC_GetBASEPRI), (8 bytes).
    Removing stm32f10x_nvic.o(i.NVIC_GetCPUID), (12 bytes).
    Removing stm32f10x_nvic.o(i.NVIC_GetCurrentActiveHandler), (16 bytes).
    Removing stm32f10x_nvic.o(i.NVIC_GetCurrentPendingIRQChannel), (16 bytes).
    Removing stm32f10x_nvic.o(i.NVIC_GetFaultAddress), (32 bytes).
    Removing stm32f10x_nvic.o(i.NVIC_GetFaultHandlerSources), (68 bytes).
    Removing stm32f10x_nvic.o(i.NVIC_GetIRQChannelActiveBitStatus), (44 bytes).
    Removing stm32f10x_nvic.o(i.NVIC_GetIRQChannelPendingBitStatus), (44 bytes).
    Removing stm32f10x_nvic.o(i.NVIC_GetSystemHandlerActiveBitStatus), (44 bytes).
    Removing stm32f10x_nvic.o(i.NVIC_GetSystemHandlerPendingBitStatus), (48 bytes).
    Removing stm32f10x_nvic.o(i.NVIC_RESETFAULTMASK), (8 bytes).
    Removing stm32f10x_nvic.o(i.NVIC_RESETPRIMASK), (8 bytes).
    Removing stm32f10x_nvic.o(i.NVIC_SCBDeInit), (84 bytes).
    Removing stm32f10x_nvic.o(i.NVIC_SETFAULTMASK), (8 bytes).
    Removing stm32f10x_nvic.o(i.NVIC_SETPRIMASK), (8 bytes).
    Removing stm32f10x_nvic.o(i.NVIC_SetIRQChannelPendingBit), (12 bytes).
    Removing stm32f10x_nvic.o(i.NVIC_SetSystemHandlerPendingBit), (28 bytes).
    Removing stm32f10x_nvic.o(i.NVIC_SetVectorTable), (20 bytes).
    Removing stm32f10x_nvic.o(i.NVIC_StructInit), (12 bytes).
    Removing stm32f10x_nvic.o(i.NVIC_SystemHandlerConfig), (44 bytes).
    Removing stm32f10x_nvic.o(i.NVIC_SystemHandlerPriorityConfig), (112 bytes).
    Removing stm32f10x_nvic.o(i.NVIC_SystemLPConfig), (32 bytes).
    Removing stm32f10x_rcc.o(i.RCC_ADCCLKConfig), (24 bytes).
    Removing stm32f10x_rcc.o(i.RCC_AHBPeriphClockCmd), (32 bytes).
    Removing stm32f10x_rcc.o(i.RCC_AdjustHSICalibrationValue), (24 bytes).
    Removing stm32f10x_rcc.o(i.RCC_BackupResetCmd), (12 bytes).
    Removing stm32f10x_rcc.o(i.RCC_ClearFlag), (20 bytes).
    Removing stm32f10x_rcc.o(i.RCC_ClearITPendingBit), (12 bytes).
    Removing stm32f10x_rcc.o(i.RCC_ClockSecuritySystemCmd), (12 bytes).
    Removing stm32f10x_rcc.o(i.RCC_GetITStatus), (24 bytes).
    Removing stm32f10x_rcc.o(i.RCC_HSICmd), (12 bytes).
    Removing stm32f10x_rcc.o(i.RCC_ITConfig), (32 bytes).
    Removing stm32f10x_rcc.o(i.RCC_LSEConfig), (52 bytes).
    Removing stm32f10x_rcc.o(i.RCC_LSICmd), (12 bytes).
    Removing stm32f10x_rcc.o(i.RCC_MCOConfig), (12 bytes).
    Removing stm32f10x_rcc.o(i.RCC_RTCCLKCmd), (12 bytes).
    Removing stm32f10x_rcc.o(i.RCC_RTCCLKConfig), (16 bytes).
    Removing stm32f10x_rcc.o(i.RCC_USBCLKConfig), (12 bytes).
    Removing stm32f10x_rcc.o(i.RCC_WaitForHSEStartUp), (72 bytes).
    Removing stm32f10x_rcc.o(.data), (8 bytes).
    Removing stm32f10x_systick.o(i.SysTick_CLKSourceConfig), (40 bytes).
    Removing stm32f10x_systick.o(i.SysTick_CounterCmd), (54 bytes).
    Removing stm32f10x_systick.o(i.SysTick_GetCounter), (8 bytes).
    Removing stm32f10x_systick.o(i.SysTick_GetFlagStatus), (46 bytes).
    Removing stm32f10x_systick.o(i.SysTick_ITConfig), (38 bytes).
    Removing stm32f10x_systick.o(i.SysTick_SetReload), (8 bytes).
    Removing stm32f10x_tim.o(i.TI1_Config), (56 bytes).
    Removing stm32f10x_tim.o(i.TI2_Config), (80 bytes).
    Removing stm32f10x_tim.o(i.TI3_Config), (72 bytes).
    Removing stm32f10x_tim.o(i.TI4_Config), (82 bytes).
    Removing stm32f10x_tim.o(i.TIM_ARRPreloadConfig), (24 bytes).
    Removing stm32f10x_tim.o(i.TIM_BDTRConfig), (32 bytes).
    Removing stm32f10x_tim.o(i.TIM_BDTRStructInit), (18 bytes).
    Removing stm32f10x_tim.o(i.TIM_CCPreloadControl), (24 bytes).
    Removing stm32f10x_tim.o(i.TIM_CCxCmd), (26 bytes).
    Removing stm32f10x_tim.o(i.TIM_CCxNCmd), (26 bytes).
    Removing stm32f10x_tim.o(i.TIM_ClearFlag), (6 bytes).
    Removing stm32f10x_tim.o(i.TIM_ClearITPendingBit), (6 bytes).
    Removing stm32f10x_tim.o(i.TIM_ClearOC1Ref), (18 bytes).
    Removing stm32f10x_tim.o(i.TIM_ClearOC2Ref), (24 bytes).
    Removing stm32f10x_tim.o(i.TIM_ClearOC3Ref), (18 bytes).
    Removing stm32f10x_tim.o(i.TIM_ClearOC4Ref), (24 bytes).
    Removing stm32f10x_tim.o(i.TIM_CounterModeConfig), (18 bytes).
    Removing stm32f10x_tim.o(i.TIM_CtrlPWMOutputs), (30 bytes).
    Removing stm32f10x_tim.o(i.TIM_DMACmd), (18 bytes).
    Removing stm32f10x_tim.o(i.TIM_DMAConfig), (10 bytes).
    Removing stm32f10x_tim.o(i.TIM_DeInit), (224 bytes).
    Removing stm32f10x_tim.o(i.TIM_ETRClockMode1Config), (54 bytes).
    Removing stm32f10x_tim.o(i.TIM_ETRClockMode2Config), (32 bytes).
    Removing stm32f10x_tim.o(i.TIM_ETRConfig), (30 bytes).
    Removing stm32f10x_tim.o(i.TIM_EncoderInterfaceConfig), (66 bytes).
    Removing stm32f10x_tim.o(i.TIM_ForcedOC1Config), (18 bytes).
    Removing stm32f10x_tim.o(i.TIM_ForcedOC2Config), (26 bytes).
    Removing stm32f10x_tim.o(i.TIM_ForcedOC3Config), (18 bytes).
    Removing stm32f10x_tim.o(i.TIM_ForcedOC4Config), (26 bytes).
    Removing stm32f10x_tim.o(i.TIM_GenerateEvent), (4 bytes).
    Removing stm32f10x_tim.o(i.TIM_GetCapture1), (6 bytes).
    Removing stm32f10x_tim.o(i.TIM_GetCapture2), (6 bytes).
    Removing stm32f10x_tim.o(i.TIM_GetCapture3), (6 bytes).
    Removing stm32f10x_tim.o(i.TIM_GetCapture4), (8 bytes).
    Removing stm32f10x_tim.o(i.TIM_GetFlagStatus), (18 bytes).
    Removing stm32f10x_tim.o(i.TIM_GetITStatus), (34 bytes).
    Removing stm32f10x_tim.o(i.TIM_GetPrescaler), (6 bytes).
    Removing stm32f10x_tim.o(i.TIM_ICInit), (110 bytes).
    Removing stm32f10x_tim.o(i.TIM_ICStructInit), (18 bytes).
    Removing stm32f10x_tim.o(i.TIM_ITConfig), (18 bytes).
    Removing stm32f10x_tim.o(i.TIM_ITRxExternalClockConfig), (24 bytes).
    Removing stm32f10x_tim.o(i.TIM_InternalClockConfig), (12 bytes).
    Removing stm32f10x_tim.o(i.TIM_OC1FastConfig), (18 bytes).
    Removing stm32f10x_tim.o(i.TIM_OC1Init), (120 bytes).
    Removing stm32f10x_tim.o(i.TIM_OC1NPolarityConfig), (18 bytes).
    Removing stm32f10x_tim.o(i.TIM_OC1PolarityConfig), (18 bytes).
    Removing stm32f10x_tim.o(i.TIM_OC1PreloadConfig), (18 bytes).
    Removing stm32f10x_tim.o(i.TIM_OC2FastConfig), (26 bytes).
    Removing stm32f10x_tim.o(i.TIM_OC2Init), (156 bytes).
    Removing stm32f10x_tim.o(i.TIM_OC2NPolarityConfig), (26 bytes).
    Removing stm32f10x_tim.o(i.TIM_OC2PolarityConfig), (26 bytes).
    Removing stm32f10x_tim.o(i.TIM_OC2PreloadConfig), (26 bytes).
    Removing stm32f10x_tim.o(i.TIM_OC3FastConfig), (18 bytes).
    Removing stm32f10x_tim.o(i.TIM_OC3Init), (152 bytes).
    Removing stm32f10x_tim.o(i.TIM_OC3NPolarityConfig), (26 bytes).
    Removing stm32f10x_tim.o(i.TIM_OC3PolarityConfig), (26 bytes).
    Removing stm32f10x_tim.o(i.TIM_OC3PreloadConfig), (18 bytes).
    Removing stm32f10x_tim.o(i.TIM_OC4FastConfig), (26 bytes).
    Removing stm32f10x_tim.o(i.TIM_OC4Init), (116 bytes).
    Removing stm32f10x_tim.o(i.TIM_OC4PolarityConfig), (26 bytes).
    Removing stm32f10x_tim.o(i.TIM_OC4PreloadConfig), (26 bytes).
    Removing stm32f10x_tim.o(i.TIM_OCStructInit), (20 bytes).
    Removing stm32f10x_tim.o(i.TIM_PWMIConfig), (124 bytes).
    Removing stm32f10x_tim.o(i.TIM_PrescalerConfig), (6 bytes).
    Removing stm32f10x_tim.o(i.TIM_SelectCCDMA), (24 bytes).
    Removing stm32f10x_tim.o(i.TIM_SelectCOM), (24 bytes).
    Removing stm32f10x_tim.o(i.TIM_SelectHallSensor), (24 bytes).
    Removing stm32f10x_tim.o(i.TIM_SelectInputTrigger), (18 bytes).
    Removing stm32f10x_tim.o(i.TIM_SelectMasterSlaveMode), (18 bytes).
    Removing stm32f10x_tim.o(i.TIM_SelectOCxM), (108 bytes).
    Removing stm32f10x_tim.o(i.TIM_SelectOnePulseMode), (18 bytes).
    Removing stm32f10x_tim.o(i.TIM_SelectOutputTrigger), (18 bytes).
    Removing stm32f10x_tim.o(i.TIM_SelectSlaveMode), (18 bytes).
    Removing stm32f10x_tim.o(i.TIM_SetAutoreload), (4 bytes).
    Removing stm32f10x_tim.o(i.TIM_SetClockDivision), (14 bytes).
    Removing stm32f10x_tim.o(i.TIM_SetCompare1), (4 bytes).
    Removing stm32f10x_tim.o(i.TIM_SetCompare2), (4 bytes).
    Removing stm32f10x_tim.o(i.TIM_SetCompare3), (4 bytes).
    Removing stm32f10x_tim.o(i.TIM_SetCompare4), (6 bytes).
    Removing stm32f10x_tim.o(i.TIM_SetIC1Prescaler), (18 bytes).
    Removing stm32f10x_tim.o(i.TIM_SetIC2Prescaler), (26 bytes).
    Removing stm32f10x_tim.o(i.TIM_SetIC3Prescaler), (18 bytes).
    Removing stm32f10x_tim.o(i.TIM_SetIC4Prescaler), (26 bytes).
    Removing stm32f10x_tim.o(i.TIM_TIxExternalClockConfig), (62 bytes).
    Removing stm32f10x_tim.o(i.TIM_TimeBaseStructInit), (18 bytes).
    Removing stm32f10x_tim.o(i.TIM_UpdateDisableConfig), (24 bytes).
    Removing stm32f10x_tim.o(i.TIM_UpdateRequestConfig), (24 bytes).
    Removing stm32f10x_usart.o(i.USART_ClearITPendingBit), (20 bytes).
    Removing stm32f10x_usart.o(i.USART_ClockInit), (34 bytes).
    Removing stm32f10x_usart.o(i.USART_ClockStructInit), (12 bytes).
    Removing stm32f10x_usart.o(i.USART_DMACmd), (18 bytes).
    Removing stm32f10x_usart.o(i.USART_HalfDuplexCmd), (24 bytes).
    Removing stm32f10x_usart.o(i.USART_IrDACmd), (24 bytes).
    Removing stm32f10x_usart.o(i.USART_IrDAConfig), (18 bytes).
    Removing stm32f10x_usart.o(i.USART_LINBreakDetectLengthConfig), (18 bytes).
    Removing stm32f10x_usart.o(i.USART_LINCmd), (24 bytes).
    Removing stm32f10x_usart.o(i.USART_ReceiverWakeUpCmd), (24 bytes).
    Removing stm32f10x_usart.o(i.USART_SendBreak), (10 bytes).
    Removing stm32f10x_usart.o(i.USART_SetAddress), (18 bytes).
    Removing stm32f10x_usart.o(i.USART_SetGuardTime), (16 bytes).
    Removing stm32f10x_usart.o(i.USART_SetPrescaler), (16 bytes).
    Removing stm32f10x_usart.o(i.USART_SmartCardCmd), (24 bytes).
    Removing stm32f10x_usart.o(i.USART_SmartCardNACKCmd), (24 bytes).
    Removing stm32f10x_usart.o(i.USART_StructInit), (24 bytes).
    Removing stm32f10x_usart.o(i.USART_WakeUpConfig), (18 bytes).

228 unused section(s) (total 6840 bytes) removed from the image.

==============================================================================

Image Symbol Table

    Local Symbols

    Symbol Name                              Value     Ov Type        Size  Object(Section)

    ../clib/microlib/division.c              0x00000000   Number         0  uldiv.o ABSOLUTE
    ../clib/microlib/division.c              0x00000000   Number         0  uidiv.o ABSOLUTE
    ../clib/microlib/init/entry.s            0x00000000   Number         0  entry9b.o ABSOLUTE
    ../clib/microlib/init/entry.s            0x00000000   Number         0  entry7b.o ABSOLUTE
    ../clib/microlib/init/entry.s            0x00000000   Number         0  entry8a.o ABSOLUTE
    ../clib/microlib/init/entry.s            0x00000000   Number         0  entry10a.o ABSOLUTE
    ../clib/microlib/init/entry.s            0x00000000   Number         0  entry10b.o ABSOLUTE
    ../clib/microlib/init/entry.s            0x00000000   Number         0  entry11a.o ABSOLUTE
    ../clib/microlib/init/entry.s            0x00000000   Number         0  entry.o ABSOLUTE
    ../clib/microlib/init/entry.s            0x00000000   Number         0  entry11b.o ABSOLUTE
    ../clib/microlib/init/entry.s            0x00000000   Number         0  entry8b.o ABSOLUTE
    ../clib/microlib/init/entry.s            0x00000000   Number         0  entry9a.o ABSOLUTE
    ../clib/microlib/init/entry.s            0x00000000   Number         0  entry7a.o ABSOLUTE
    ../clib/microlib/init/entry.s            0x00000000   Number         0  entry5.o ABSOLUTE
    ../clib/microlib/init/entry.s            0x00000000   Number         0  entry2.o ABSOLUTE
    ../clib/microlib/longlong.c              0x00000000   Number         0  llushr.o ABSOLUTE
    ../clib/microlib/longlong.c              0x00000000   Number         0  llsshr.o ABSOLUTE
    ../clib/microlib/longlong.c              0x00000000   Number         0  llshl.o ABSOLUTE
    ../clib/microlib/printf/printf.c         0x00000000   Number         0  printf7.o ABSOLUTE
    ../clib/microlib/printf/printf.c         0x00000000   Number         0  printf6.o ABSOLUTE
    ../clib/microlib/printf/printf.c         0x00000000   Number         0  printf5.o ABSOLUTE
    ../clib/microlib/printf/printf.c         0x00000000   Number         0  printf4.o ABSOLUTE
    ../clib/microlib/printf/printf.c         0x00000000   Number         0  printf3.o ABSOLUTE
    ../clib/microlib/printf/printf.c         0x00000000   Number         0  printf1.o ABSOLUTE
    ../clib/microlib/printf/printf.c         0x00000000   Number         0  printfb.o ABSOLUTE
    ../clib/microlib/printf/printf.c         0x00000000   Number         0  printf0.o ABSOLUTE
    ../clib/microlib/printf/printf.c         0x00000000   Number         0  printf2.o ABSOLUTE
    ../clib/microlib/printf/printf.c         0x00000000   Number         0  printf8.o ABSOLUTE
    ../clib/microlib/printf/printf.c         0x00000000   Number         0  printfa.o ABSOLUTE
    ../clib/microlib/printf/stubs.s          0x00000000   Number         0  stubs.o ABSOLUTE
    ../clib/microlib/stdio/streams.c         0x00000000   Number         0  stdout.o ABSOLUTE
    ../clib/microlib/stubs.s                 0x00000000   Number         0  iusefp.o ABSOLUTE
    ../fplib/microlib/f2d.c                  0x00000000   Number         0  f2d.o ABSOLUTE
    ../fplib/microlib/fpadd.c                0x00000000   Number         0  dadd.o ABSOLUTE
    ../fplib/microlib/fpdiv.c                0x00000000   Number         0  ddiv.o ABSOLUTE
    ../fplib/microlib/fpdiv.c                0x00000000   Number         0  fdiv.o ABSOLUTE
    ../fplib/microlib/fpepilogue.c           0x00000000   Number         0  depilogue.o ABSOLUTE
    ../fplib/microlib/fpepilogue.c           0x00000000   Number         0  fepilogue.o ABSOLUTE
    ../fplib/microlib/fpfix.c                0x00000000   Number         0  dfixul.o ABSOLUTE
    ../fplib/microlib/fpflt.c                0x00000000   Number         0  ffltui.o ABSOLUTE
    ../fplib/microlib/fpmul.c                0x00000000   Number         0  dmul.o ABSOLUTE
    ../fplib/microlib/fpmul.c                0x00000000   Number         0  fmul.o ABSOLUTE
    cdrcmple.s                               0x00000000   Number         0  cdrcmple.o ABSOLUTE
    dc.s                                     0x00000000   Number         0  dc.o ABSOLUTE
    handlers.s                               0x00000000   Number         0  handlers.o ABSOLUTE
    init.s                                   0x00000000   Number         0  init.o ABSOLUTE
    lib\app\HC_SR04\hc_sr04.c                0x00000000   Number         0  hc_sr04.o ABSOLUTE
    lib\app\TIM_Counter\TIM_Counter.c        0x00000000   Number         0  tim_counter.o ABSOLUTE
    lib\app\USART1\USART1_Configuration.c    0x00000000   Number         0  usart1_configuration.o ABSOLUTE
    lib\app\delay_by_sytick\delay_by_systick.c 0x00000000   Number         0  delay_by_systick.o ABSOLUTE
    lib\src\stm32f10x_flash.c                0x00000000   Number         0  stm32f10x_flash.o ABSOLUTE
    lib\src\stm32f10x_gpio.c                 0x00000000   Number         0  stm32f10x_gpio.o ABSOLUTE
    lib\src\stm32f10x_it.c                   0x00000000   Number         0  stm32f10x_it.o ABSOLUTE
    lib\src\stm32f10x_lib.c                  0x00000000   Number         0  stm32f10x_lib.o ABSOLUTE
    lib\src\stm32f10x_nvic.c                 0x00000000   Number         0  stm32f10x_nvic.o ABSOLUTE
    lib\src\stm32f10x_rcc.c                  0x00000000   Number         0  stm32f10x_rcc.o ABSOLUTE
    lib\src\stm32f10x_systick.c              0x00000000   Number         0  stm32f10x_systick.o ABSOLUTE
    lib\src\stm32f10x_tim.c                  0x00000000   Number         0  stm32f10x_tim.o ABSOLUTE
    lib\src\stm32f10x_usart.c                0x00000000   Number         0  stm32f10x_usart.o ABSOLUTE
    start\STM32F10x.s                        0x00000000   Number         0  stm32f10x.o ABSOLUTE
    start\cortexm3_macro.s                   0x00000000   Number         0  cortexm3_macro.o ABSOLUTE
    user\main.c                              0x00000000   Number         0  main.o ABSOLUTE
    RESET                                    0x20000000   Section      236  stm32f10x.o(RESET)
    .ARM.Collect$$$$00000000                 0x200000ec   Section        0  entry.o(.ARM.Collect$$$$00000000)
    .ARM.Collect$$$$00000001                 0x200000ec   Section        4  entry2.o(.ARM.Collect$$$$00000001)
    .ARM.Collect$$$$00000004                 0x200000f0   Section        4  entry5.o(.ARM.Collect$$$$00000004)
    .ARM.Collect$$$$00000008                 0x200000f4   Section        0  entry7b.o(.ARM.Collect$$$$00000008)
    .ARM.Collect$$$$0000000A                 0x200000f4   Section        0  entry8b.o(.ARM.Collect$$$$0000000A)
    .ARM.Collect$$$$0000000B                 0x200000f4   Section        8  entry9a.o(.ARM.Collect$$$$0000000B)
    .ARM.Collect$$$$0000000D                 0x200000fc   Section        0  entry10a.o(.ARM.Collect$$$$0000000D)
    .ARM.Collect$$$$0000000F                 0x200000fc   Section        0  entry11a.o(.ARM.Collect$$$$0000000F)
    .ARM.Collect$$$$00002712                 0x200000fc   Section        4  entry2.o(.ARM.Collect$$$$00002712)
    __lit__00000000                          0x200000fc   Data           4  entry2.o(.ARM.Collect$$$$00002712)
    .text                                    0x20000100   Section       28  stm32f10x.o(.text)
    .text                                    0x2000011c   Section        0  fmul.o(.text)
    .text                                    0x20000180   Section        0  fdiv.o(.text)
    .text                                    0x200001fc   Section        0  ffltui.o(.text)
    .text                                    0x20000206   Section        0  f2d.o(.text)
    .text                                    0x2000022c   Section        0  uidiv.o(.text)
    .text                                    0x20000258   Section        0  uldiv.o(.text)
    .text                                    0x200002ba   Section        0  fepilogue.o(.text)
    .text                                    0x200002ba   Section        0  iusefp.o(.text)
    .text                                    0x20000328   Section        0  dadd.o(.text)
    .text                                    0x20000476   Section        0  dmul.o(.text)
    .text                                    0x2000055a   Section        0  ddiv.o(.text)
    .text                                    0x20000638   Section        0  dfixul.o(.text)
    .text                                    0x20000668   Section       48  cdrcmple.o(.text)
    .text                                    0x20000698   Section       36  init.o(.text)
    .text                                    0x200006bc   Section        0  llshl.o(.text)
    .text                                    0x200006da   Section        0  llushr.o(.text)
    .text                                    0x200006fa   Section        0  llsshr.o(.text)
    .text                                    0x2000071e   Section        0  depilogue.o(.text)
    i.CAN_RX1_IRQHandler                     0x200007d8   Section        0  stm32f10x_it.o(i.CAN_RX1_IRQHandler)
    i.CAN_SCE_IRQHandler                     0x200007da   Section        0  stm32f10x_it.o(i.CAN_SCE_IRQHandler)
    i.EXTI0_IRQHandler                       0x200007dc   Section        0  stm32f10x_it.o(i.EXTI0_IRQHandler)
    i.EXTI15_10_IRQHandler                   0x200007de   Section        0  stm32f10x_it.o(i.EXTI15_10_IRQHandler)
    i.EXTI1_IRQHandler                       0x200007e0   Section        0  stm32f10x_it.o(i.EXTI1_IRQHandler)
    i.EXTI2_IRQHandler                       0x200007e2   Section        0  stm32f10x_it.o(i.EXTI2_IRQHandler)
    i.EXTI3_IRQHandler                       0x200007e4   Section        0  stm32f10x_it.o(i.EXTI3_IRQHandler)
    i.EXTI4_IRQHandler                       0x200007e6   Section        0  stm32f10x_it.o(i.EXTI4_IRQHandler)
    i.EXTI9_5_IRQHandler                     0x200007e8   Section        0  stm32f10x_it.o(i.EXTI9_5_IRQHandler)
    i.FLASH_IRQHandler                       0x200007ea   Section        0  stm32f10x_it.o(i.FLASH_IRQHandler)
    i.FLASH_PrefetchBufferCmd                0x200007ec   Section        0  stm32f10x_flash.o(i.FLASH_PrefetchBufferCmd)
    i.FLASH_SetLatency                       0x20000808   Section        0  stm32f10x_flash.o(i.FLASH_SetLatency)
    i.GPIO_Configuration                     0x20000824   Section        0  main.o(i.GPIO_Configuration)
    i.GPIO_Init                              0x20000850   Section        0  stm32f10x_gpio.o(i.GPIO_Init)
    i.GPIO_ResetBits                         0x20000964   Section        0  stm32f10x_gpio.o(i.GPIO_ResetBits)
    i.GPIO_SetBits                           0x20000968   Section        0  stm32f10x_gpio.o(i.GPIO_SetBits)
    i.Get_hcsr04length                       0x2000096c   Section        0  hc_sr04.o(i.Get_hcsr04length)
    i.I2C1_ER_IRQHandler                     0x200009dc   Section        0  stm32f10x_it.o(i.I2C1_ER_IRQHandler)
    i.I2C1_EV_IRQHandler                     0x200009de   Section        0  stm32f10x_it.o(i.I2C1_EV_IRQHandler)
    i.I2C2_ER_IRQHandler                     0x200009e0   Section        0  stm32f10x_it.o(i.I2C2_ER_IRQHandler)
    i.I2C2_EV_IRQHandler                     0x200009e2   Section        0  stm32f10x_it.o(i.I2C2_EV_IRQHandler)
    i.NVIC_DeInit                            0x200009e4   Section        0  stm32f10x_nvic.o(i.NVIC_DeInit)
    i.NVIC_Init                              0x20000a28   Section        0  stm32f10x_nvic.o(i.NVIC_Init)
    i.NVIC_PriorityGroupConfig               0x20000acc   Section        0  stm32f10x_nvic.o(i.NVIC_PriorityGroupConfig)
    i.PVD_IRQHandler                         0x20000ae0   Section        0  stm32f10x_it.o(i.PVD_IRQHandler)
    i.RCC_APB1PeriphClockCmd                 0x20000ae4   Section        0  stm32f10x_rcc.o(i.RCC_APB1PeriphClockCmd)
    i.RCC_APB1PeriphResetCmd                 0x20000b04   Section        0  stm32f10x_rcc.o(i.RCC_APB1PeriphResetCmd)
    i.RCC_APB2PeriphClockCmd                 0x20000b24   Section        0  stm32f10x_rcc.o(i.RCC_APB2PeriphClockCmd)
    i.RCC_APB2PeriphResetCmd                 0x20000b44   Section        0  stm32f10x_rcc.o(i.RCC_APB2PeriphResetCmd)
    i.RCC_Configuration                      0x20000b64   Section        0  main.o(i.RCC_Configuration)
    i.RCC_DeInit                             0x20000be0   Section        0  stm32f10x_rcc.o(i.RCC_DeInit)
    i.RCC_GetClocksFreq                      0x20000c2c   Section        0  stm32f10x_rcc.o(i.RCC_GetClocksFreq)
    i.RCC_GetFlagStatus                      0x20000d00   Section        0  stm32f10x_rcc.o(i.RCC_GetFlagStatus)
    i.RCC_GetSYSCLKSource                    0x20000d3c   Section        0  stm32f10x_rcc.o(i.RCC_GetSYSCLKSource)
    i.RCC_HCLKConfig                         0x20000d4c   Section        0  stm32f10x_rcc.o(i.RCC_HCLKConfig)
    i.RCC_HSEConfig                          0x20000d64   Section        0  stm32f10x_rcc.o(i.RCC_HSEConfig)
    i.RCC_IRQHandler                         0x20000db0   Section        0  stm32f10x_it.o(i.RCC_IRQHandler)
    i.RCC_PCLK1Config                        0x20000db4   Section        0  stm32f10x_rcc.o(i.RCC_PCLK1Config)
    i.RCC_PCLK2Config                        0x20000dcc   Section        0  stm32f10x_rcc.o(i.RCC_PCLK2Config)
    i.RCC_PLLCmd                             0x20000de4   Section        0  stm32f10x_rcc.o(i.RCC_PLLCmd)
    i.RCC_PLLConfig                          0x20000df0   Section        0  stm32f10x_rcc.o(i.RCC_PLLConfig)
    i.RCC_SYSCLKConfig                       0x20000e0c   Section        0  stm32f10x_rcc.o(i.RCC_SYSCLKConfig)
    i.RTCAlarm_IRQHandler                    0x20000e24   Section        0  stm32f10x_it.o(i.RTCAlarm_IRQHandler)
    i.RTC_IRQHandler                         0x20000e26   Section        0  stm32f10x_it.o(i.RTC_IRQHandler)
    i.SPI1_IRQHandler                        0x20000e28   Section        0  stm32f10x_it.o(i.SPI1_IRQHandler)
    i.SPI2_IRQHandler                        0x20000e2a   Section        0  stm32f10x_it.o(i.SPI2_IRQHandler)
    i.TAMPER_IRQHandler                      0x20000e2c   Section        0  stm32f10x_it.o(i.TAMPER_IRQHandler)
    i.TIM1_BRK_IRQHandler                    0x20000e2e   Section        0  stm32f10x_it.o(i.TIM1_BRK_IRQHandler)
    i.TIM1_CC_IRQHandler                     0x20000e30   Section        0  stm32f10x_it.o(i.TIM1_CC_IRQHandler)
    i.TIM1_TRG_COM_IRQHandler                0x20000e32   Section        0  stm32f10x_it.o(i.TIM1_TRG_COM_IRQHandler)
    i.TIM1_UP_IRQHandler                     0x20000e34   Section        0  stm32f10x_it.o(i.TIM1_UP_IRQHandler)
    i.TIM2_IRQHandler                        0x20000e36   Section        0  stm32f10x_it.o(i.TIM2_IRQHandler)
    i.TIM3_IRQHandler                        0x20000e38   Section        0  stm32f10x_it.o(i.TIM3_IRQHandler)
    i.TIM4_IRQHandler                        0x20000e3a   Section        0  stm32f10x_it.o(i.TIM4_IRQHandler)
    i.TIM_Cmd                                0x20000e3c   Section        0  stm32f10x_tim.o(i.TIM_Cmd)
    i.TIM_Counter                            0x20000e54   Section        0  tim_counter.o(i.TIM_Counter)
    i.TIM_GetCounter                         0x20000e8c   Section        0  stm32f10x_tim.o(i.TIM_GetCounter)
    i.TIM_SetCounter                         0x20000e92   Section        0  stm32f10x_tim.o(i.TIM_SetCounter)
    i.TIM_TimeBaseInit                       0x20000e98   Section        0  stm32f10x_tim.o(i.TIM_TimeBaseInit)
    i.USART1_Configuration                   0x20000ed4   Section        0  usart1_configuration.o(i.USART1_Configuration)
    i.USART1_IRQHandler                      0x20000f9c   Section        0  usart1_configuration.o(i.USART1_IRQHandler)
    i.USART2_IRQHandler                      0x20000fd8   Section        0  stm32f10x_it.o(i.USART2_IRQHandler)
    i.USART3_IRQHandler                      0x20000fda   Section        0  stm32f10x_it.o(i.USART3_IRQHandler)
    i.USART_ClearFlag                        0x20000fdc   Section        0  stm32f10x_usart.o(i.USART_ClearFlag)
    i.USART_Cmd                              0x20000fe2   Section        0  stm32f10x_usart.o(i.USART_Cmd)
    i.USART_DeInit                           0x20000ffc   Section        0  stm32f10x_usart.o(i.USART_DeInit)
    i.USART_GetFlagStatus                    0x20001098   Section        0  stm32f10x_usart.o(i.USART_GetFlagStatus)
    i.USART_GetITStatus                      0x200010aa   Section        0  stm32f10x_usart.o(i.USART_GetITStatus)
    i.USART_ITConfig                         0x200010f6   Section        0  stm32f10x_usart.o(i.USART_ITConfig)
    i.USART_Init                             0x20001138   Section        0  stm32f10x_usart.o(i.USART_Init)
    i.USART_ReceiveData                      0x200011d4   Section        0  stm32f10x_usart.o(i.USART_ReceiveData)
    i.USART_SendData                         0x200011de   Section        0  stm32f10x_usart.o(i.USART_SendData)
    i.USBWakeUp_IRQHandler                   0x200011e6   Section        0  stm32f10x_it.o(i.USBWakeUp_IRQHandler)
    i.USB_HP_CAN_TX_IRQHandler               0x200011e8   Section        0  stm32f10x_it.o(i.USB_HP_CAN_TX_IRQHandler)
    i.USB_LP_CAN_RX0_IRQHandler              0x200011ea   Section        0  stm32f10x_it.o(i.USB_LP_CAN_RX0_IRQHandler)
    i.WWDG_IRQHandler                        0x200011ec   Section        0  stm32f10x_it.o(i.WWDG_IRQHandler)
    i.__0printf                              0x200011f0   Section        0  printfa.o(i.__0printf)
    i.__scatterload_copy                     0x20001210   Section       14  handlers.o(i.__scatterload_copy)
    i.__scatterload_null                     0x2000121e   Section        2  handlers.o(i.__scatterload_null)
    i.__scatterload_zeroinit                 0x20001220   Section       14  handlers.o(i.__scatterload_zeroinit)
    i._fp_digits                             0x20001230   Section        0  printfa.o(i._fp_digits)
    _fp_digits                               0x20001231   Thumb Code   366  printfa.o(i._fp_digits)
    i._printf_core                           0x200013b4   Section        0  printfa.o(i._printf_core)
    _printf_core                             0x200013b5   Thumb Code  1744  printfa.o(i._printf_core)
    i._printf_post_padding                   0x20001a90   Section        0  printfa.o(i._printf_post_padding)
    _printf_post_padding                     0x20001a91   Thumb Code    36  printfa.o(i._printf_post_padding)
    i._printf_pre_padding                    0x20001ab4   Section        0  printfa.o(i._printf_pre_padding)
    _printf_pre_padding                      0x20001ab5   Thumb Code    46  printfa.o(i._printf_pre_padding)
    i.delay_init                             0x20001ae4   Section        0  delay_by_systick.o(i.delay_init)
    i.delay_ms                               0x20001b24   Section        0  delay_by_systick.o(i.delay_ms)
    i.delay_us                               0x20001b60   Section        0  delay_by_systick.o(i.delay_us)
    i.fputc                                  0x20001b9c   Section        0  main.o(i.fputc)
    i.hc_sr04_init                           0x20001bc0   Section        0  hc_sr04.o(i.hc_sr04_init)
    i.main                                   0x20001c10   Section        0  main.o(i.main)
    .constdata                               0x20001c94   Section       20  stm32f10x_rcc.o(.constdata)
    APBAHBPrescTable                         0x20001c94   Data          16  stm32f10x_rcc.o(.constdata)
    ADCPrescTable                            0x20001ca4   Data           4  stm32f10x_rcc.o(.constdata)
    .data                                    0x2000c000   Section        4  main.o(.data)
    .data                                    0x2000c004   Section        4  delay_by_systick.o(.data)
    fac_us                                   0x2000c004   Data           1  delay_by_systick.o(.data)
    fac_ms                                   0x2000c006   Data           2  delay_by_systick.o(.data)
    .data                                    0x2000c008   Section        4  hc_sr04.o(.data)
    .data                                    0x2000c00c   Section        4  stdout.o(.data)
    STACK                                    0x2000c010   Section      512  stm32f10x.o(STACK)

    Global Symbols

    Symbol Name                              Value     Ov Type        Size  Object(Section)

    BuildAttributes$$THM_ISAv4$P$D$K$B$S$PE$A:L22UL41UL21$X:L11$S22US41US21$IEEE1$IW$USESV6$~STKCKD$USESV7$~SHL$OTIME$ROPI$EBA8$MICROLIB$REQ8$PRES8$EABIv2 0x00000000   Number         0  anon$$obj.o ABSOLUTE
    __ARM_use_no_argv                        0x00000000   Number         0  main.o ABSOLUTE
    _printf_a                                0x00000000   Number         0  stubs.o ABSOLUTE
    _printf_c                                0x00000000   Number         0  stubs.o ABSOLUTE
    _printf_charcount                        0x00000000   Number         0  stubs.o ABSOLUTE
    _printf_d                                0x00000000   Number         0  stubs.o ABSOLUTE
    _printf_e                                0x00000000   Number         0  stubs.o ABSOLUTE
    _printf_f                                0x00000000   Number         0  stubs.o ABSOLUTE
    _printf_flags                            0x00000000   Number         0  stubs.o ABSOLUTE
    _printf_fp_dec                           0x00000000   Number         0  stubs.o ABSOLUTE
    _printf_fp_hex                           0x00000000   Number         0  stubs.o ABSOLUTE
    _printf_g                                0x00000000   Number         0  stubs.o ABSOLUTE
    _printf_i                                0x00000000   Number         0  stubs.o ABSOLUTE
    _printf_int_dec                          0x00000000   Number         0  stubs.o ABSOLUTE
    _printf_l                                0x00000000   Number         0  stubs.o ABSOLUTE
    _printf_lc                               0x00000000   Number         0  stubs.o ABSOLUTE
    _printf_ll                               0x00000000   Number         0  stubs.o ABSOLUTE
    _printf_lld                              0x00000000   Number         0  stubs.o ABSOLUTE
    _printf_lli                              0x00000000   Number         0  stubs.o ABSOLUTE
    _printf_llo                              0x00000000   Number         0  stubs.o ABSOLUTE
    _printf_llu                              0x00000000   Number         0  stubs.o ABSOLUTE
    _printf_llx                              0x00000000   Number         0  stubs.o ABSOLUTE
    _printf_longlong_dec                     0x00000000   Number         0  stubs.o ABSOLUTE
    _printf_longlong_hex                     0x00000000   Number         0  stubs.o ABSOLUTE
    _printf_longlong_oct                     0x00000000   Number         0  stubs.o ABSOLUTE
    _printf_ls                               0x00000000   Number         0  stubs.o ABSOLUTE
    _printf_mbtowc                           0x00000000   Number         0  stubs.o ABSOLUTE
    _printf_n                                0x00000000   Number         0  stubs.o ABSOLUTE
    _printf_o                                0x00000000   Number         0  stubs.o ABSOLUTE
    _printf_p                                0x00000000   Number         0  stubs.o ABSOLUTE
    _printf_percent                          0x00000000   Number         0  stubs.o ABSOLUTE
    _printf_pre_padding                      0x00000000   Number         0  stubs.o ABSOLUTE
    _printf_return_value                     0x00000000   Number         0  stubs.o ABSOLUTE
    _printf_s                                0x00000000   Number         0  stubs.o ABSOLUTE
    _printf_sizespec                         0x00000000   Number         0  stubs.o ABSOLUTE
    _printf_str                              0x00000000   Number         0  stubs.o ABSOLUTE
    _printf_truncate_signed                  0x00000000   Number         0  stubs.o ABSOLUTE
    _printf_truncate_unsigned                0x00000000   Number         0  stubs.o ABSOLUTE
    _printf_u                                0x00000000   Number         0  stubs.o ABSOLUTE
    _printf_wc                               0x00000000   Number         0  stubs.o ABSOLUTE
    _printf_wctomb                           0x00000000   Number         0  stubs.o ABSOLUTE
    _printf_widthprec                        0x00000000   Number         0  stubs.o ABSOLUTE
    _printf_x                                0x00000000   Number         0  stubs.o ABSOLUTE
    __cpp_initialize__aeabi_                  - Undefined Weak Reference
    __cxa_finalize                            - Undefined Weak Reference
    __decompress                              - Undefined Weak Reference
    _clock_init                               - Undefined Weak Reference
    _microlib_exit                            - Undefined Weak Reference
    __Vectors                                0x20000000   Data           4  stm32f10x.o(RESET)
    __main                                   0x200000ed   Thumb Code     0  entry.o(.ARM.Collect$$$$00000000)
    _main_stk                                0x200000ed   Thumb Code     0  entry2.o(.ARM.Collect$$$$00000001)
    _main_scatterload                        0x200000f1   Thumb Code     0  entry5.o(.ARM.Collect$$$$00000004)
    __main_after_scatterload                 0x200000f5   Thumb Code     0  entry5.o(.ARM.Collect$$$$00000004)
    _main_clock                              0x200000f5   Thumb Code     0  entry7b.o(.ARM.Collect$$$$00000008)
    _main_cpp_init                           0x200000f5   Thumb Code     0  entry8b.o(.ARM.Collect$$$$0000000A)
    _main_init                               0x200000f5   Thumb Code     0  entry9a.o(.ARM.Collect$$$$0000000B)
    __rt_final_cpp                           0x200000fd   Thumb Code     0  entry10a.o(.ARM.Collect$$$$0000000D)
    __rt_final_exit                          0x200000fd   Thumb Code     0  entry11a.o(.ARM.Collect$$$$0000000F)
    Reset_Handler                            0x20000101   Thumb Code     4  stm32f10x.o(.text)
    NMI_Handler                              0x20000105   Thumb Code     2  stm32f10x.o(.text)
    HardFault_Handler                        0x20000107   Thumb Code     2  stm32f10x.o(.text)
    MemManage_Handler                        0x20000109   Thumb Code     2  stm32f10x.o(.text)
    BusFault_Handler                         0x2000010b   Thumb Code     2  stm32f10x.o(.text)
    UsageFault_Handler                       0x2000010d   Thumb Code     2  stm32f10x.o(.text)
    SVC_Handler                              0x2000010f   Thumb Code     2  stm32f10x.o(.text)
    DebugMon_Handler                         0x20000111   Thumb Code     2  stm32f10x.o(.text)
    PendSV_Handler                           0x20000113   Thumb Code     2  stm32f10x.o(.text)
    SysTick_Handler                          0x20000115   Thumb Code     2  stm32f10x.o(.text)
    ADC_IRQHandler                           0x20000117   Thumb Code     0  stm32f10x.o(.text)
    DMAChannel1_IRQHandler                   0x20000117   Thumb Code     0  stm32f10x.o(.text)
    DMAChannel2_IRQHandler                   0x20000117   Thumb Code     0  stm32f10x.o(.text)
    DMAChannel3_IRQHandler                   0x20000117   Thumb Code     0  stm32f10x.o(.text)
    DMAChannel4_IRQHandler                   0x20000117   Thumb Code     0  stm32f10x.o(.text)
    DMAChannel5_IRQHandler                   0x20000117   Thumb Code     0  stm32f10x.o(.text)
    DMAChannel6_IRQHandler                   0x20000117   Thumb Code     0  stm32f10x.o(.text)
    DMAChannel7_IRQHandler                   0x20000117   Thumb Code     0  stm32f10x.o(.text)
    __aeabi_fmul                             0x2000011d   Thumb Code   100  fmul.o(.text)
    __aeabi_fdiv                             0x20000181   Thumb Code   124  fdiv.o(.text)
    __aeabi_ui2f                             0x200001fd   Thumb Code    10  ffltui.o(.text)
    __aeabi_f2d                              0x20000207   Thumb Code    38  f2d.o(.text)
    __aeabi_uidiv                            0x2000022d   Thumb Code     0  uidiv.o(.text)
    __aeabi_uidivmod                         0x2000022d   Thumb Code    44  uidiv.o(.text)
    __aeabi_uldivmod                         0x20000259   Thumb Code    98  uldiv.o(.text)
    __I$use$fp                               0x200002bb   Thumb Code     0  iusefp.o(.text)
    _float_round                             0x200002bb   Thumb Code    18  fepilogue.o(.text)
    _float_epilogue                          0x200002cd   Thumb Code    92  fepilogue.o(.text)
    __aeabi_dadd                             0x20000329   Thumb Code   322  dadd.o(.text)
    __aeabi_dsub                             0x2000046b   Thumb Code     6  dadd.o(.text)
    __aeabi_drsub                            0x20000471   Thumb Code     6  dadd.o(.text)
    __aeabi_dmul                             0x20000477   Thumb Code   228  dmul.o(.text)
    __aeabi_ddiv                             0x2000055b   Thumb Code   222  ddiv.o(.text)
    __aeabi_d2ulz                            0x20000639   Thumb Code    48  dfixul.o(.text)
    __aeabi_cdrcmple                         0x20000669   Thumb Code    48  cdrcmple.o(.text)
    __scatterload                            0x20000699   Thumb Code    28  init.o(.text)
    __scatterload_rt2                        0x20000699   Thumb Code     0  init.o(.text)
    __aeabi_llsl                             0x200006bd   Thumb Code    30  llshl.o(.text)
    _ll_shift_l                              0x200006bd   Thumb Code     0  llshl.o(.text)
    __aeabi_llsr                             0x200006db   Thumb Code    32  llushr.o(.text)
    _ll_ushift_r                             0x200006db   Thumb Code     0  llushr.o(.text)
    __aeabi_lasr                             0x200006fb   Thumb Code    36  llsshr.o(.text)
    _ll_sshift_r                             0x200006fb   Thumb Code     0  llsshr.o(.text)
    _double_round                            0x2000071f   Thumb Code    30  depilogue.o(.text)
    _double_epilogue                         0x2000073d   Thumb Code   156  depilogue.o(.text)
    CAN_RX1_IRQHandler                       0x200007d9   Thumb Code     2  stm32f10x_it.o(i.CAN_RX1_IRQHandler)
    CAN_SCE_IRQHandler                       0x200007db   Thumb Code     2  stm32f10x_it.o(i.CAN_SCE_IRQHandler)
    EXTI0_IRQHandler                         0x200007dd   Thumb Code     2  stm32f10x_it.o(i.EXTI0_IRQHandler)
    EXTI15_10_IRQHandler                     0x200007df   Thumb Code     2  stm32f10x_it.o(i.EXTI15_10_IRQHandler)
    EXTI1_IRQHandler                         0x200007e1   Thumb Code     2  stm32f10x_it.o(i.EXTI1_IRQHandler)
    EXTI2_IRQHandler                         0x200007e3   Thumb Code     2  stm32f10x_it.o(i.EXTI2_IRQHandler)
    EXTI3_IRQHandler                         0x200007e5   Thumb Code     2  stm32f10x_it.o(i.EXTI3_IRQHandler)
    EXTI4_IRQHandler                         0x200007e7   Thumb Code     2  stm32f10x_it.o(i.EXTI4_IRQHandler)
    EXTI9_5_IRQHandler                       0x200007e9   Thumb Code     2  stm32f10x_it.o(i.EXTI9_5_IRQHandler)
    FLASH_IRQHandler                         0x200007eb   Thumb Code     2  stm32f10x_it.o(i.FLASH_IRQHandler)
    FLASH_PrefetchBufferCmd                  0x200007ed   Thumb Code    22  stm32f10x_flash.o(i.FLASH_PrefetchBufferCmd)
    FLASH_SetLatency                         0x20000809   Thumb Code    22  stm32f10x_flash.o(i.FLASH_SetLatency)
    GPIO_Configuration                       0x20000825   Thumb Code    38  main.o(i.GPIO_Configuration)
    GPIO_Init                                0x20000851   Thumb Code   276  stm32f10x_gpio.o(i.GPIO_Init)
    GPIO_ResetBits                           0x20000965   Thumb Code     4  stm32f10x_gpio.o(i.GPIO_ResetBits)
    GPIO_SetBits                             0x20000969   Thumb Code     4  stm32f10x_gpio.o(i.GPIO_SetBits)
    Get_hcsr04length                         0x2000096d   Thumb Code    98  hc_sr04.o(i.Get_hcsr04length)
    I2C1_ER_IRQHandler                       0x200009dd   Thumb Code     2  stm32f10x_it.o(i.I2C1_ER_IRQHandler)
    I2C1_EV_IRQHandler                       0x200009df   Thumb Code     2  stm32f10x_it.o(i.I2C1_EV_IRQHandler)
    I2C2_ER_IRQHandler                       0x200009e1   Thumb Code     2  stm32f10x_it.o(i.I2C2_ER_IRQHandler)
    I2C2_EV_IRQHandler                       0x200009e3   Thumb Code     2  stm32f10x_it.o(i.I2C2_EV_IRQHandler)
    NVIC_DeInit                              0x200009e5   Thumb Code    54  stm32f10x_nvic.o(i.NVIC_DeInit)
    NVIC_Init                                0x20000a29   Thumb Code   150  stm32f10x_nvic.o(i.NVIC_Init)
    NVIC_PriorityGroupConfig                 0x20000acd   Thumb Code    10  stm32f10x_nvic.o(i.NVIC_PriorityGroupConfig)
    PVD_IRQHandler                           0x20000ae1   Thumb Code     2  stm32f10x_it.o(i.PVD_IRQHandler)
    RCC_APB1PeriphClockCmd                   0x20000ae5   Thumb Code    26  stm32f10x_rcc.o(i.RCC_APB1PeriphClockCmd)
    RCC_APB1PeriphResetCmd                   0x20000b05   Thumb Code    26  stm32f10x_rcc.o(i.RCC_APB1PeriphResetCmd)
    RCC_APB2PeriphClockCmd                   0x20000b25   Thumb Code    26  stm32f10x_rcc.o(i.RCC_APB2PeriphClockCmd)
    RCC_APB2PeriphResetCmd                   0x20000b45   Thumb Code    26  stm32f10x_rcc.o(i.RCC_APB2PeriphResetCmd)
    RCC_Configuration                        0x20000b65   Thumb Code   122  main.o(i.RCC_Configuration)
    RCC_DeInit                               0x20000be1   Thumb Code    62  stm32f10x_rcc.o(i.RCC_DeInit)
    RCC_GetClocksFreq                        0x20000c2d   Thumb Code   192  stm32f10x_rcc.o(i.RCC_GetClocksFreq)
    RCC_GetFlagStatus                        0x20000d01   Thumb Code    56  stm32f10x_rcc.o(i.RCC_GetFlagStatus)
    RCC_GetSYSCLKSource                      0x20000d3d   Thumb Code    10  stm32f10x_rcc.o(i.RCC_GetSYSCLKSource)
    RCC_HCLKConfig                           0x20000d4d   Thumb Code    18  stm32f10x_rcc.o(i.RCC_HCLKConfig)
    RCC_HSEConfig                            0x20000d65   Thumb Code    70  stm32f10x_rcc.o(i.RCC_HSEConfig)
    RCC_IRQHandler                           0x20000db1   Thumb Code     2  stm32f10x_it.o(i.RCC_IRQHandler)
    RCC_PCLK1Config                          0x20000db5   Thumb Code    18  stm32f10x_rcc.o(i.RCC_PCLK1Config)
    RCC_PCLK2Config                          0x20000dcd   Thumb Code    20  stm32f10x_rcc.o(i.RCC_PCLK2Config)
    RCC_PLLCmd                               0x20000de5   Thumb Code     6  stm32f10x_rcc.o(i.RCC_PLLCmd)
    RCC_PLLConfig                            0x20000df1   Thumb Code    24  stm32f10x_rcc.o(i.RCC_PLLConfig)
    RCC_SYSCLKConfig                         0x20000e0d   Thumb Code    18  stm32f10x_rcc.o(i.RCC_SYSCLKConfig)
    RTCAlarm_IRQHandler                      0x20000e25   Thumb Code     2  stm32f10x_it.o(i.RTCAlarm_IRQHandler)
    RTC_IRQHandler                           0x20000e27   Thumb Code     2  stm32f10x_it.o(i.RTC_IRQHandler)
    SPI1_IRQHandler                          0x20000e29   Thumb Code     2  stm32f10x_it.o(i.SPI1_IRQHandler)
    SPI2_IRQHandler                          0x20000e2b   Thumb Code     2  stm32f10x_it.o(i.SPI2_IRQHandler)
    TAMPER_IRQHandler                        0x20000e2d   Thumb Code     2  stm32f10x_it.o(i.TAMPER_IRQHandler)
    TIM1_BRK_IRQHandler                      0x20000e2f   Thumb Code     2  stm32f10x_it.o(i.TIM1_BRK_IRQHandler)
    TIM1_CC_IRQHandler                       0x20000e31   Thumb Code     2  stm32f10x_it.o(i.TIM1_CC_IRQHandler)
    TIM1_TRG_COM_IRQHandler                  0x20000e33   Thumb Code     2  stm32f10x_it.o(i.TIM1_TRG_COM_IRQHandler)
    TIM1_UP_IRQHandler                       0x20000e35   Thumb Code     2  stm32f10x_it.o(i.TIM1_UP_IRQHandler)
    TIM2_IRQHandler                          0x20000e37   Thumb Code     2  stm32f10x_it.o(i.TIM2_IRQHandler)
    TIM3_IRQHandler                          0x20000e39   Thumb Code     2  stm32f10x_it.o(i.TIM3_IRQHandler)
    TIM4_IRQHandler                          0x20000e3b   Thumb Code     2  stm32f10x_it.o(i.TIM4_IRQHandler)
    TIM_Cmd                                  0x20000e3d   Thumb Code    24  stm32f10x_tim.o(i.TIM_Cmd)
    TIM_Counter                              0x20000e55   Thumb Code    56  tim_counter.o(i.TIM_Counter)
    TIM_GetCounter                           0x20000e8d   Thumb Code     6  stm32f10x_tim.o(i.TIM_GetCounter)
    TIM_SetCounter                           0x20000e93   Thumb Code     4  stm32f10x_tim.o(i.TIM_SetCounter)
    TIM_TimeBaseInit                         0x20000e99   Thumb Code    50  stm32f10x_tim.o(i.TIM_TimeBaseInit)
    USART1_Configuration                     0x20000ed5   Thumb Code   190  usart1_configuration.o(i.USART1_Configuration)
    USART1_IRQHandler                        0x20000f9d   Thumb Code    54  usart1_configuration.o(i.USART1_IRQHandler)
    USART2_IRQHandler                        0x20000fd9   Thumb Code     2  stm32f10x_it.o(i.USART2_IRQHandler)
    USART3_IRQHandler                        0x20000fdb   Thumb Code     2  stm32f10x_it.o(i.USART3_IRQHandler)
    USART_ClearFlag                          0x20000fdd   Thumb Code     6  stm32f10x_usart.o(i.USART_ClearFlag)
    USART_Cmd                                0x20000fe3   Thumb Code    24  stm32f10x_usart.o(i.USART_Cmd)
    USART_DeInit                             0x20000ffd   Thumb Code   146  stm32f10x_usart.o(i.USART_DeInit)
    USART_GetFlagStatus                      0x20001099   Thumb Code    18  stm32f10x_usart.o(i.USART_GetFlagStatus)
    USART_GetITStatus                        0x200010ab   Thumb Code    76  stm32f10x_usart.o(i.USART_GetITStatus)
    USART_ITConfig                           0x200010f7   Thumb Code    64  stm32f10x_usart.o(i.USART_ITConfig)
    USART_Init                               0x20001139   Thumb Code   150  stm32f10x_usart.o(i.USART_Init)
    USART_ReceiveData                        0x200011d5   Thumb Code    10  stm32f10x_usart.o(i.USART_ReceiveData)
    USART_SendData                           0x200011df   Thumb Code     8  stm32f10x_usart.o(i.USART_SendData)
    USBWakeUp_IRQHandler                     0x200011e7   Thumb Code     2  stm32f10x_it.o(i.USBWakeUp_IRQHandler)
    USB_HP_CAN_TX_IRQHandler                 0x200011e9   Thumb Code     2  stm32f10x_it.o(i.USB_HP_CAN_TX_IRQHandler)
    USB_LP_CAN_RX0_IRQHandler                0x200011eb   Thumb Code     2  stm32f10x_it.o(i.USB_LP_CAN_RX0_IRQHandler)
    WWDG_IRQHandler                          0x200011ed   Thumb Code     2  stm32f10x_it.o(i.WWDG_IRQHandler)
    __0printf                                0x200011f1   Thumb Code    22  printfa.o(i.__0printf)
    __1printf                                0x200011f1   Thumb Code     0  printfa.o(i.__0printf)
    __2printf                                0x200011f1   Thumb Code     0  printfa.o(i.__0printf)
    __c89printf                              0x200011f1   Thumb Code     0  printfa.o(i.__0printf)
    printf                                   0x200011f1   Thumb Code     0  printfa.o(i.__0printf)
    __scatterload_copy                       0x20001211   Thumb Code    14  handlers.o(i.__scatterload_copy)
    __scatterload_null                       0x2000121f   Thumb Code     2  handlers.o(i.__scatterload_null)
    __scatterload_zeroinit                   0x20001221   Thumb Code    14  handlers.o(i.__scatterload_zeroinit)
    delay_init                               0x20001ae5   Thumb Code    56  delay_by_systick.o(i.delay_init)
    delay_ms                                 0x20001b25   Thumb Code    56  delay_by_systick.o(i.delay_ms)
    delay_us                                 0x20001b61   Thumb Code    56  delay_by_systick.o(i.delay_us)
    fputc                                    0x20001b9d   Thumb Code    32  main.o(i.fputc)
    hc_sr04_init                             0x20001bc1   Thumb Code    74  hc_sr04.o(i.hc_sr04_init)
    main                                     0x20001c11   Thumb Code   100  main.o(i.main)
    Region$$Table$$Base                      0x20001ca8   Number         0  anon$$obj.o(Region$$Table)
    Region$$Table$$Limit                     0x20001cc8   Number         0  anon$$obj.o(Region$$Table)
    Distance                                 0x2000c000   Data           4  main.o(.data)
    time                                     0x2000c008   Data           4  hc_sr04.o(.data)
    __stdout                                 0x2000c00c   Data           4  stdout.o(.data)
    __initial_sp                             0x2000c210   Data           0  stm32f10x.o(STACK)



==============================================================================

Memory Map of the image

  Image Entry point : 0x20000101

  Load Region LR_1 (Base: 0x20000000, Size: 0x00001cd8, Max: 0xffffffff, ABSOLUTE)

    Execution Region ER_RO (Base: 0x20000000, Size: 0x00001cc8, Max: 0xffffffff, ABSOLUTE)

    Base Addr    Size         Type   Attr      Idx    E Section Name        Object

    0x20000000   0x000000ec   Data   RO          232    RESET               stm32f10x.o
    0x200000ec   0x00000000   Code   RO         2062  * .ARM.Collect$$$$00000000  mc_w.l(entry.o)
    0x200000ec   0x00000004   Code   RO         2334    .ARM.Collect$$$$00000001  mc_w.l(entry2.o)
    0x200000f0   0x00000004   Code   RO         2337    .ARM.Collect$$$$00000004  mc_w.l(entry5.o)
    0x200000f4   0x00000000   Code   RO         2339    .ARM.Collect$$$$00000008  mc_w.l(entry7b.o)
    0x200000f4   0x00000000   Code   RO         2341    .ARM.Collect$$$$0000000A  mc_w.l(entry8b.o)
    0x200000f4   0x00000008   Code   RO         2342    .ARM.Collect$$$$0000000B  mc_w.l(entry9a.o)
    0x200000fc   0x00000000   Code   RO         2344    .ARM.Collect$$$$0000000D  mc_w.l(entry10a.o)
    0x200000fc   0x00000000   Code   RO         2346    .ARM.Collect$$$$0000000F  mc_w.l(entry11a.o)
    0x200000fc   0x00000004   Code   RO         2335    .ARM.Collect$$$$00002712  mc_w.l(entry2.o)
    0x20000100   0x0000001c   Code   RO          233  * .text               stm32f10x.o
    0x2000011c   0x00000064   Code   RO         2326    .text               mf_w.l(fmul.o)
    0x20000180   0x0000007c   Code   RO         2328    .text               mf_w.l(fdiv.o)
    0x200001fc   0x0000000a   Code   RO         2330    .text               mf_w.l(ffltui.o)
    0x20000206   0x00000026   Code   RO         2332    .text               mf_w.l(f2d.o)
    0x2000022c   0x0000002c   Code   RO         2349    .text               mc_w.l(uidiv.o)
    0x20000258   0x00000062   Code   RO         2351    .text               mc_w.l(uldiv.o)
    0x200002ba   0x00000000   Code   RO         2353    .text               mc_w.l(iusefp.o)
    0x200002ba   0x0000006e   Code   RO         2354    .text               mf_w.l(fepilogue.o)
    0x20000328   0x0000014e   Code   RO         2356    .text               mf_w.l(dadd.o)
    0x20000476   0x000000e4   Code   RO         2358    .text               mf_w.l(dmul.o)
    0x2000055a   0x000000de   Code   RO         2360    .text               mf_w.l(ddiv.o)
    0x20000638   0x00000030   Code   RO         2362    .text               mf_w.l(dfixul.o)
    0x20000668   0x00000030   Code   RO         2364    .text               mf_w.l(cdrcmple.o)
    0x20000698   0x00000024   Code   RO         2366    .text               mc_w.l(init.o)
    0x200006bc   0x0000001e   Code   RO         2368    .text               mc_w.l(llshl.o)
    0x200006da   0x00000020   Code   RO         2370    .text               mc_w.l(llushr.o)
    0x200006fa   0x00000024   Code   RO         2372    .text               mc_w.l(llsshr.o)
    0x2000071e   0x000000ba   Code   RO         2374    .text               mf_w.l(depilogue.o)
    0x200007d8   0x00000002   Code   RO          497    i.CAN_RX1_IRQHandler  stm32f10x_it.o
    0x200007da   0x00000002   Code   RO          498    i.CAN_SCE_IRQHandler  stm32f10x_it.o
    0x200007dc   0x00000002   Code   RO          511    i.EXTI0_IRQHandler  stm32f10x_it.o
    0x200007de   0x00000002   Code   RO          512    i.EXTI15_10_IRQHandler  stm32f10x_it.o
    0x200007e0   0x00000002   Code   RO          513    i.EXTI1_IRQHandler  stm32f10x_it.o
    0x200007e2   0x00000002   Code   RO          514    i.EXTI2_IRQHandler  stm32f10x_it.o
    0x200007e4   0x00000002   Code   RO          515    i.EXTI3_IRQHandler  stm32f10x_it.o
    0x200007e6   0x00000002   Code   RO          516    i.EXTI4_IRQHandler  stm32f10x_it.o
    0x200007e8   0x00000002   Code   RO          517    i.EXTI9_5_IRQHandler  stm32f10x_it.o
    0x200007ea   0x00000002   Code   RO          518    i.FLASH_IRQHandler  stm32f10x_it.o
    0x200007ec   0x0000001c   Code   RO          251    i.FLASH_PrefetchBufferCmd  stm32f10x_flash.o
    0x20000808   0x0000001c   Code   RO          256    i.FLASH_SetLatency  stm32f10x_flash.o
    0x20000824   0x0000002c   Code   RO            1    i.GPIO_Configuration  main.o
    0x20000850   0x00000114   Code   RO          391    i.GPIO_Init         stm32f10x_gpio.o
    0x20000964   0x00000004   Code   RO          398    i.GPIO_ResetBits    stm32f10x_gpio.o
    0x20000968   0x00000004   Code   RO          399    i.GPIO_SetBits      stm32f10x_gpio.o
    0x2000096c   0x00000070   Code   RO          169    i.Get_hcsr04length  hc_sr04.o
    0x200009dc   0x00000002   Code   RO          521    i.I2C1_ER_IRQHandler  stm32f10x_it.o
    0x200009de   0x00000002   Code   RO          522    i.I2C1_EV_IRQHandler  stm32f10x_it.o
    0x200009e0   0x00000002   Code   RO          523    i.I2C2_ER_IRQHandler  stm32f10x_it.o
    0x200009e2   0x00000002   Code   RO          524    i.I2C2_EV_IRQHandler  stm32f10x_it.o
    0x200009e4   0x00000044   Code   RO          920    i.NVIC_DeInit       stm32f10x_nvic.o
    0x20000a28   0x000000a4   Code   RO          933    i.NVIC_Init         stm32f10x_nvic.o
    0x20000acc   0x00000014   Code   RO          934    i.NVIC_PriorityGroupConfig  stm32f10x_nvic.o
    0x20000ae0   0x00000002   Code   RO          527    i.PVD_IRQHandler    stm32f10x_it.o
    0x20000ae2   0x00000002   PAD
    0x20000ae4   0x00000020   Code   RO         1105    i.RCC_APB1PeriphClockCmd  stm32f10x_rcc.o
    0x20000b04   0x00000020   Code   RO         1106    i.RCC_APB1PeriphResetCmd  stm32f10x_rcc.o
    0x20000b24   0x00000020   Code   RO         1107    i.RCC_APB2PeriphClockCmd  stm32f10x_rcc.o
    0x20000b44   0x00000020   Code   RO         1108    i.RCC_APB2PeriphResetCmd  stm32f10x_rcc.o
    0x20000b64   0x0000007a   Code   RO            2    i.RCC_Configuration  main.o
    0x20000bde   0x00000002   PAD
    0x20000be0   0x0000004c   Code   RO         1114    i.RCC_DeInit        stm32f10x_rcc.o
    0x20000c2c   0x000000d4   Code   RO         1115    i.RCC_GetClocksFreq  stm32f10x_rcc.o
    0x20000d00   0x0000003c   Code   RO         1116    i.RCC_GetFlagStatus  stm32f10x_rcc.o
    0x20000d3c   0x00000010   Code   RO         1118    i.RCC_GetSYSCLKSource  stm32f10x_rcc.o
    0x20000d4c   0x00000018   Code   RO         1119    i.RCC_HCLKConfig    stm32f10x_rcc.o
    0x20000d64   0x0000004c   Code   RO         1120    i.RCC_HSEConfig     stm32f10x_rcc.o
    0x20000db0   0x00000002   Code   RO          529    i.RCC_IRQHandler    stm32f10x_it.o
    0x20000db2   0x00000002   PAD
    0x20000db4   0x00000018   Code   RO         1126    i.RCC_PCLK1Config   stm32f10x_rcc.o
    0x20000dcc   0x00000018   Code   RO         1127    i.RCC_PCLK2Config   stm32f10x_rcc.o
    0x20000de4   0x0000000c   Code   RO         1128    i.RCC_PLLCmd        stm32f10x_rcc.o
    0x20000df0   0x0000001c   Code   RO         1129    i.RCC_PLLConfig     stm32f10x_rcc.o
    0x20000e0c   0x00000018   Code   RO         1132    i.RCC_SYSCLKConfig  stm32f10x_rcc.o
    0x20000e24   0x00000002   Code   RO          530    i.RTCAlarm_IRQHandler  stm32f10x_it.o
    0x20000e26   0x00000002   Code   RO          531    i.RTC_IRQHandler    stm32f10x_it.o
    0x20000e28   0x00000002   Code   RO          533    i.SPI1_IRQHandler   stm32f10x_it.o
    0x20000e2a   0x00000002   Code   RO          534    i.SPI2_IRQHandler   stm32f10x_it.o
    0x20000e2c   0x00000002   Code   RO          538    i.TAMPER_IRQHandler  stm32f10x_it.o
    0x20000e2e   0x00000002   Code   RO          539    i.TIM1_BRK_IRQHandler  stm32f10x_it.o
    0x20000e30   0x00000002   Code   RO          540    i.TIM1_CC_IRQHandler  stm32f10x_it.o
    0x20000e32   0x00000002   Code   RO          541    i.TIM1_TRG_COM_IRQHandler  stm32f10x_it.o
    0x20000e34   0x00000002   Code   RO          542    i.TIM1_UP_IRQHandler  stm32f10x_it.o
    0x20000e36   0x00000002   Code   RO          543    i.TIM2_IRQHandler   stm32f10x_it.o
    0x20000e38   0x00000002   Code   RO          544    i.TIM3_IRQHandler   stm32f10x_it.o
    0x20000e3a   0x00000002   Code   RO          545    i.TIM4_IRQHandler   stm32f10x_it.o
    0x20000e3c   0x00000018   Code   RO         1362    i.TIM_Cmd           stm32f10x_tim.o
    0x20000e54   0x00000038   Code   RO          214    i.TIM_Counter       tim_counter.o
    0x20000e8c   0x00000006   Code   RO         1381    i.TIM_GetCounter    stm32f10x_tim.o
    0x20000e92   0x00000004   Code   RO         1427    i.TIM_SetCounter    stm32f10x_tim.o
    0x20000e96   0x00000002   PAD
    0x20000e98   0x0000003c   Code   RO         1433    i.TIM_TimeBaseInit  stm32f10x_tim.o
    0x20000ed4   0x000000c8   Code   RO          196    i.USART1_Configuration  usart1_configuration.o
    0x20000f9c   0x0000003c   Code   RO          197    i.USART1_IRQHandler  usart1_configuration.o
    0x20000fd8   0x00000002   Code   RO          555    i.USART2_IRQHandler  stm32f10x_it.o
    0x20000fda   0x00000002   Code   RO          556    i.USART3_IRQHandler  stm32f10x_it.o
    0x20000fdc   0x00000006   Code   RO         1894    i.USART_ClearFlag   stm32f10x_usart.o
    0x20000fe2   0x00000018   Code   RO         1898    i.USART_Cmd         stm32f10x_usart.o
    0x20000ffa   0x00000002   PAD
    0x20000ffc   0x0000009c   Code   RO         1900    i.USART_DeInit      stm32f10x_usart.o
    0x20001098   0x00000012   Code   RO         1901    i.USART_GetFlagStatus  stm32f10x_usart.o
    0x200010aa   0x0000004c   Code   RO         1902    i.USART_GetITStatus  stm32f10x_usart.o
    0x200010f6   0x00000040   Code   RO         1904    i.USART_ITConfig    stm32f10x_usart.o
    0x20001136   0x00000002   PAD
    0x20001138   0x0000009c   Code   RO         1905    i.USART_Init        stm32f10x_usart.o
    0x200011d4   0x0000000a   Code   RO         1910    i.USART_ReceiveData  stm32f10x_usart.o
    0x200011de   0x00000008   Code   RO         1913    i.USART_SendData    stm32f10x_usart.o
    0x200011e6   0x00000002   Code   RO          557    i.USBWakeUp_IRQHandler  stm32f10x_it.o
    0x200011e8   0x00000002   Code   RO          558    i.USB_HP_CAN_TX_IRQHandler  stm32f10x_it.o
    0x200011ea   0x00000002   Code   RO          559    i.USB_LP_CAN_RX0_IRQHandler  stm32f10x_it.o
    0x200011ec   0x00000002   Code   RO          561    i.WWDG_IRQHandler   stm32f10x_it.o
    0x200011ee   0x00000002   PAD
    0x200011f0   0x00000020   Code   RO         2298    i.__0printf         mc_w.l(printfa.o)
    0x20001210   0x0000000e   Code   RO         2378    i.__scatterload_copy  mc_w.l(handlers.o)
    0x2000121e   0x00000002   Code   RO         2379    i.__scatterload_null  mc_w.l(handlers.o)
    0x20001220   0x0000000e   Code   RO         2380    i.__scatterload_zeroinit  mc_w.l(handlers.o)
    0x2000122e   0x00000002   PAD
    0x20001230   0x00000184   Code   RO         2305    i._fp_digits        mc_w.l(printfa.o)
    0x200013b4   0x000006dc   Code   RO         2306    i._printf_core      mc_w.l(printfa.o)
    0x20001a90   0x00000024   Code   RO         2307    i._printf_post_padding  mc_w.l(printfa.o)
    0x20001ab4   0x0000002e   Code   RO         2308    i._printf_pre_padding  mc_w.l(printfa.o)
    0x20001ae2   0x00000002   PAD
    0x20001ae4   0x00000040   Code   RO          143    i.delay_init        delay_by_systick.o
    0x20001b24   0x0000003c   Code   RO          144    i.delay_ms          delay_by_systick.o
    0x20001b60   0x0000003c   Code   RO          145    i.delay_us          delay_by_systick.o
    0x20001b9c   0x00000024   Code   RO            3    i.fputc             main.o
    0x20001bc0   0x00000050   Code   RO          170    i.hc_sr04_init      hc_sr04.o
    0x20001c10   0x00000084   Code   RO            4    i.main              main.o
    0x20001c94   0x00000014   Data   RO         1135    .constdata          stm32f10x_rcc.o
    0x20001ca8   0x00000020   Data   RO         2376    Region$$Table       anon$$obj.o


    Execution Region ER_RW (Base: 0x2000c000, Size: 0x00000010, Max: 0xffffffff, ABSOLUTE)

    Base Addr    Size         Type   Attr      Idx    E Section Name        Object

    0x2000c000   0x00000004   Data   RW            5    .data               main.o
    0x2000c004   0x00000004   Data   RW          146    .data               delay_by_systick.o
    0x2000c008   0x00000004   Data   RW          171    .data               hc_sr04.o
    0x2000c00c   0x00000004   Data   RW         2348    .data               mc_w.l(stdout.o)


    Execution Region ER_ZI (Base: 0x2000c010, Size: 0x00000200, Max: 0xffffffff, ABSOLUTE)

    Base Addr    Size         Type   Attr      Idx    E Section Name        Object

    0x2000c010   0x00000200   Zero   RW          230    STACK               stm32f10x.o


==============================================================================

Image component sizes


      Code (inc. data)   RO Data    RW Data    ZI Data      Debug   Object Name

         0          0          0          0          0         32   cortexm3_macro.o
       184         16          0          4          0       1711   delay_by_systick.o
       192         20          0          4          0       1217   hc_sr04.o
       334         42          0          4          0      69355   main.o
        28          4        236          0        512        736   stm32f10x.o
        56         12          0          0          0        929   stm32f10x_flash.o
       284          0          0          0          0       2568   stm32f10x_gpio.o
        68          0          0          0          0      13569   stm32f10x_it.o
       252         38          0          0          0       1937   stm32f10x_nvic.o
       704        106         20          0          0       9900   stm32f10x_rcc.o
        94         10          0          0          0       4467   stm32f10x_tim.o
       518         16          0          0          0       6406   stm32f10x_usart.o
        56          0          0          0          0        490   tim_counter.o
       260         16          0          0          0       1171   usart1_configuration.o

    ----------------------------------------------------------------------
      3044        280        288         12        512     114488   Object Totals
         0          0         32          0          0          0   (incl. Generated)
        14          0          0          0          0          0   (incl. Padding)

    ----------------------------------------------------------------------

      Code (inc. data)   RO Data    RW Data    ZI Data      Debug   Library Member Name

         0          0          0          0          0          0   entry.o
         0          0          0          0          0          0   entry10a.o
         0          0          0          0          0          0   entry11a.o
         8          4          0          0          0          0   entry2.o
         4          0          0          0          0          0   entry5.o
         0          0          0          0          0          0   entry7b.o
         0          0          0          0          0          0   entry8b.o
         8          4          0          0          0          0   entry9a.o
        30          0          0          0          0          0   handlers.o
        36          8          0          0          0         68   init.o
         0          0          0          0          0          0   iusefp.o
        30          0          0          0          0         68   llshl.o
        36          0          0          0          0         68   llsshr.o
        32          0          0          0          0         68   llushr.o
      2258         90          0          0          0        452   printfa.o
         0          0          0          4          0          0   stdout.o
        44          0          0          0          0         80   uidiv.o
        98          0          0          0          0         92   uldiv.o
        48          0          0          0          0         68   cdrcmple.o
       334          0          0          0          0        148   dadd.o
       222          0          0          0          0        100   ddiv.o
       186          0          0          0          0        176   depilogue.o
        48          0          0          0          0         68   dfixul.o
       228          0          0          0          0         96   dmul.o
        38          0          0          0          0         68   f2d.o
       124          0          0          0          0         88   fdiv.o
       110          0          0          0          0        168   fepilogue.o
        10          0          0          0          0         68   ffltui.o
       100          0          0          0          0         76   fmul.o

    ----------------------------------------------------------------------
      4036        106          0          4          0       2020   Library Totals
         4          0          0          0          0          0   (incl. Padding)

    ----------------------------------------------------------------------

      Code (inc. data)   RO Data    RW Data    ZI Data      Debug   Library Name

      2584        106          0          4          0        896   mc_w.l
      1448          0          0          0          0       1124   mf_w.l

    ----------------------------------------------------------------------
      4036        106          0          4          0       2020   Library Totals

    ----------------------------------------------------------------------

==============================================================================


      Code (inc. data)   RO Data    RW Data    ZI Data      Debug   

      7080        386        288         16        512     111616   Grand Totals
      7080        386        288         16        512     111616   ELF Image Totals
      7080        386        288         16          0          0   ROM Totals

==============================================================================

    Total RO  Size (Code + RO Data)                 7368 (   7.20kB)
    Total RW  Size (RW Data + ZI Data)               528 (   0.52kB)
    Total ROM Size (Code + RO Data + RW Data)       7384 (   7.21kB)

==============================================================================

